05-21 01:34:46.667  2090  6219 I MotoStaCheckin: onWifiUsabilityStats, Duration: 2074141596, Rx Good: 2 ( PPS: 0 ), Tx Good: 5, Tx Bad: 0 ( 0 % ), Tx Retry: 1 ( 16 % ), NSS: 2, Bandwidth: 2
05-21 01:34:46.686 20894 20894 W dumpsys : Thread Pool max thread count is 0. Cannot cache binder as linkToDeath cannot be implemented. serviceName: activity
05-21 01:34:46.713  2090  3176 W UriGrantsManagerService: No permission grants found for com.google.android.apps.photos
05-21 01:34:46.714  2090  3176 W UriGrantsManagerService: No permission grants found for com.google.android.apps.photos
05-21 01:34:46.727 20899 20899 W dumpsys : Thread Pool max thread count is 0. Cannot cache binder as linkToDeath cannot be implemented. serviceName: activity
05-21 01:34:46.774 20902 20902 W dumpsys : Thread Pool max thread count is 0. Cannot cache binder as linkToDeath cannot be implemented. serviceName: activity
05-21 01:34:46.782  8433 27606 I PSyncWorker: Starting proactive picker sync from sync source: 1
05-21 01:34:46.783  8433 27606 I PickerSyncTracker: Created new sync future java.util.concurrent.CompletableFuture@b5f5a57[Not completed, 1 dependents]. Future map: {6297e1df-ac22-4ea6-9c25-1dce32da95fb=java.util.concurrent.CompletableFuture@b5f5a57[Not completed, 1 dependents]}
05-21 01:34:46.786  8433 27606 I PickerSyncController: Executing SyncAdd. isLocal: true. authority: com.android.providers.media.photopicker
05-21 01:34:46.791  8433 27606 I PickerSyncController: Paged sync successful. QueryArgs: Bundle[{android.provider.extra.SYNC_GENERATION=4802, android.provider.extra.PAGE_SIZE=1000}] Total Rows: 0
05-21 01:34:46.791  8433 27606 I PickerSyncController: Executing SyncRemove. isLocal: true. authority: com.android.providers.media.photopicker
05-21 01:34:46.793  8433 27606 E PickerDbFacade: Could not get first date taken millis for media id: 1000000545
05-21 01:34:46.793  8433 27606 W PickerDbFacade: Unable to promote cloud media with localId: 1000000545
05-21 01:34:46.793  8433 27606 W PickerDbFacade: Unable to promote cloud media with localId: 1000000546
05-21 01:34:46.796  8433 27606 I PickerSyncController: Paged sync successful. QueryArgs: Bundle[{android.provider.extra.SYNC_GENERATION=4802, android.provider.extra.PAGE_SIZE=1000}] Total Rows: 0
05-21 01:34:46.797  8433 27606 I PickerSyncTracker: Marked sync future complete for work id: 6297e1df-ac22-4ea6-9c25-1dce32da95fb. Future map: {}
05-21 01:34:46.797  8433 27606 I PSyncWorker: Completed picker proactive sync complete from local provider.
05-21 01:34:46.798  8433  9122 I WM-WorkerWrapper: Worker result SUCCESS for Work [ id=6297e1df-ac22-4ea6-9c25-1dce32da95fb, tags={ com.android.providers.media.photopicker.sync.ProactiveSyncWorker } ]
05-21 01:34:46.823 20905 20905 W dumpsys : Thread Pool max thread count is 0. Cannot cache binder as linkToDeath cannot be implemented. serviceName: activity
05-21 01:34:46.975 20908 20908 W screencap: Thread Pool max thread count is 0. Cannot cache binder as linkToDeath cannot be implemented. serviceName: SurfaceFlingerAIDL
05-21 01:34:46.976 20908 20908 W BpBinder: Linking to death on android.gui.ISurfaceComposer but there are no threads (yet?) listening to incoming transactions. See ProcessState::startThreadPool and ProcessState::setThreadPoolMaxThreadCount. Generally you should setup the binder threadpool before other initialization steps.
05-21 01:34:46.976 20908 20908 W ProcessState: Extra binder thread started, but 0 threads requested. Do not use *startThreadPool when zero threads are requested.
05-21 01:34:46.979  1841  3565 E HWComposer: getLuts: getLuts failed for display 4630946747577212034: UNSUPPORTED (8)
05-21 01:34:47.017  8433  9225 W MediaProvider: isAppCloneUserPair for user 0: false
05-21 01:34:47.268 13141 17922 I NearbyMediums: No BLE Fast/GATT advertisements found in the latest cycle.
05-21 01:34:47.268 13141 17922 I NearbyMediums: Current Tracked Scanning Clients are : {NearbyConnections.EnvironmentMonitor, NearbySharing, NearbyConnections.TxAdvertisement}
05-21 01:34:47.316  2090  3176 I ActivityManager: Broadcasting: Intent { act=android.intent.action.MEDIA_SCANNER_SCAN_FILE dat=file:///... flg=0x400000 }
05-21 01:34:47.318  2090  3176 I ActivityManager: Enqueued broadcast Intent { act=android.intent.action.MEDIA_SCANNER_SCAN_FILE dat=file:///... flg=0x400000 }: 0
05-21 01:34:47.320  2090 10000 W JobInfo : Job 'com.google.android.providers.media.module/com.android.providers.media.MediaService#-300' has a deadline with no functional constraints. The deadline won't improve job execution latency. Consider removing the deadline.
05-21 01:34:47.328  2090  2695 I ActivityManager: Broadcast completed: result=0
05-21 01:34:47.331  8433  9826 I MediaProvider: Begin Intent { act=android.intent.action.MEDIA_SCANNER_SCAN_FILE dat=file:///... flg=0x1400010 cmp=com.google.android.providers.media.module/com.android.providers.media.MediaService }
05-21 01:34:47.342  8433  9826 I MediaProvider: End Intent { act=android.intent.action.MEDIA_SCANNER_SCAN_FILE dat=file:///... flg=0x1400010 cmp=com.google.android.providers.media.module/com.android.providers.media.MediaService }
05-21 01:34:47.407  8433 20643 I MediaProvider: Deleted 0 1 0 0 0 0 0 items on external_primary due to com.android.shell
05-21 01:34:47.410 13141 13177 I UriTaskContentObserver: (REDACTED) Throttling content uri change event for %s
05-21 01:34:47.461 20920 20920 W dumpsys : Thread Pool max thread count is 0. Cannot cache binder as linkToDeath cannot be implemented. serviceName: display
05-21 01:34:47.655 20929 20929 W dumpsys : Thread Pool max thread count is 0. Cannot cache binder as linkToDeath cannot be implemented. serviceName: input
05-21 01:34:47.750 20934 20934 W dumpsys : Thread Pool max thread count is 0. Cannot cache binder as linkToDeath cannot be implemented. serviceName: display
05-21 01:34:47.938 20942 20942 W dumpsys : Thread Pool max thread count is 0. Cannot cache binder as linkToDeath cannot be implemented. serviceName: input
05-21 01:34:48.014 20947 20947 W dumpsys : Thread Pool max thread count is 0. Cannot cache binder as linkToDeath cannot be implemented. serviceName: display
05-21 01:34:48.199 20955 20955 W dumpsys : Thread Pool max thread count is 0. Cannot cache binder as linkToDeath cannot be implemented. serviceName: input
05-21 01:34:48.241  2090  3176 I ActivityManager: Killing 15796:com.google.android.setupwizard/u0a303 (adj 920, setSvc -10000): empty #31
05-21 01:34:48.280 20960 20960 W dumpsys : Thread Pool max thread count is 0. Cannot cache binder as linkToDeath cannot be implemented. serviceName: display
05-21 01:34:48.282  2090  2718 I libprocessgroup: Removed cgroup /sys/fs/cgroup/apps/uid_10303/pid_15796
05-21 01:34:48.282  2090 10000 I ActivityManager: appDiedLocked: app=ProcessRecord{ac6c685 15796:com.google.android.setupwizard/u0a303} thread=android.os.BinderProxy@a05ba8b fromBinderDied=true isKilledByAm=true reason=null
05-21 01:34:48.283  2090  2718 W libprocessgroup: RemoveCgroup: /dev/memcg/apps/uid_10303/pid_15796 does not exist.
05-21 01:34:48.284  1539  1539 I Zygote  : Process 15796 exited due to signal 9 (Killed)
05-21 01:34:48.455 20969 20969 W dumpsys : Thread Pool max thread count is 0. Cannot cache binder as linkToDeath cannot be implemented. serviceName: input
05-21 01:34:48.506 13997 14106 E msys    : E[N WA]_WAJMNSStreamImplOnMNSFailure(287)=>[LogLevel:I] WAJMNSStream/impl/callback/onMNSFailure/p=0xb40000755c3692f0 (error=MNSTCPSocketReceive(): Software caused connection abort)
05-21 01:34:48.506 13997 14106 E msys    : E[N WA]_WAJMNSStreamImplCreateConnectionReport(194)=>[LogLevel:I] WAJMNSStream/impl/report port=5222, connectedIPVersion=4, resolvedIPAddressCount=1, dnsResolutionStartTimeMS=143814761, dnsResolutionEndTimeMS=143814762, dnsCacheHit=Yes, connectStartTimeMS=143814762, connectEndTimeMS=143814786, proxyConnectStartTimeMS=0, proxyConnectEndTimeMS=0
05-21 01:34:48.506 13997 14106 E msys    : E[N WA]_WAJMNSStreamImplUpdateStreamState(230)=>[LogLevel:I] WAJMNSStream/impl/state-changed/p=0xb40000755c3692f0 (connected=>disconnected)
05-21 01:34:48.509 13997 14086 E msys    : E[N WA]WAJMNSStreamImplForceDisconnectSync(514)=>[LogLevel:W] WAJMNSStream/impl/disconnect/force/p=0xb40000755c3692f0 (bytesSent=663)(bytesRecv=1748)
05-21 01:34:48.606  1841  1841 I RefreshRateSelector: Display 4630946747577212034 policy changed
05-21 01:34:48.606  1841  1841 I RefreshRateSelector: Previous: {defaultModeId=0, allowGroupSwitching=false, primaryRanges={physical=[60.00 Hz, 120.00 Hz], render=[60.00 Hz, 60.00 Hz]}, appRequestRanges={physical=[0.00 Hz, 120.00 Hz], render=[0.00 Hz, 120.00 Hz]} idleScreenConfig=nullptr}
05-21 01:34:48.606  1841  1841 I RefreshRateSelector: Current:  DisplayManagerPolicy{defaultModeId=0, allowGroupSwitching=false, primaryRanges={physical=[60.00 Hz, 120.00 Hz], render=[60.00 Hz, 120.00 Hz]}, appRequestRanges={physical=[0.00 Hz, 120.00 Hz], render=[0.00 Hz, 120.00 Hz]} idleScreenConfig=nullptr}
05-21 01:34:48.606  1841  1841 I RefreshRateSelector: 2 mode changes were performed under the previous policy
05-21 01:34:48.606  1841  1841 I Scheduler: onDisplayModeChanged: [2 60 0x0]
05-21 01:34:48.606  1841  1841 I Scheduler: getPreferredDisplayMode: UpdateRefreshRate 60 to 90 of group 0: [touch=1 scroll=0 idle=1 prr=0 brightnessDiming=0] for display 4630946747577212034
05-21 01:34:48.606  1841  1841 I SurfaceFlinger: Switching to Scheduler preferred mode 1 (90.00 Hz) for display 4630946747577212034
05-21 01:34:48.610  1841  1841 I SurfaceFlinger: initiateDisplayModeChanges changing active mode from 2(60.00 Hz:0) to 1(90.00 Hz:0) for display 4630946747577212034
05-21 01:34:48.611  1841  1841 I SurfaceFlinger: initiateDisplayModeChanges active mode changed to 1(90.00 Hz) for display 4630946747577212034. mBrightnessDimingCnt=0
05-21 01:34:48.611  1755  2013 W SDM     : HWDeviceDRM::GetSupportedBitClkRate: Requested rate not supported: 0
05-21 01:34:48.611  1755  2013 I SDM     : HWDeviceDRM::UpdateMixerAttributes: Mixer WxH 1080x2400-0 for Peripheral
05-21 01:34:48.612  1755  2013 I SDM     : HWCDisplay::SubmitDisplayConfig: Active configuration changed from config 2 to 1
05-21 01:34:48.613  1755  2957 E Dpps    : DppsServer::RunPollIteration():475 Poll iteration failed with ret -95
05-21 01:34:48.613  1755  2957 E Dpps    : DppsServer::Run():290 Poll iteration failed, ret -95
05-21 01:34:48.641  1841  1841 I Scheduler: onDisplayModeChanged: [1 90 0x0]
05-21 01:34:48.642  2090  2699 I DisplayDeviceRepository: Display device changed render timings: "Pantalla integrada", renderFrameRate=90.0, presentationDeadlineNanos=11500000, appVsyncOffsetNanos=9166667, frameRateOverrides=[]
05-21 01:34:48.642  1841  1841 I SurfaceFlinger: initiateDisplayModeChanges changing active mode from 1(90.00 Hz:0) to 1(90.00 Hz:0) for display 4630946747577212034
05-21 01:34:48.649  8730  8730 I MotoDesktopLog: [ R4DisplayService ] - getFoldType, mFoldType0
05-21 01:34:48.650  8730  8730 I MotoDesktopLog: [ FS_ScreenSizeManager ] - [Display] Changed display: 0
05-21 01:34:48.650  8730  8730 I MotoDesktopLog: [ FS_ScreenSizeManager ] - [Display] Current activity display id: null
05-21 01:34:48.650  8730  8730 I MotoDesktopLog: [ FS_ScreenSizeManager ] - [Logic] Retrieved display info: LogicDisplayInfo(width=1080, height=2400, orientation=1, rotation=0, displayId=0)
05-21 01:34:48.650  8730  8730 I MotoDesktopLog: [ FS_ScreenSizeManager ] - [Display] New logical size: 1080x2400
05-21 01:34:48.650  8730  8730 I MotoDesktopLog: [ FS_ScreenSizeManager ] - [Display] Screen width unchanged: 1080
05-21 01:34:48.852  8433 28006 I PSyncWorker: Starting proactive picker sync from sync source: 1
05-21 01:34:48.852  8433 28006 I PickerSyncTracker: Created new sync future java.util.concurrent.CompletableFuture@491c1e5[Not completed, 1 dependents]. Future map: {b8a0dd48-fcac-42cb-9eee-8cff2776a2a4=java.util.concurrent.CompletableFuture@491c1e5[Not completed, 1 dependents]}
05-21 01:34:48.854  8433 28006 I PickerSyncController: Executing SyncAdd. isLocal: true. authority: com.android.providers.media.photopicker
05-21 01:34:48.857  8433 28006 I PickerSyncController: Paged sync successful. QueryArgs: Bundle[{android.provider.extra.SYNC_GENERATION=4823, android.provider.extra.PAGE_SIZE=1000}] Total Rows: 0
05-21 01:34:48.857  8433 28006 I PickerSyncController: Executing SyncRemove. isLocal: true. authority: com.android.providers.media.photopicker
05-21 01:34:48.858  8433 28006 E PickerDbFacade: Could not get first date taken millis for media id: 1000000547
05-21 01:34:48.858  8433 28006 W PickerDbFacade: Unable to promote cloud media with localId: 1000000547
05-21 01:34:48.860  8433 28006 I PickerSyncController: Paged sync successful. QueryArgs: Bundle[{android.provider.extra.SYNC_GENERATION=4823, android.provider.extra.PAGE_SIZE=1000}] Total Rows: 0
05-21 01:34:48.860  8433 28006 I PickerSyncTracker: Marked sync future complete for work id: b8a0dd48-fcac-42cb-9eee-8cff2776a2a4. Future map: {}
05-21 01:34:48.860  8433 28006 I PSyncWorker: Completed picker proactive sync complete from local provider.
05-21 01:34:48.862  8433  9153 I WM-WorkerWrapper: Worker result SUCCESS for Work [ id=b8a0dd48-fcac-42cb-9eee-8cff2776a2a4, tags={ com.android.providers.media.photopicker.sync.ProactiveSyncWorker } ]
05-21 01:34:48.965 18186 18186 W AccessibilityDelegate: Drawing order is not available, was AccessibilityNodeInfo requested for a child node before its parent?
05-21 01:34:49.696  2090  6219 I MotoStaCheckin: onWifiUsabilityStats, seqNum: 1875, isSameBssidAndFreq: true, RSSI: -40, isThroughputSufficient: true, LinkSpeed: 866 Mbps, RxLinkSpeed: 866 Mbps
05-21 01:34:49.696  2090  6219 I MotoStaCheckin: onWifiUsabilityStats, Duration: 2074144624, Rx Good: 1 ( PPS: 0 ), Tx Good: 3, Tx Bad: 0 ( 0 % ), Tx Retry: 0 ( 0 % ), NSS: 2, Bandwidth: 2
05-21 01:34:49.798  1841  2024 I Scheduler: applyPolicy: UpdateRefreshRate 90 to 60 of group 0: [touch=0:0 touchBoost=0 scroll=0:0 idle=1:1 prr=0:0 brightnessDiming=0:0 qvrr=0:0] for display 4630946747577212034
05-21 01:34:49.809  1841  1841 I SurfaceFlinger: initiateDisplayModeChanges changing active mode from 1(90.00 Hz:0) to 2(60.00 Hz:0) for display 4630946747577212034
05-21 01:34:49.809  1841  1841 I SurfaceFlinger: initiateDisplayModeChanges active mode changed to 2(60.00 Hz) for display 4630946747577212034. mBrightnessDimingCnt=0
05-21 01:34:49.810  1755  2013 W SDM     : HWDeviceDRM::GetSupportedBitClkRate: Requested rate not supported: 0
05-21 01:34:49.811  1755  2013 I SDM     : HWDeviceDRM::UpdateMixerAttributes: Mixer WxH 1080x2400-0 for Peripheral
05-21 01:34:49.811  1755  2013 I SDM     : HWCDisplay::SubmitDisplayConfig: Active configuration changed from config 1 to 2
05-21 01:34:49.812  1755  2957 E Dpps    : DppsServer::RunPollIteration():475 Poll iteration failed with ret -95
05-21 01:34:49.812  1755  2957 E Dpps    : DppsServer::Run():290 Poll iteration failed, ret -95
05-21 01:34:49.847 21070 21070 W dumpsys : Thread Pool max thread count is 0. Cannot cache binder as linkToDeath cannot be implemented. serviceName: activity
05-21 01:34:49.860  1841  1841 I SurfaceFlinger: initiateDisplayModeChanges changing active mode from 2(60.00 Hz:0) to 2(60.00 Hz:0) for display 4630946747577212034
05-21 01:34:49.909 21074 21074 W dumpsys : Thread Pool max thread count is 0. Cannot cache binder as linkToDeath cannot be implemented. serviceName: activity
05-21 01:34:49.968 21077 21077 W dumpsys : Thread Pool max thread count is 0. Cannot cache binder as linkToDeath cannot be implemented. serviceName: activity
05-21 01:34:50.029 21080 21080 W dumpsys : Thread Pool max thread count is 0. Cannot cache binder as linkToDeath cannot be implemented. serviceName: activity
05-21 01:34:50.186 21083 21083 W screencap: Thread Pool max thread count is 0. Cannot cache binder as linkToDeath cannot be implemented. serviceName: SurfaceFlingerAIDL
05-21 01:34:50.186 21083 21083 W BpBinder: Linking to death on android.gui.ISurfaceComposer but there are no threads (yet?) listening to incoming transactions. See ProcessState::startThreadPool and ProcessState::setThreadPoolMaxThreadCount. Generally you should setup the binder threadpool before other initialization steps.
05-21 01:34:50.186 21083 21083 W ProcessState: Extra binder thread started, but 0 threads requested. Do not use *startThreadPool when zero threads are requested.
05-21 01:34:50.189  1841  3565 E HWComposer: getLuts: getLuts failed for display 4630946747577212034: UNSUPPORTED (8)
05-21 01:34:50.226  8433 20642 W MediaProvider: isAppCloneUserPair for user 0: false
05-21 01:34:50.314  1841  1841 I RefreshRateSelector: Display 4630946747577212034 policy changed
05-21 01:34:50.314  1841  1841 I RefreshRateSelector: Previous: {defaultModeId=0, allowGroupSwitching=false, primaryRanges={physical=[60.00 Hz, 120.00 Hz], render=[60.00 Hz, 120.00 Hz]}, appRequestRanges={physical=[0.00 Hz, 120.00 Hz], render=[0.00 Hz, 120.00 Hz]} idleScreenConfig=nullptr}
05-21 01:34:50.314  1841  1841 I RefreshRateSelector: Current:  DisplayManagerPolicy{defaultModeId=0, allowGroupSwitching=false, primaryRanges={physical=[60.00 Hz, 120.00 Hz], render=[60.00 Hz, 60.00 Hz]}, appRequestRanges={physical=[0.00 Hz, 120.00 Hz], render=[0.00 Hz, 120.00 Hz]} idleScreenConfig=nullptr}
05-21 01:34:50.314  1841  1841 I RefreshRateSelector: 2 mode changes were performed under the previous policy
05-21 01:34:50.314  1841  1841 I Scheduler: onDisplayModeChanged: [2 60 0x0]
05-21 01:34:50.315  1841  1841 I Scheduler: getPreferredDisplayMode: UpdateRefreshRate 60 to 60 of group 0: [touch=0 scroll=0 idle=1 prr=0 brightnessDiming=0] for display 4630946747577212034
05-21 01:34:50.315  1841  1841 I SurfaceFlinger: Switching to Scheduler preferred mode 2 (60.00 Hz) for display 4630946747577212034
05-21 01:34:50.317  2090  2699 I DisplayDeviceRepository: Display device changed render timings: "Pantalla integrada", renderFrameRate=60.000004, presentationDeadlineNanos=11500000, appVsyncOffsetNanos=9166666, frameRateOverrides=[]
05-21 01:34:50.322  8730  8730 I MotoDesktopLog: [ R4DisplayService ] - getFoldType, mFoldType0
05-21 01:34:50.325  8730  8730 I MotoDesktopLog: [ FS_ScreenSizeManager ] - [Display] Changed display: 0
05-21 01:34:50.325  8730  8730 I MotoDesktopLog: [ FS_ScreenSizeManager ] - [Display] Current activity display id: null
05-21 01:34:50.325  8730  8730 I MotoDesktopLog: [ FS_ScreenSizeManager ] - [Logic] Retrieved display info: LogicDisplayInfo(width=1080, height=2400, orientation=1, rotation=0, displayId=0)
05-21 01:34:50.325  8730  8730 I MotoDesktopLog: [ FS_ScreenSizeManager ] - [Display] New logical size: 1080x2400
05-21 01:34:50.325  8730  8730 I MotoDesktopLog: [ FS_ScreenSizeManager ] - [Display] Screen width unchanged: 1080
05-21 01:34:50.410  4740 25002 I QImsService: VtDataUsageProvider : onSetAlert:2097152
05-21 01:34:50.410  4740  4740 I QImsService: ImsServiceClassTracker : updateAlertQuota:newQuota=2097152,Remaining=2097152
05-21 01:34:50.771  2090  3176 I ActivityManager: Broadcasting: Intent { act=android.intent.action.MEDIA_SCANNER_SCAN_FILE dat=file:///... flg=0x400000 }
05-21 01:34:50.771  2090  3176 I ActivityManager: Enqueued broadcast Intent { act=android.intent.action.MEDIA_SCANNER_SCAN_FILE dat=file:///... flg=0x400000 }: 0
05-21 01:34:50.776  2090  9443 W JobInfo : Job 'com.google.android.providers.media.module/com.android.providers.media.MediaService#-300' has a deadline with no functional constraints. The deadline won't improve job execution latency. Consider removing the deadline.
05-21 01:34:50.787  2090  2695 I ActivityManager: Broadcast completed: result=0
05-21 01:34:50.790  8433  9826 I MediaProvider: Begin Intent { act=android.intent.action.MEDIA_SCANNER_SCAN_FILE dat=file:///... flg=0x1400010 cmp=com.google.android.providers.media.module/com.android.providers.media.MediaService }
05-21 01:34:50.808  8433  9826 I MediaProvider: End Intent { act=android.intent.action.MEDIA_SCANNER_SCAN_FILE dat=file:///... flg=0x1400010 cmp=com.google.android.providers.media.module/com.android.providers.media.MediaService }
05-21 01:34:50.900  8433  9225 I MediaProvider: Deleted 0 1 0 0 0 0 0 items on external_primary due to com.android.shell
05-21 01:34:50.903 13141 13177 I UriTaskContentObserver: (REDACTED) Throttling content uri change event for %s
05-21 01:34:50.943 21096 21096 W dumpsys : Thread Pool max thread count is 0. Cannot cache binder as linkToDeath cannot be implemented. serviceName: display
05-21 01:34:51.118 21104 21104 W dumpsys : Thread Pool max thread count is 0. Cannot cache binder as linkToDeath cannot be implemented. serviceName: input
05-21 01:34:51.223 21109 21109 W dumpsys : Thread Pool max thread count is 0. Cannot cache binder as linkToDeath cannot be implemented. serviceName: activity
05-21 01:34:51.229 13141 18593 I NetworkScheduler.Stats: (REDACTED) Task %s/%s started execution. cause:%s exec_start_elapsed_seconds: %s
05-21 01:34:51.237 13141 17931 I NetworkScheduler.Stats: (REDACTED) Task %s/%s finished executing. cause:%s result: %s elapsed_millis: %s uptime_millis: %s exec_start_elapsed_seconds: %s
05-21 01:34:51.274 21112 21112 W dumpsys : Thread Pool max thread count is 0. Cannot cache binder as linkToDeath cannot be implemented. serviceName: activity
05-21 01:34:51.334 21115 21115 W dumpsys : Thread Pool max thread count is 0. Cannot cache binder as linkToDeath cannot be implemented. serviceName: activity
05-21 01:34:51.391 21118 21118 W dumpsys : Thread Pool max thread count is 0. Cannot cache binder as linkToDeath cannot be implemented. serviceName: activity
05-21 01:34:51.545 21121 21121 W screencap: Thread Pool max thread count is 0. Cannot cache binder as linkToDeath cannot be implemented. serviceName: SurfaceFlingerAIDL
05-21 01:34:51.545 21121 21121 W BpBinder: Linking to death on android.gui.ISurfaceComposer but there are no threads (yet?) listening to incoming transactions. See ProcessState::startThreadPool and ProcessState::setThreadPoolMaxThreadCount. Generally you should setup the binder threadpool before other initialization steps.
05-21 01:34:51.545 21121 21121 W ProcessState: Extra binder thread started, but 0 threads requested. Do not use *startThreadPool when zero threads are requested.
05-21 01:34:51.547  1841  3565 E HWComposer: getLuts: getLuts failed for display 4630946747577212034: UNSUPPORTED (8)
05-21 01:34:51.583  8433 20643 W MediaProvider: isAppCloneUserPair for user 0: false
05-21 01:34:52.129  2090  9443 I ActivityManager: Broadcasting: Intent { act=android.intent.action.MEDIA_SCANNER_SCAN_FILE dat=file:///... flg=0x400000 }
05-21 01:34:52.131  2090  9443 I ActivityManager: Enqueued broadcast Intent { act=android.intent.action.MEDIA_SCANNER_SCAN_FILE dat=file:///... flg=0x400000 }: 0
05-21 01:34:52.136  2090 10000 W JobInfo : Job 'com.google.android.providers.media.module/com.android.providers.media.MediaService#-300' has a deadline with no functional constraints. The deadline won't improve job execution latency. Consider removing the deadline.
05-21 01:34:52.146  2090  2695 I ActivityManager: Broadcast completed: result=0
05-21 01:34:52.149  8433  9826 I MediaProvider: Begin Intent { act=android.intent.action.MEDIA_SCANNER_SCAN_FILE dat=file:///... flg=0x1400010 cmp=com.google.android.providers.media.module/com.android.providers.media.MediaService }
05-21 01:34:52.159  8433  9826 I MediaProvider: End Intent { act=android.intent.action.MEDIA_SCANNER_SCAN_FILE dat=file:///... flg=0x1400010 cmp=com.google.android.providers.media.module/com.android.providers.media.MediaService }
05-21 01:34:52.261  8433 20642 I MediaProvider: Deleted 0 1 0 0 0 0 0 items on external_primary due to com.android.shell
05-21 01:34:52.310 21134 21134 W dumpsys : Thread Pool max thread count is 0. Cannot cache binder as linkToDeath cannot be implemented. serviceName: display
05-21 01:34:52.327  8433 29821 I PSyncWorker: Starting proactive picker sync from sync source: 1
05-21 01:34:52.328  8433 29821 I PickerSyncTracker: Created new sync future java.util.concurrent.CompletableFuture@94fee55[Not completed, 1 dependents]. Future map: {685478c6-2a31-41a5-aa9b-f1b8a8b34eb3=java.util.concurrent.CompletableFuture@94fee55[Not completed, 1 dependents]}
05-21 01:34:52.329  8433 29821 I PickerSyncController: Executing SyncAdd. isLocal: true. authority: com.android.providers.media.photopicker
05-21 01:34:52.334  8433 29821 I PickerSyncController: Paged sync successful. QueryArgs: Bundle[{android.provider.extra.SYNC_GENERATION=4835, android.provider.extra.PAGE_SIZE=1000}] Total Rows: 0
05-21 01:34:52.334  8433 29821 I PickerSyncController: Executing SyncRemove. isLocal: true. authority: com.android.providers.media.photopicker
05-21 01:34:52.335  8433 29821 E PickerDbFacade: Could not get first date taken millis for media id: 1000000548
05-21 01:34:52.335  8433 29821 W PickerDbFacade: Unable to promote cloud media with localId: 1000000548
05-21 01:34:52.336  8433 29821 W PickerDbFacade: Unable to promote cloud media with localId: 1000000549
05-21 01:34:52.339  8433 29821 I PickerSyncController: Paged sync successful. QueryArgs: Bundle[{android.provider.extra.SYNC_GENERATION=4835, android.provider.extra.PAGE_SIZE=1000}] Total Rows: 0
05-21 01:34:52.339  8433 29821 I PickerSyncTracker: Marked sync future complete for work id: 685478c6-2a31-41a5-aa9b-f1b8a8b34eb3. Future map: {}
05-21 01:34:52.339  8433 29821 I PSyncWorker: Completed picker proactive sync complete from local provider.
05-21 01:34:52.341  8433  9153 I WM-WorkerWrapper: Worker result SUCCESS for Work [ id=685478c6-2a31-41a5-aa9b-f1b8a8b34eb3, tags={ com.android.providers.media.photopicker.sync.ProactiveSyncWorker } ]
05-21 01:34:52.513 21142 21142 W dumpsys : Thread Pool max thread count is 0. Cannot cache binder as linkToDeath cannot be implemented. serviceName: input
05-21 01:34:52.622 21147 21147 W dumpsys : Thread Pool max thread count is 0. Cannot cache binder as linkToDeath cannot be implemented. serviceName: activity
05-21 01:34:52.679 21150 21150 W dumpsys : Thread Pool max thread count is 0. Cannot cache binder as linkToDeath cannot be implemented. serviceName: activity
05-21 01:34:52.711  2090  6219 I MotoStaCheckin: onWifiUsabilityStats, seqNum: 1876, isSameBssidAndFreq: true, RSSI: -43, isThroughputSufficient: true, LinkSpeed: 866 Mbps, RxLinkSpeed: 866 Mbps
05-21 01:34:52.712  2090  6219 I MotoStaCheckin: onWifiUsabilityStats, Duration: 2074147640, Rx Good: 0 ( PPS: 0 ), Tx Good: 0, Tx Bad: 0 ( 0 % ), Tx Retry: 0 ( 0 % ), NSS: 2, Bandwidth: 2
05-21 01:34:52.728 21156 21156 W dumpsys : Thread Pool max thread count is 0. Cannot cache binder as linkToDeath cannot be implemented. serviceName: activity
05-21 01:34:52.782 21160 21160 W dumpsys : Thread Pool max thread count is 0. Cannot cache binder as linkToDeath cannot be implemented. serviceName: activity
05-21 01:34:52.940 21166 21166 W screencap: Thread Pool max thread count is 0. Cannot cache binder as linkToDeath cannot be implemented. serviceName: SurfaceFlingerAIDL
05-21 01:34:52.941 21166 21166 W BpBinder: Linking to death on android.gui.ISurfaceComposer but there are no threads (yet?) listening to incoming transactions. See ProcessState::startThreadPool and ProcessState::setThreadPoolMaxThreadCount. Generally you should setup the binder threadpool before other initialization steps.
05-21 01:34:52.941 21166 21166 W ProcessState: Extra binder thread started, but 0 threads requested. Do not use *startThreadPool when zero threads are requested.
05-21 01:34:52.943  1841  3565 E HWComposer: getLuts: getLuts failed for display 4630946747577212034: UNSUPPORTED (8)
05-21 01:34:52.969  8433  9884 W MediaProvider: isAppCloneUserPair for user 0: false
05-21 01:34:53.509  2090  9443 I ActivityManager: Broadcasting: Intent { act=android.intent.action.MEDIA_SCANNER_SCAN_FILE dat=file:///... flg=0x400000 }
05-21 01:34:53.510  2090  9443 I ActivityManager: Enqueued broadcast Intent { act=android.intent.action.MEDIA_SCANNER_SCAN_FILE dat=file:///... flg=0x400000 }: 0
05-21 01:34:53.513  2090  3176 W JobInfo : Job 'com.google.android.providers.media.module/com.android.providers.media.MediaService#-300' has a deadline with no functional constraints. The deadline won't improve job execution latency. Consider removing the deadline.
05-21 01:34:53.527  2090  2695 I ActivityManager: Broadcast completed: result=0
05-21 01:34:53.530  8433  9826 I MediaProvider: Begin Intent { act=android.intent.action.MEDIA_SCANNER_SCAN_FILE dat=file:///... flg=0x1400010 cmp=com.google.android.providers.media.module/com.android.providers.media.MediaService }
05-21 01:34:53.543  8433  9826 I MediaProvider: End Intent { act=android.intent.action.MEDIA_SCANNER_SCAN_FILE dat=file:///... flg=0x1400010 cmp=com.google.android.providers.media.module/com.android.providers.media.MediaService }
05-21 01:34:53.618  8433  9225 I MediaProvider: Deleted 0 1 0 0 0 0 0 items on external_primary due to com.android.shell
05-21 01:34:53.620 13141 13177 I UriTaskContentObserver: (REDACTED) Throttling content uri change event for %s
05-21 01:34:53.657 21176 21176 W dumpsys : Thread Pool max thread count is 0. Cannot cache binder as linkToDeath cannot be implemented. serviceName: display
05-21 01:34:53.822 21184 21184 W dumpsys : Thread Pool max thread count is 0. Cannot cache binder as linkToDeath cannot be implemented. serviceName: input
05-21 01:34:53.909 21191 21191 W dumpsys : Thread Pool max thread count is 0. Cannot cache binder as linkToDeath cannot be implemented. serviceName: display
05-21 01:34:54.102 21199 21199 W dumpsys : Thread Pool max thread count is 0. Cannot cache binder as linkToDeath cannot be implemented. serviceName: input
05-21 01:34:54.206 21204 21204 W dumpsys : Thread Pool max thread count is 0. Cannot cache binder as linkToDeath cannot be implemented. serviceName: display
05-21 01:34:54.382 21212 21212 W dumpsys : Thread Pool max thread count is 0. Cannot cache binder as linkToDeath cannot be implemented. serviceName: input
05-21 01:34:54.486 21217 21217 W dumpsys : Thread Pool max thread count is 0. Cannot cache binder as linkToDeath cannot be implemented. serviceName: display
05-21 01:34:54.668 21225 21225 W dumpsys : Thread Pool max thread count is 0. Cannot cache binder as linkToDeath cannot be implemented. serviceName: input
05-21 01:34:54.686  2090 10000 I system_server: AssetManager2(0xb40000764c3822d8) locale list changing from [] to [es-US]
05-21 01:34:54.764  2090  2161 I system_server: Background concurrent mark compact GC freed 91MB AllocSpace bytes, 245(4848KB) LOS objects, 60% free, 61MB/157MB, paused 1.135ms,4.915ms total 245.031ms
05-21 01:34:54.842  1841  1841 I RefreshRateSelector: Display 4630946747577212034 policy changed
05-21 01:34:54.842  1841  1841 I RefreshRateSelector: Previous: {defaultModeId=0, allowGroupSwitching=false, primaryRanges={physical=[60.00 Hz, 120.00 Hz], render=[60.00 Hz, 60.00 Hz]}, appRequestRanges={physical=[0.00 Hz, 120.00 Hz], render=[0.00 Hz, 120.00 Hz]} idleScreenConfig=nullptr}
05-21 01:34:54.842  1841  1841 I RefreshRateSelector: Current:  DisplayManagerPolicy{defaultModeId=0, allowGroupSwitching=false, primaryRanges={physical=[60.00 Hz, 120.00 Hz], render=[60.00 Hz, 120.00 Hz]}, appRequestRanges={physical=[0.00 Hz, 120.00 Hz], render=[0.00 Hz, 120.00 Hz]} idleScreenConfig=nullptr}
05-21 01:34:54.842  1841  1841 I RefreshRateSelector: 0 mode changes were performed under the previous policy
05-21 01:34:54.842  1841  1841 I Scheduler: onDisplayModeChanged: [2 60 0x0]
05-21 01:34:54.842  1841  1841 I Scheduler: getPreferredDisplayMode: UpdateRefreshRate 60 to 90 of group 0: [touch=1 scroll=0 idle=1 prr=0 brightnessDiming=0] for display 4630946747577212034
05-21 01:34:54.842  1841  1841 I SurfaceFlinger: Switching to Scheduler preferred mode 1 (90.00 Hz) for display 4630946747577212034
05-21 01:34:54.855  1841  1841 I SurfaceFlinger: initiateDisplayModeChanges changing active mode from 2(60.00 Hz:0) to 1(90.00 Hz:0) for display 4630946747577212034
05-21 01:34:54.856  1841  1841 I SurfaceFlinger: initiateDisplayModeChanges active mode changed to 1(90.00 Hz) for display 4630946747577212034. mBrightnessDimingCnt=0
05-21 01:34:54.856  1755  2013 W SDM     : HWDeviceDRM::GetSupportedBitClkRate: Requested rate not supported: 0
05-21 01:34:54.857  1755  2013 I SDM     : HWDeviceDRM::UpdateMixerAttributes: Mixer WxH 1080x2400-0 for Peripheral
05-21 01:34:54.857  1755  2013 I SDM     : HWCDisplay::SubmitDisplayConfig: Active configuration changed from config 2 to 1
05-21 01:34:54.857  1755  2957 E Dpps    : DppsServer::RunPollIteration():475 Poll iteration failed with ret -95
05-21 01:34:54.857  1755  2957 E Dpps    : DppsServer::Run():290 Poll iteration failed, ret -95
05-21 01:34:54.886  1841  1841 I Scheduler: onDisplayModeChanged: [1 90 0x0]
05-21 01:34:54.886  2090  2699 I DisplayDeviceRepository: Display device changed render timings: "Pantalla integrada", renderFrameRate=90.0, presentationDeadlineNanos=11500000, appVsyncOffsetNanos=9166667, frameRateOverrides=[]
05-21 01:34:54.886  1841  1841 I SurfaceFlinger: initiateDisplayModeChanges changing active mode from 1(90.00 Hz:0) to 1(90.00 Hz:0) for display 4630946747577212034
05-21 01:34:54.890  8730  8730 I MotoDesktopLog: [ R4DisplayService ] - getFoldType, mFoldType0
05-21 01:34:54.892  8730  8730 I MotoDesktopLog: [ FS_ScreenSizeManager ] - [Display] Changed display: 0
05-21 01:34:54.892  8730  8730 I MotoDesktopLog: [ FS_ScreenSizeManager ] - [Display] Current activity display id: null
05-21 01:34:54.892  8730  8730 I MotoDesktopLog: [ FS_ScreenSizeManager ] - [Logic] Retrieved display info: LogicDisplayInfo(width=1080, height=2400, orientation=1, rotation=0, displayId=0)
05-21 01:34:54.892  8730  8730 I MotoDesktopLog: [ FS_ScreenSizeManager ] - [Display] New logical size: 1080x2400
05-21 01:34:54.892  8730  8730 I MotoDesktopLog: [ FS_ScreenSizeManager ] - [Display] Screen width unchanged: 1080
05-21 01:34:55.060  8433 24175 I PSyncWorker: Starting proactive picker sync from sync source: 1
05-21 01:34:55.060  8433 24175 I PickerSyncTracker: Created new sync future java.util.concurrent.CompletableFuture@27038d3[Not completed, 1 dependents]. Future map: {2ac5a604-e2d0-41bf-bae6-865c49a416b2=java.util.concurrent.CompletableFuture@27038d3[Not completed, 1 dependents]}
05-21 01:34:55.062  8433 24175 I PickerSyncController: Executing SyncAdd. isLocal: true. authority: com.android.providers.media.photopicker
05-21 01:34:55.067  8433 24175 I PickerSyncController: Paged sync successful. QueryArgs: Bundle[{android.provider.extra.SYNC_GENERATION=4856, android.provider.extra.PAGE_SIZE=1000}] Total Rows: 0
05-21 01:34:55.067  8433 24175 I PickerSyncController: Executing SyncRemove. isLocal: true. authority: com.android.providers.media.photopicker
05-21 01:34:55.068  8433 24175 E PickerDbFacade: Could not get first date taken millis for media id: 1000000550
05-21 01:34:55.068  8433 24175 W PickerDbFacade: Unable to promote cloud media with localId: 1000000550
05-21 01:34:55.070  8433 24175 I PickerSyncController: Paged sync successful. QueryArgs: Bundle[{android.provider.extra.SYNC_GENERATION=4856, android.provider.extra.PAGE_SIZE=1000}] Total Rows: 0
05-21 01:34:55.070  8433 24175 I PickerSyncTracker: Marked sync future complete for work id: 2ac5a604-e2d0-41bf-bae6-865c49a416b2. Future map: {}
05-21 01:34:55.070  8433 24175 I PSyncWorker: Completed picker proactive sync complete from local provider.
05-21 01:34:55.072  8433  9167 I WM-WorkerWrapper: Worker result SUCCESS for Work [ id=2ac5a604-e2d0-41bf-bae6-865c49a416b2, tags={ com.android.providers.media.photopicker.sync.ProactiveSyncWorker } ]
05-21 01:34:55.475 18186 18186 W AccessibilityDelegate: Drawing order is not available, was AccessibilityNodeInfo requested for a child node before its parent?
05-21 01:34:55.739  2090  6219 I MotoStaCheckin: onWifiUsabilityStats, seqNum: 1877, isSameBssidAndFreq: true, RSSI: -42, isThroughputSufficient: true, LinkSpeed: 866 Mbps, RxLinkSpeed: 866 Mbps
05-21 01:34:55.739  2090  6219 I MotoStaCheckin: onWifiUsabilityStats, Duration: 2074150667, Rx Good: 3 ( PPS: 0 ), Tx Good: 4, Tx Bad: 0 ( 0 % ), Tx Retry: 1 ( 20 % ), NSS: 2, Bandwidth: 2
05-21 01:34:55.935  1841  2024 I Scheduler: applyPolicy: UpdateRefreshRate 90 to 120 of group 0: [touch=0:0 touchBoost=0 scroll=0:0 idle=0:0 prr=0:0 brightnessDiming=0:0 qvrr=0:0] for display 4630946747577212034
05-21 01:34:55.946  1841  1841 I SurfaceFlinger: initiateDisplayModeChanges changing active mode from 1(90.00 Hz:0) to 0(120.00 Hz:0) for display 4630946747577212034
05-21 01:34:55.946  1841  1841 I SurfaceFlinger: initiateDisplayModeChanges active mode changed to 0(120.00 Hz) for display 4630946747577212034. mBrightnessDimingCnt=0
05-21 01:34:55.947  1755  2013 W SDM     : HWDeviceDRM::GetSupportedBitClkRate: Requested rate not supported: 0
05-21 01:34:55.948  1755  2013 I SDM     : HWDeviceDRM::UpdateMixerAttributes: Mixer WxH 1080x2400-0 for Peripheral
05-21 01:34:55.949  1755  2013 I SDM     : HWCDisplay::SubmitDisplayConfig: Active configuration changed from config 1 to 0
05-21 01:34:55.949  1755  2957 E Dpps    : DppsServer::RunPollIteration():475 Poll iteration failed with ret -95
05-21 01:34:55.949  1755  2957 E Dpps    : DppsServer::Run():290 Poll iteration failed, ret -95
05-21 01:34:55.976  1841  1841 I Scheduler: onDisplayModeChanged: [0 120 0x0]
05-21 01:34:55.978  2090  2699 I DisplayDeviceRepository: Display device changed render timings: "Pantalla integrada", renderFrameRate=120.00001, presentationDeadlineNanos=11500000, appVsyncOffsetNanos=833333, frameRateOverrides=[]
05-21 01:34:55.978  1841  1841 I SurfaceFlinger: initiateDisplayModeChanges changing active mode from 0(120.00 Hz:0) to 0(120.00 Hz:0) for display 4630946747577212034
05-21 01:34:55.988  8730  8730 I MotoDesktopLog: [ R4DisplayService ] - getFoldType, mFoldType0
05-21 01:34:55.989  8730  8730 I MotoDesktopLog: [ FS_ScreenSizeManager ] - [Display] Changed display: 0
05-21 01:34:55.989  8730  8730 I MotoDesktopLog: [ FS_ScreenSizeManager ] - [Display] Current activity display id: null
05-21 01:34:55.989  8730  8730 I MotoDesktopLog: [ FS_ScreenSizeManager ] - [Logic] Retrieved display info: LogicDisplayInfo(width=1080, height=2400, orientation=1, rotation=0, displayId=0)
05-21 01:34:55.989  8730  8730 I MotoDesktopLog: [ FS_ScreenSizeManager ] - [Display] New logical size: 1080x2400
05-21 01:34:55.989  8730  8730 I MotoDesktopLog: [ FS_ScreenSizeManager ] - [Display] Screen width unchanged: 1080
05-21 01:34:56.084 21277 21277 W dumpsys : Thread Pool max thread count is 0. Cannot cache binder as linkToDeath cannot be implemented. serviceName: activity
05-21 01:34:56.142 21280 21280 W dumpsys : Thread Pool max thread count is 0. Cannot cache binder as linkToDeath cannot be implemented. serviceName: activity
05-21 01:34:56.198 21283 21283 W dumpsys : Thread Pool max thread count is 0. Cannot cache binder as linkToDeath cannot be implemented. serviceName: activity
05-21 01:34:56.241 21286 21286 W dumpsys : Thread Pool max thread count is 0. Cannot cache binder as linkToDeath cannot be implemented. serviceName: activity
05-21 01:34:56.392 21291 21291 W screencap: Thread Pool max thread count is 0. Cannot cache binder as linkToDeath cannot be implemented. serviceName: SurfaceFlingerAIDL
05-21 01:34:56.393 21291 21291 W BpBinder: Linking to death on android.gui.ISurfaceComposer but there are no threads (yet?) listening to incoming transactions. See ProcessState::startThreadPool and ProcessState::setThreadPoolMaxThreadCount. Generally you should setup the binder threadpool before other initialization steps.
05-21 01:34:56.393 21291 21291 W ProcessState: Extra binder thread started, but 0 threads requested. Do not use *startThreadPool when zero threads are requested.
05-21 01:34:56.396  1841  3565 E HWComposer: getLuts: getLuts failed for display 4630946747577212034: UNSUPPORTED (8)
05-21 01:34:56.437  8433 20643 W MediaProvider: isAppCloneUserPair for user 0: false
05-21 01:34:56.486  1841  2025 I Scheduler: applyPolicy: UpdateRefreshRate 120 to 60 of group 0: [touch=0:0 touchBoost=0 scroll=0:0 idle=1:1 prr=0:0 brightnessDiming=0:0 qvrr=0:0] for display 4630946747577212034
05-21 01:34:56.487  1841  2025 I DisplayModeController: Desired transition mode changed. 120 -> 60
05-21 01:34:56.491  1841  1841 I SurfaceFlinger: initiateDisplayModeChanges changing active mode from 0(120.00 Hz:0) to 1(90.00 Hz:0) for display 4630946747577212034
05-21 01:34:56.491  1841  1841 I SurfaceFlinger: initiateDisplayModeChanges active mode changed to 1(90.00 Hz) for display 4630946747577212034. mBrightnessDimingCnt=0
05-21 01:34:56.492  1755  2013 W SDM     : HWDeviceDRM::GetSupportedBitClkRate: Requested rate not supported: 0
05-21 01:34:56.492  1755  2013 I SDM     : HWDeviceDRM::UpdateMixerAttributes: Mixer WxH 1080x2400-0 for Peripheral
05-21 01:34:56.493  1755  2013 I SDM     : HWCDisplay::SubmitDisplayConfig: Active configuration changed from config 0 to 1
05-21 01:34:56.493  1755  2957 E Dpps    : DppsServer::RunPollIteration():475 Poll iteration failed with ret -95
05-21 01:34:56.493  1755  2957 E Dpps    : DppsServer::Run():290 Poll iteration failed, ret -95
05-21 01:34:56.499  1841  1841 I SurfaceFlinger: initiateDisplayModeChanges changing active mode from 1(90.00 Hz:0) to 1(90.00 Hz:0) for display 4630946747577212034
05-21 01:34:56.520  1841  1841 I SurfaceFlinger: initiateDisplayModeChanges changing active mode from 1(90.00 Hz:0) to 2(60.00 Hz:0) for display 4630946747577212034
05-21 01:34:56.520  1841  1841 I SurfaceFlinger: initiateDisplayModeChanges active mode changed to 2(60.00 Hz) for display 4630946747577212034. mBrightnessDimingCnt=0
05-21 01:34:56.521  1755  2013 W SDM     : HWDeviceDRM::GetSupportedBitClkRate: Requested rate not supported: 0
05-21 01:34:56.521  1755  2013 I SDM     : HWDeviceDRM::UpdateMixerAttributes: Mixer WxH 1080x2400-0 for Peripheral
05-21 01:34:56.521  1755  2013 I SDM     : HWCDisplay::SubmitDisplayConfig: Active configuration changed from config 1 to 2
05-21 01:34:56.522  1755  2957 E Dpps    : DppsServer::RunPollIteration():475 Poll iteration failed with ret -95
05-21 01:34:56.522  1755  2957 E Dpps    : DppsServer::Run():290 Poll iteration failed, ret -95
05-21 01:34:56.542  1841  1841 I SurfaceFlinger: initiateDisplayModeChanges changing active mode from 2(60.00 Hz:0) to 2(60.00 Hz:0) for display 4630946747577212034
05-21 01:34:56.550  1841  1841 I RefreshRateSelector: Display 4630946747577212034 policy changed
05-21 01:34:56.550  1841  1841 I RefreshRateSelector: Previous: {defaultModeId=0, allowGroupSwitching=false, primaryRanges={physical=[60.00 Hz, 120.00 Hz], render=[60.00 Hz, 120.00 Hz]}, appRequestRanges={physical=[0.00 Hz, 120.00 Hz], render=[0.00 Hz, 120.00 Hz]} idleScreenConfig=nullptr}
05-21 01:34:56.550  1841  1841 I RefreshRateSelector: Current:  DisplayManagerPolicy{defaultModeId=0, allowGroupSwitching=false, primaryRanges={physical=[60.00 Hz, 120.00 Hz], render=[60.00 Hz, 60.00 Hz]}, appRequestRanges={physical=[0.00 Hz, 120.00 Hz], render=[0.00 Hz, 120.00 Hz]} idleScreenConfig=nullptr}
05-21 01:34:56.550  1841  1841 I RefreshRateSelector: 4 mode changes were performed under the previous policy
05-21 01:34:56.550  1841  1841 I Scheduler: onDisplayModeChanged: [2 60 0x0]
05-21 01:34:56.550  1841  1841 I Scheduler: getPreferredDisplayMode: UpdateRefreshRate 60 to 60 of group 0: [touch=0 scroll=0 idle=1 prr=0 brightnessDiming=0] for display 4630946747577212034
05-21 01:34:56.550  1841  1841 I SurfaceFlinger: Switching to Scheduler preferred mode 2 (60.00 Hz) for display 4630946747577212034
05-21 01:34:56.552  2090  2699 I DisplayDeviceRepository: Display device changed render timings: "Pantalla integrada", renderFrameRate=60.000004, presentationDeadlineNanos=11500000, appVsyncOffsetNanos=9166666, frameRateOverrides=[]
05-21 01:34:56.558  8730  8730 I MotoDesktopLog: [ R4DisplayService ] - getFoldType, mFoldType0
05-21 01:34:56.560  8730  8730 I MotoDesktopLog: [ FS_ScreenSizeManager ] - [Display] Changed display: 0
05-21 01:34:56.562  8730  8730 I MotoDesktopLog: [ FS_ScreenSizeManager ] - [Display] Current activity display id: null
05-21 01:34:56.563  8730  8730 I MotoDesktopLog: [ FS_ScreenSizeManager ] - [Logic] Retrieved display info: LogicDisplayInfo(width=1080, height=2400, orientation=1, rotation=0, displayId=0)
05-21 01:34:56.563  8730  8730 I MotoDesktopLog: [ FS_ScreenSizeManager ] - [Display] New logical size: 1080x2400
05-21 01:34:56.563  8730  8730 I MotoDesktopLog: [ FS_ScreenSizeManager ] - [Display] Screen width unchanged: 1080
05-21 01:34:56.749  2090  9709 I ActivityManager: Broadcasting: Intent { act=android.intent.action.MEDIA_SCANNER_SCAN_FILE dat=file:///... flg=0x400000 }
05-21 01:34:56.749  2090  9709 I ActivityManager: Enqueued broadcast Intent { act=android.intent.action.MEDIA_SCANNER_SCAN_FILE dat=file:///... flg=0x400000 }: 0
05-21 01:34:56.752  2090  4616 W JobInfo : Job 'com.google.android.providers.media.module/com.android.providers.media.MediaService#-300' has a deadline with no functional constraints. The deadline won't improve job execution latency. Consider removing the deadline.
05-21 01:34:56.760  2090  2695 I ActivityManager: Broadcast completed: result=0
05-21 01:34:56.763  8433  9826 I MediaProvider: Begin Intent { act=android.intent.action.MEDIA_SCANNER_SCAN_FILE dat=file:///... flg=0x1400010 cmp=com.google.android.providers.media.module/com.android.providers.media.MediaService }
05-21 01:34:56.770  8433  9826 I MediaProvider: End Intent { act=android.intent.action.MEDIA_SCANNER_SCAN_FILE dat=file:///... flg=0x1400010 cmp=com.google.android.providers.media.module/com.android.providers.media.MediaService }
05-21 01:34:56.835  8433 20642 I MediaProvider: Deleted 0 1 0 0 0 0 0 items on external_primary due to com.android.shell
05-21 01:34:56.837 13141 13177 I UriTaskContentObserver: (REDACTED) Throttling content uri change event for %s
05-21 01:34:56.871 21305 21305 W dumpsys : Thread Pool max thread count is 0. Cannot cache binder as linkToDeath cannot be implemented. serviceName: display
05-21 01:34:57.061 21313 21313 W dumpsys : Thread Pool max thread count is 0. Cannot cache binder as linkToDeath cannot be implemented. serviceName: input
05-21 01:34:57.198 21320 21320 W dumpsys : Thread Pool max thread count is 0. Cannot cache binder as linkToDeath cannot be implemented. serviceName: activity
05-21 01:34:57.254 21323 21323 W dumpsys : Thread Pool max thread count is 0. Cannot cache binder as linkToDeath cannot be implemented. serviceName: activity
05-21 01:34:57.270 13141 16959 I NearbyMediums: No BLE Fast/GATT advertisements found in the latest cycle.
05-21 01:34:57.270 13141 16959 I NearbyMediums: Current Tracked Scanning Clients are : {NearbyConnections.EnvironmentMonitor, NearbySharing, NearbyConnections.TxAdvertisement}
05-21 01:34:57.310 21326 21326 W dumpsys : Thread Pool max thread count is 0. Cannot cache binder as linkToDeath cannot be implemented. serviceName: activity
05-21 01:34:57.366 21329 21329 W dumpsys : Thread Pool max thread count is 0. Cannot cache binder as linkToDeath cannot be implemented. serviceName: activity
05-21 01:34:57.523 21332 21332 W screencap: Thread Pool max thread count is 0. Cannot cache binder as linkToDeath cannot be implemented. serviceName: SurfaceFlingerAIDL
05-21 01:34:57.523 21332 21332 W BpBinder: Linking to death on android.gui.ISurfaceComposer but there are no threads (yet?) listening to incoming transactions. See ProcessState::startThreadPool and ProcessState::setThreadPoolMaxThreadCount. Generally you should setup the binder threadpool before other initialization steps.
05-21 01:34:57.523 21332 21332 W ProcessState: Extra binder thread started, but 0 threads requested. Do not use *startThreadPool when zero threads are requested.
05-21 01:34:57.525  1841  3565 E HWComposer: getLuts: getLuts failed for display 4630946747577212034: UNSUPPORTED (8)
05-21 01:34:57.560  8433  9225 W MediaProvider: isAppCloneUserPair for user 0: false
05-21 01:34:57.873  2090  9709 I ActivityManager: Broadcasting: Intent { act=android.intent.action.MEDIA_SCANNER_SCAN_FILE dat=file:///... flg=0x400000 }
05-21 01:34:57.874  2090  9709 I ActivityManager: Enqueued broadcast Intent { act=android.intent.action.MEDIA_SCANNER_SCAN_FILE dat=file:///... flg=0x400000 }: 0
05-21 01:34:57.877  2090  3176 W JobInfo : Job 'com.google.android.providers.media.module/com.android.providers.media.MediaService#-300' has a deadline with no functional constraints. The deadline won't improve job execution latency. Consider removing the deadline.
05-21 01:34:57.888  2090  2695 I ActivityManager: Broadcast completed: result=0
05-21 01:34:57.891  8433  9826 I MediaProvider: Begin Intent { act=android.intent.action.MEDIA_SCANNER_SCAN_FILE dat=file:///... flg=0x1400010 cmp=com.google.android.providers.media.module/com.android.providers.media.MediaService }
05-21 01:34:57.911  8433  9826 I MediaProvider: End Intent { act=android.intent.action.MEDIA_SCANNER_SCAN_FILE dat=file:///... flg=0x1400010 cmp=com.google.android.providers.media.module/com.android.providers.media.MediaService }
05-21 01:34:57.977  8433 10148 I MediaProvider: Deleted 0 1 0 0 0 0 0 items on external_primary due to com.android.shell
05-21 01:34:57.980 13141 13177 I UriTaskContentObserver: (REDACTED) Throttling content uri change event for %s
05-21 01:34:58.021 21342 21342 W dumpsys : Thread Pool max thread count is 0. Cannot cache binder as linkToDeath cannot be implemented. serviceName: display
05-21 01:34:58.205 21353 21353 W dumpsys : Thread Pool max thread count is 0. Cannot cache binder as linkToDeath cannot be implemented. serviceName: input
05-21 01:34:58.290  8433 26475 I PSyncWorker: Starting proactive picker sync from sync source: 1
