05-21 01:34:09.030  8433 28006 I PickerSyncController: Paged sync successful. QueryArgs: Bundle[{android.provider.extra.SYNC_GENERATION=4583, android.provider.extra.PAGE_SIZE=1000}] Total Rows: 0
05-21 01:34:09.030  8433 28006 I PickerSyncController: Executing SyncRemove. isLocal: true. authority: com.android.providers.media.photopicker
05-21 01:34:09.031  8433 28006 E PickerDbFacade: Could not get first date taken millis for media id: 1000000525
05-21 01:34:09.032  8433 28006 W PickerDbFacade: Unable to promote cloud media with localId: 1000000525
05-21 01:34:09.032  8433 28006 W PickerDbFacade: Unable to promote cloud media with localId: 1000000526
05-21 01:34:09.033  8433 28006 I PickerSyncController: Paged sync successful. QueryArgs: Bundle[{android.provider.extra.SYNC_GENERATION=4583, android.provider.extra.PAGE_SIZE=1000}] Total Rows: 0
05-21 01:34:09.034  8433 28006 I PickerSyncTracker: Marked sync future complete for work id: 69f3cdea-bb94-4f62-a6ed-9c31bbbd49e8. Future map: {}
05-21 01:34:09.034  8433 28006 I PSyncWorker: Completed picker proactive sync complete from local provider.
05-21 01:34:09.035  8433  9122 I WM-WorkerWrapper: Worker result SUCCESS for Work [ id=69f3cdea-bb94-4f62-a6ed-9c31bbbd49e8, tags={ com.android.providers.media.photopicker.sync.ProactiveSyncWorker } ]
05-21 01:34:09.086 19282 19282 W dumpsys : Thread Pool max thread count is 0. Cannot cache binder as linkToDeath cannot be implemented. serviceName: input
05-21 01:34:09.094  2090 10045 I system_server: AssetManager2(0xb40000764c31c6b8) locale list changing from [] to [es-US]
05-21 01:34:09.183 19288 19288 W dumpsys : Thread Pool max thread count is 0. Cannot cache binder as linkToDeath cannot be implemented. serviceName: display
05-21 01:34:09.343 19297 19297 W dumpsys : Thread Pool max thread count is 0. Cannot cache binder as linkToDeath cannot be implemented. serviceName: input
05-21 01:34:09.406 19302 19302 W dumpsys : Thread Pool max thread count is 0. Cannot cache binder as linkToDeath cannot be implemented. serviceName: display
05-21 01:34:09.561 19310 19310 W dumpsys : Thread Pool max thread count is 0. Cannot cache binder as linkToDeath cannot be implemented. serviceName: input
05-21 01:34:09.631 19315 19315 W dumpsys : Thread Pool max thread count is 0. Cannot cache binder as linkToDeath cannot be implemented. serviceName: display
05-21 01:34:09.767 19323 19323 W dumpsys : Thread Pool max thread count is 0. Cannot cache binder as linkToDeath cannot be implemented. serviceName: input
05-21 01:34:09.923  1841  1841 I RefreshRateSelector: Display 4630946747577212034 policy changed
05-21 01:34:09.923  1841  1841 I RefreshRateSelector: Previous: {defaultModeId=0, allowGroupSwitching=false, primaryRanges={physical=[60.00 Hz, 120.00 Hz], render=[60.00 Hz, 60.00 Hz]}, appRequestRanges={physical=[0.00 Hz, 120.00 Hz], render=[0.00 Hz, 120.00 Hz]} idleScreenConfig=nullptr}
05-21 01:34:09.923  1841  1841 I RefreshRateSelector: Current:  DisplayManagerPolicy{defaultModeId=0, allowGroupSwitching=false, primaryRanges={physical=[60.00 Hz, 120.00 Hz], render=[60.00 Hz, 120.00 Hz]}, appRequestRanges={physical=[0.00 Hz, 120.00 Hz], render=[0.00 Hz, 120.00 Hz]} idleScreenConfig=nullptr}
05-21 01:34:09.923  1841  1841 I RefreshRateSelector: 2 mode changes were performed under the previous policy
05-21 01:34:09.923  1841  1841 I Scheduler: onDisplayModeChanged: [2 60 0x0]
05-21 01:34:09.923  1841  1841 I Scheduler: getPreferredDisplayMode: UpdateRefreshRate 60 to 90 of group 0: [touch=1 scroll=0 idle=1 prr=0 brightnessDiming=0] for display 4630946747577212034
05-21 01:34:09.923  1841  1841 I SurfaceFlinger: Switching to Scheduler preferred mode 1 (90.00 Hz) for display 4630946747577212034
05-21 01:34:09.945  1841  1841 I SurfaceFlinger: initiateDisplayModeChanges changing active mode from 2(60.00 Hz:0) to 1(90.00 Hz:0) for display 4630946747577212034
05-21 01:34:09.945  1841  1841 I SurfaceFlinger: initiateDisplayModeChanges active mode changed to 1(90.00 Hz) for display 4630946747577212034. mBrightnessDimingCnt=0
05-21 01:34:09.946  1755  2013 W SDM     : HWDeviceDRM::GetSupportedBitClkRate: Requested rate not supported: 0
05-21 01:34:09.946  1755  2013 I SDM     : HWDeviceDRM::UpdateMixerAttributes: Mixer WxH 1080x2400-0 for Peripheral
05-21 01:34:09.946  1755  2013 I SDM     : HWCDisplay::SubmitDisplayConfig: Active configuration changed from config 2 to 1
05-21 01:34:09.947  1755  2957 E Dpps    : DppsServer::RunPollIteration():475 Poll iteration failed with ret -95
05-21 01:34:09.947  1755  2957 E Dpps    : DppsServer::Run():290 Poll iteration failed, ret -95
05-21 01:34:09.974  1841  1841 I Scheduler: onDisplayModeChanged: [1 90 0x0]
05-21 01:34:09.975  1841  1841 I SurfaceFlinger: initiateDisplayModeChanges changing active mode from 1(90.00 Hz:0) to 1(90.00 Hz:0) for display 4630946747577212034
05-21 01:34:09.976  2090  2699 I DisplayDeviceRepository: Display device changed render timings: "Pantalla integrada", renderFrameRate=90.0, presentationDeadlineNanos=11500000, appVsyncOffsetNanos=9166667, frameRateOverrides=[]
05-21 01:34:09.981  8730  8730 I MotoDesktopLog: [ R4DisplayService ] - getFoldType, mFoldType0
05-21 01:34:09.985  8730  8730 I MotoDesktopLog: [ FS_ScreenSizeManager ] - [Display] Changed display: 0
05-21 01:34:09.985  8730  8730 I MotoDesktopLog: [ FS_ScreenSizeManager ] - [Display] Current activity display id: null
05-21 01:34:09.985  8730  8730 I MotoDesktopLog: [ FS_ScreenSizeManager ] - [Logic] Retrieved display info: LogicDisplayInfo(width=1080, height=2400, orientation=1, rotation=0, displayId=0)
05-21 01:34:09.985  8730  8730 I MotoDesktopLog: [ FS_ScreenSizeManager ] - [Display] New logical size: 1080x2400
05-21 01:34:09.985  8730  8730 I MotoDesktopLog: [ FS_ScreenSizeManager ] - [Display] Screen width unchanged: 1080
05-21 01:34:10.441  2090  6219 I MotoStaCheckin: onWifiUsabilityStats, seqNum: 1862, isSameBssidAndFreq: true, RSSI: -39, isThroughputSufficient: true, LinkSpeed: 866 Mbps, RxLinkSpeed: 866 Mbps
05-21 01:34:10.442  2090  6219 I MotoStaCheckin: onWifiUsabilityStats, Duration: 2074105370, Rx Good: 1 ( PPS: 0 ), Tx Good: 1, Tx Bad: 0 ( 0 % ), Tx Retry: 0 ( 0 % ), NSS: 2, Bandwidth: 2
05-21 01:34:11.109  1841  2024 I Scheduler: applyPolicy: UpdateRefreshRate 90 to 60 of group 0: [touch=0:0 touchBoost=0 scroll=0:0 idle=1:1 prr=0:0 brightnessDiming=0:0 qvrr=0:0] for display 4630946747577212034
05-21 01:34:11.120  1841  1841 I SurfaceFlinger: initiateDisplayModeChanges changing active mode from 1(90.00 Hz:0) to 2(60.00 Hz:0) for display 4630946747577212034
05-21 01:34:11.120  1841  1841 I SurfaceFlinger: initiateDisplayModeChanges active mode changed to 2(60.00 Hz) for display 4630946747577212034. mBrightnessDimingCnt=0
05-21 01:34:11.121  1755  2013 W SDM     : HWDeviceDRM::GetSupportedBitClkRate: Requested rate not supported: 0
05-21 01:34:11.122  1755  2013 I SDM     : HWDeviceDRM::UpdateMixerAttributes: Mixer WxH 1080x2400-0 for Peripheral
05-21 01:34:11.122  1755  2013 I SDM     : HWCDisplay::SubmitDisplayConfig: Active configuration changed from config 1 to 2
05-21 01:34:11.123  1755  2957 E Dpps    : DppsServer::RunPollIteration():475 Poll iteration failed with ret -95
05-21 01:34:11.123  1755  2957 E Dpps    : DppsServer::Run():290 Poll iteration failed, ret -95
05-21 01:34:11.142  1841  1841 I SurfaceFlinger: initiateDisplayModeChanges changing active mode from 2(60.00 Hz:0) to 2(60.00 Hz:0) for display 4630946747577212034
05-21 01:34:11.159 19350 19350 W dumpsys : Thread Pool max thread count is 0. Cannot cache binder as linkToDeath cannot be implemented. serviceName: activity
05-21 01:34:11.202 13141 18591 I NetworkScheduler.Stats: (REDACTED) Task %s/%s started execution. cause:%s exec_start_elapsed_seconds: %s
05-21 01:34:11.206 13141 18593 I NetworkScheduler.Stats: (REDACTED) Task %s/%s finished executing. cause:%s result: %s elapsed_millis: %s uptime_millis: %s exec_start_elapsed_seconds: %s
05-21 01:34:11.218 19354 19354 W dumpsys : Thread Pool max thread count is 0. Cannot cache binder as linkToDeath cannot be implemented. serviceName: activity
05-21 01:34:11.270 19357 19357 W dumpsys : Thread Pool max thread count is 0. Cannot cache binder as linkToDeath cannot be implemented. serviceName: activity
05-21 01:34:11.325 19360 19360 W dumpsys : Thread Pool max thread count is 0. Cannot cache binder as linkToDeath cannot be implemented. serviceName: activity
05-21 01:34:11.471 19363 19363 W screencap: Thread Pool max thread count is 0. Cannot cache binder as linkToDeath cannot be implemented. serviceName: SurfaceFlingerAIDL
05-21 01:34:11.472 19363 19363 W BpBinder: Linking to death on android.gui.ISurfaceComposer but there are no threads (yet?) listening to incoming transactions. See ProcessState::startThreadPool and ProcessState::setThreadPoolMaxThreadCount. Generally you should setup the binder threadpool before other initialization steps.
05-21 01:34:11.472 19363 19363 W ProcessState: Extra binder thread started, but 0 threads requested. Do not use *startThreadPool when zero threads are requested.
05-21 01:34:11.474  1841  1940 E HWComposer: getLuts: getLuts failed for display 4630946747577212034: UNSUPPORTED (8)
05-21 01:34:11.500  8433  9884 W MediaProvider: isAppCloneUserPair for user 0: false
05-21 01:34:11.533  2090  4616 W ProcessStats: Tracking association SourceState{a4a98f system/1000 ImpBg #276245} whose proc state 6 is better than process ProcessState{de05e19 com.google.android.apps.photos/10247 pkg=com.google.android.apps.photos} proc state 15 (2 skipped)
05-21 01:34:11.592  2090  4616 W JobScheduler: Job didn't exist in JobStore: 6fb8d41 #u0a247/1034 com.google.android.apps.photos/com.google.android.libraries.social.mediamonitor.MediaMonitorJobSchedulerService
05-21 01:34:11.622  1841  1841 I RefreshRateSelector: Display 4630946747577212034 policy changed
05-21 01:34:11.622  1841  1841 I RefreshRateSelector: Previous: {defaultModeId=0, allowGroupSwitching=false, primaryRanges={physical=[60.00 Hz, 120.00 Hz], render=[60.00 Hz, 120.00 Hz]}, appRequestRanges={physical=[0.00 Hz, 120.00 Hz], render=[0.00 Hz, 120.00 Hz]} idleScreenConfig=nullptr}
05-21 01:34:11.622  1841  1841 I RefreshRateSelector: Current:  DisplayManagerPolicy{defaultModeId=0, allowGroupSwitching=false, primaryRanges={physical=[60.00 Hz, 120.00 Hz], render=[60.00 Hz, 60.00 Hz]}, appRequestRanges={physical=[0.00 Hz, 120.00 Hz], render=[0.00 Hz, 120.00 Hz]} idleScreenConfig=nullptr}
05-21 01:34:11.622  1841  1841 I RefreshRateSelector: 2 mode changes were performed under the previous policy
05-21 01:34:11.622  1841  1841 I Scheduler: onDisplayModeChanged: [2 60 0x0]
05-21 01:34:11.622  1841  1841 I Scheduler: getPreferredDisplayMode: UpdateRefreshRate 60 to 60 of group 0: [touch=0 scroll=0 idle=1 prr=0 brightnessDiming=0] for display 4630946747577212034
05-21 01:34:11.622  1841  1841 I SurfaceFlinger: Switching to Scheduler preferred mode 2 (60.00 Hz) for display 4630946747577212034
05-21 01:34:11.623  2090  2699 I DisplayDeviceRepository: Display device changed render timings: "Pantalla integrada", renderFrameRate=60.000004, presentationDeadlineNanos=11500000, appVsyncOffsetNanos=9166666, frameRateOverrides=[]
05-21 01:34:11.626  8730  8730 I MotoDesktopLog: [ R4DisplayService ] - getFoldType, mFoldType0
05-21 01:34:11.627  8730  8730 I MotoDesktopLog: [ FS_ScreenSizeManager ] - [Display] Changed display: 0
05-21 01:34:11.627  8730  8730 I MotoDesktopLog: [ FS_ScreenSizeManager ] - [Display] Current activity display id: null
05-21 01:34:11.627  8730  8730 I MotoDesktopLog: [ FS_ScreenSizeManager ] - [Logic] Retrieved display info: LogicDisplayInfo(width=1080, height=2400, orientation=1, rotation=0, displayId=0)
05-21 01:34:11.627  8730  8730 I MotoDesktopLog: [ FS_ScreenSizeManager ] - [Display] New logical size: 1080x2400
05-21 01:34:11.627  8730  8730 I MotoDesktopLog: [ FS_ScreenSizeManager ] - [Display] Screen width unchanged: 1080
05-21 01:34:11.651  2090  2717 I ActivityManager: Start proc 19370:com.motorola.camera3/u0a190 for content provider {com.motorola.camera3/com.motorola.camera.provider.photos.PhotosProvider}
05-21 01:34:11.651  2090  2717 I ActivityManager: ProcessObserver broadcast disabled
05-21 01:34:11.663 19370 19370 I otorola.camera3: Using CollectorTypeCMC GC.
05-21 01:34:11.666 19370 19370 E otorola.camera3: Not starting debugger since process cannot load the jdwp agent.
05-21 01:34:11.675  2090 10045 I ActivityManager: Killing 14682:com.motorola.aiservices/u0a161 (adj 995, setSvc -10000): empty #31
05-21 01:34:11.726 19370 19370 I otorola.camera3: AssetManager2(0xb40000764c263758) locale list changing from [] to [es-US]
05-21 01:34:11.735 19370 19370 I LoadedApk: No resource references to update in package com.motorola.camera3.feature_adobe_scan
05-21 01:34:11.761 19370 19370 I Typeface: updateThemeFont new=Rookery-Regular;old=sans-serif;new=Rookery-Stacked;old=
05-21 01:34:11.762  2090 10045 I ActivityManager: Flag disabled. Ignoring finishAttachApplication from uid: 10190. pid: 19370
05-21 01:34:11.764 19370 19386 I CameraManagerGlobal: Connecting to camera service
05-21 01:34:11.769 19370 19385 W JsonConfig: bad read of 'super-remosaic' in config_devices.
05-21 01:34:11.771  2128  8810 I AttributionAndPermissionUtils: checkPermission (forDataDelivery 0 startDataDelivery 0): Permission hard denied for client attribution [uid 10190, pid 19370, packageName "<unknown>"]
05-21 01:34:11.771 19370 19385 E JsonConfig: Failed to get panorama max gain, use default: 256.0f
05-21 01:34:11.771 19370 19385 E JsonConfig: Failed to get panorama noise reduction level, use default: 0
05-21 01:34:11.772 19370 19385 E JsonConfig: Failed to get panorama rotation ratio value, use default: 0.96
05-21 01:34:11.777 19370 19386 E ashmem  : Pinning is deprecated since Android Q. Please use trim or other methods.
05-21 01:34:11.778  2128  8810 E VendorTagDescriptor: lookupTag: Tag name 'support_get_property_2_0' does not exist.
05-21 01:34:11.784  2128  8810 E VendorTagDescriptor: lookupTag: Tag name 'support_get_property_2_0' does not exist.
05-21 01:34:11.785  2128  8810 E VendorTagDescriptor: lookupTag: Tag name 'support_get_property_2_0' does not exist.
05-21 01:34:11.787  2090  4882 W UriGrantsManagerService: No permission grants found for com.google.android.apps.photos
05-21 01:34:11.788  2090 10045 W UriGrantsManagerService: No permission grants found for com.google.android.apps.photos
05-21 01:34:11.800 19370 19385 W SettingsManager: Exposure compensation value is out of range or not supported
05-21 01:34:11.801  2128  8810 E VendorTagDescriptor: lookupTag: Tag name 'support_get_property_2_0' does not exist.
05-21 01:34:11.803  2128  8810 E VendorTagDescriptor: lookupTag: Tag name 'support_get_property_2_0' does not exist.
05-21 01:34:11.805  2128  8810 E VendorTagDescriptor: lookupTag: Tag name 'support_get_property_2_0' does not exist.
05-21 01:34:11.811  2090 10045 I ActivityManager: appDiedLocked: app=ProcessRecord{8adac04 14682:com.motorola.aiservices/u0a161} thread=android.os.BinderProxy@5b5187c fromBinderDied=true isKilledByAm=true reason=null
05-21 01:34:11.811 19370 19385 E VendorTagDescriptor: lookupTag: Tag name 'EnableRAWSVQ' does not exist.
05-21 01:34:11.812  1539  1539 I Zygote  : Process 14682 exited due to signal 9 (Killed)
05-21 01:34:11.812  2090 10045 W ActivityManager: Scheduling restart of crashed service com.motorola.aiservices/.controller.AiService in 1000ms for connection
05-21 01:34:11.815 19370 19385 E VendorTagDescriptor: lookupTag: Tag name 'vstab_smarteis_support' does not exist.
05-21 01:34:11.816 19370 19385 E VendorTagDescriptor: lookupTag: Tag name 'photo_mode_high_resolution_sizes' does not exist.
05-21 01:34:11.817  2090  2718 I libprocessgroup: Removed cgroup /sys/fs/cgroup/apps/uid_10161/pid_14682
05-21 01:34:11.817 19370 19385 E VendorTagDescriptor: lookupTag: Tag name 'photo_mode_high_resolution_sizes' does not exist.
05-21 01:34:11.817  2090  2718 W libprocessgroup: RemoveCgroup: /dev/memcg/apps/uid_10161/pid_14682 does not exist.
05-21 01:34:11.817 19370 19385 E VendorTagDescriptor: lookupTag: Tag name 'photo_mode_high_resolution_sizes' does not exist.
05-21 01:34:11.839  2090 10045 W UriGrantsManagerService: No permission grants found for com.google.android.apps.photos
05-21 01:34:11.839  2090 10045 W UriGrantsManagerService: No permission grants found for com.google.android.apps.photos
05-21 01:34:11.855  2090 10045 W UriGrantsManagerService: No permission grants found for com.google.android.apps.photos
05-21 01:34:11.855  2090 10045 W UriGrantsManagerService: No permission grants found for com.google.android.apps.photos
05-21 01:34:11.998 19370 19394 E MCF_SMConfig: parseLuxBrackets: Missing ev bracket array in lux setting for frame-ev-auto-bluesky-lux
05-21 01:34:11.998 19370 19394 E MCF_JsonUtils: getValue: Error: missing JSON value: keep-ev-frame-sequence
05-21 01:34:11.998 19370 19394 E MCF_JsonUtils: parseValue: Failed to parse keep-ev-frame-sequence
05-21 01:34:11.998 19370 19394 W MCF_SMConfig: parseHdrConfig: keep-ev-frame-sequence not defined, using default 0
05-21 01:34:11.999 19370 19394 E MCF_AlgInterface_MOTDRSDv2: parseJson MotDRSDv2 disabled
05-21 01:34:11.999 19370 19394 E McfConfig: loadConfiguration: ai-scene-detect-capture exists
05-21 01:34:11.999 19370 19394 E MCF_AlgInterface_MotNVDetect: parseJson MotNVDetect disabled
05-21 01:34:11.999 19370 19394 E MCF_SMConfig: parseLuxBrackets: Missing ev bracket array in lux setting for frame-ev-auto-bluesky-lux
05-21 01:34:11.999 19370 19394 E MCF_JsonUtils: getValue: Error: missing JSON value: keep-ev-frame-sequence
05-21 01:34:11.999 19370 19394 E MCF_JsonUtils: parseValue: Failed to parse keep-ev-frame-sequence
05-21 01:34:11.999 19370 19394 W MCF_SMConfig: parseHdrConfig: keep-ev-frame-sequence not defined, using default 0
05-21 01:34:12.001 19370 19394 E MCF_AlgInterface_MOTDRSDv2: parseJson MotDRSDv2 disabled
05-21 01:34:12.002 19370 19394 E McfConfig: loadConfiguration: ai-scene-detect-capture exists
05-21 01:34:12.002 19370 19394 E MCF_AlgInterface_MotNVDetect: parseJson MotNVDetect disabled
05-21 01:34:12.002 19370 19394 E MCF_SMConfig: parseLuxBrackets: Missing ev bracket array in lux setting for frame-ev-auto-bluesky-lux
05-21 01:34:12.002 19370 19394 E MCF_JsonUtils: getValue: Error: missing JSON value: keep-ev-frame-sequence
05-21 01:34:12.002 19370 19394 E MCF_JsonUtils: parseValue: Failed to parse keep-ev-frame-sequence
05-21 01:34:12.002 19370 19394 W MCF_SMConfig: parseHdrConfig: keep-ev-frame-sequence not defined, using default 0
05-21 01:34:12.003 19370 19394 E MCF_AlgInterface_MOTDRSDv2: parseJson MotDRSDv2 disabled
05-21 01:34:12.003 19370 19394 E McfConfig: loadConfiguration: ai-scene-detect-capture exists
05-21 01:34:12.003 19370 19394 E MCF_AlgInterface_MotNVDetect: parseJson MotNVDetect disabled
05-21 01:34:12.003 19370 19394 E MCF_SMConfig: parseLuxBrackets: Missing ev bracket array in lux setting for frame-ev-auto-bluesky-lux
05-21 01:34:12.003 19370 19394 E MCF_JsonUtils: getValue: Error: missing JSON value: keep-ev-frame-sequence
05-21 01:34:12.004 19370 19394 E MCF_JsonUtils: parseValue: Failed to parse keep-ev-frame-sequence
05-21 01:34:12.004 19370 19394 W MCF_SMConfig: parseHdrConfig: keep-ev-frame-sequence not defined, using default 0
05-21 01:34:12.004 19370 19394 E MCF_AlgInterface_MOTDRSDv2: parseJson MotDRSDv2 disabled
05-21 01:34:12.005 19370 19394 E McfConfig: loadConfiguration: ai-scene-detect-capture exists
05-21 01:34:12.005 19370 19394 E MCF_AlgInterface_MotNVDetect: parseJson MotNVDetect disabled
05-21 01:34:12.005 19370 19394 E MCF_SMConfig: parseLuxBrackets: Missing ev bracket array in lux setting for frame-ev-auto-bluesky-lux
05-21 01:34:12.005 19370 19394 E MCF_JsonUtils: getValue: Error: missing JSON value: keep-ev-frame-sequence
05-21 01:34:12.005 19370 19394 E MCF_JsonUtils: parseValue: Failed to parse keep-ev-frame-sequence
05-21 01:34:12.005 19370 19394 W MCF_SMConfig: parseHdrConfig: keep-ev-frame-sequence not defined, using default 0
05-21 01:34:12.007 19370 19394 E MCF_AlgInterface_MOTDRSDv2: parseJson MotDRSDv2 disabled
05-21 01:34:12.007 19370 19394 E McfConfig: loadConfiguration: ai-scene-detect-capture exists
05-21 01:34:12.007 19370 19394 E MCF_AlgInterface_MotNVDetect: parseJson MotNVDetect disabled
05-21 01:34:12.039  2090 10045 I ActivityManager: Broadcasting: Intent { act=android.intent.action.MEDIA_SCANNER_SCAN_FILE dat=file:///... flg=0x400000 }
05-21 01:34:12.041  2090 10045 I ActivityManager: Enqueued broadcast Intent { act=android.intent.action.MEDIA_SCANNER_SCAN_FILE dat=file:///... flg=0x400000 }: 0
05-21 01:34:12.044  2090  4882 W JobInfo : Job 'com.google.android.providers.media.module/com.android.providers.media.MediaService#-300' has a deadline with no functional constraints. The deadline won't improve job execution latency. Consider removing the deadline.
05-21 01:34:12.053  2090  2695 I ActivityManager: Broadcast completed: result=0
05-21 01:34:12.056  8433  9826 I MediaProvider: Begin Intent { act=android.intent.action.MEDIA_SCANNER_SCAN_FILE dat=file:///... flg=0x1400010 cmp=com.google.android.providers.media.module/com.android.providers.media.MediaService }
05-21 01:34:12.069  8433  9826 I MediaProvider: End Intent { act=android.intent.action.MEDIA_SCANNER_SCAN_FILE dat=file:///... flg=0x1400010 cmp=com.google.android.providers.media.module/com.android.providers.media.MediaService }
05-21 01:34:12.153  8433  9884 I MediaProvider: Deleted 0 1 0 0 0 0 0 items on external_primary due to com.android.shell
05-21 01:34:12.156 13141 13177 I UriTaskContentObserver: (REDACTED) Throttling content uri change event for %s
05-21 01:34:12.198 19415 19415 W dumpsys : Thread Pool max thread count is 0. Cannot cache binder as linkToDeath cannot be implemented. serviceName: display
05-21 01:34:12.389 19423 19423 W dumpsys : Thread Pool max thread count is 0. Cannot cache binder as linkToDeath cannot be implemented. serviceName: input
05-21 01:34:12.526 19428 19428 W dumpsys : Thread Pool max thread count is 0. Cannot cache binder as linkToDeath cannot be implemented. serviceName: activity
05-21 01:34:12.568 19431 19431 W dumpsys : Thread Pool max thread count is 0. Cannot cache binder as linkToDeath cannot be implemented. serviceName: activity
05-21 01:34:12.616 19434 19434 W dumpsys : Thread Pool max thread count is 0. Cannot cache binder as linkToDeath cannot be implemented. serviceName: activity
05-21 01:34:12.673 19437 19437 W dumpsys : Thread Pool max thread count is 0. Cannot cache binder as linkToDeath cannot be implemented. serviceName: activity
05-21 01:34:12.825  2090  2717 I ActivityManager: Start proc 19442:com.motorola.aiservices/u0a161 for service {com.motorola.aiservices/com.motorola.aiservices.controller.AiService}
05-21 01:34:12.825  2090  2717 I ActivityManager: ProcessObserver broadcast disabled
05-21 01:34:12.825 19440 19440 W screencap: Thread Pool max thread count is 0. Cannot cache binder as linkToDeath cannot be implemented. serviceName: SurfaceFlingerAIDL
05-21 01:34:12.826 19440 19440 W BpBinder: Linking to death on android.gui.ISurfaceComposer but there are no threads (yet?) listening to incoming transactions. See ProcessState::startThreadPool and ProcessState::setThreadPoolMaxThreadCount. Generally you should setup the binder threadpool before other initialization steps.
05-21 01:34:12.826 19440 19440 W ProcessState: Extra binder thread started, but 0 threads requested. Do not use *startThreadPool when zero threads are requested.
05-21 01:34:12.828  1841  3565 E HWComposer: getLuts: getLuts failed for display 4630946747577212034: UNSUPPORTED (8)
05-21 01:34:12.855 19442 19442 I rola.aiservices: Using CollectorTypeCMC GC.
05-21 01:34:12.859 19442 19442 E rola.aiservices: Not starting debugger since process cannot load the jdwp agent.
05-21 01:34:12.860  8433 20643 W MediaProvider: isAppCloneUserPair for user 0: false
05-21 01:34:12.908 19442 19442 I rola.aiservices: AssetManager2(0xb40000764c25f8d8) locale list changing from [] to [es-US]
05-21 01:34:12.930 19442 19442 I AI.AiServices: Starting AiServices version 1.1.229.1-release
05-21 01:34:13.003 19442 19442 I Typeface: updateThemeFont new=Rookery-Regular;old=sans-serif;new=Rookery-Stacked;old=
05-21 01:34:13.004  2090  9709 I ActivityManager: Flag disabled. Ignoring finishAttachApplication from uid: 10161. pid: 19442
05-21 01:34:13.092  2090  9709 I ActivityManager: Killing 14646:com.motorola.securityhub/u0a291 (adj 985, setSvc -10000): empty #31
05-21 01:34:13.127  2090  9709 I ActivityManager: appDiedLocked: app=ProcessRecord{fb9c420 14646:com.motorola.securityhub/u0a291} thread=android.os.BinderProxy@ab64aef fromBinderDied=true isKilledByAm=true reason=null
05-21 01:34:13.130  2090  2718 I libprocessgroup: Removed cgroup /sys/fs/cgroup/apps/uid_10291/pid_14646
05-21 01:34:13.130  2090  2718 W libprocessgroup: RemoveCgroup: /dev/memcg/apps/uid_10291/pid_14646 does not exist.
05-21 01:34:13.130  1539  1539 I Zygote  : Process 14646 exited due to signal 9 (Killed)
05-21 01:34:13.139 19442 19466 I AI.AiServices: Loading malwaredetection
05-21 01:34:13.166  4646  4652 W rkstack.process: Reducing the number of considered missed Gc histogram windows from 210 to 100
05-21 01:34:13.394  2090 10045 I ActivityManager: Broadcasting: Intent { act=android.intent.action.MEDIA_SCANNER_SCAN_FILE dat=file:///... flg=0x400000 }
05-21 01:34:13.396  2090 10045 I ActivityManager: Enqueued broadcast Intent { act=android.intent.action.MEDIA_SCANNER_SCAN_FILE dat=file:///... flg=0x400000 }: 0
05-21 01:34:13.400  2090  9709 W JobInfo : Job 'com.google.android.providers.media.module/com.android.providers.media.MediaService#-300' has a deadline with no functional constraints. The deadline won't improve job execution latency. Consider removing the deadline.
05-21 01:34:13.411  2090  2695 I ActivityManager: Broadcast completed: result=0
05-21 01:34:13.414  8433  9826 I MediaProvider: Begin Intent { act=android.intent.action.MEDIA_SCANNER_SCAN_FILE dat=file:///... flg=0x1400010 cmp=com.google.android.providers.media.module/com.android.providers.media.MediaService }
05-21 01:34:13.430  8433  9826 I MediaProvider: End Intent { act=android.intent.action.MEDIA_SCANNER_SCAN_FILE dat=file:///... flg=0x1400010 cmp=com.google.android.providers.media.module/com.android.providers.media.MediaService }
05-21 01:34:13.456  2090  6219 I MotoStaCheckin: onWifiUsabilityStats, seqNum: 1863, isSameBssidAndFreq: true, RSSI: -39, isThroughputSufficient: true, LinkSpeed: 866 Mbps, RxLinkSpeed: 866 Mbps
05-21 01:34:13.456  2090  6219 I MotoStaCheckin: onWifiUsabilityStats, Duration: 2074108384, Rx Good: 0 ( PPS: 0 ), Tx Good: 0, Tx Bad: 0 ( 0 % ), Tx Retry: 0 ( 0 % ), NSS: 2, Bandwidth: 2
05-21 01:34:13.507  8433  9224 I MediaProvider: Deleted 0 1 0 0 0 0 0 items on external_primary due to com.android.shell
05-21 01:34:13.510 13141 13177 I UriTaskContentObserver: (REDACTED) Throttling content uri change event for %s
05-21 01:34:13.550 19475 19475 W dumpsys : Thread Pool max thread count is 0. Cannot cache binder as linkToDeath cannot be implemented. serviceName: display
05-21 01:34:13.589  8433 29821 I PSyncWorker: Starting proactive picker sync from sync source: 1
05-21 01:34:13.590  8433 29821 I PickerSyncTracker: Created new sync future java.util.concurrent.CompletableFuture@3664764[Not completed, 1 dependents]. Future map: {59f06c37-4e46-4ba3-8bf2-023d3c5fc61b=java.util.concurrent.CompletableFuture@3664764[Not completed, 1 dependents]}
05-21 01:34:13.592  8433 29821 I PickerSyncController: Executing SyncAdd. isLocal: true. authority: com.android.providers.media.photopicker
05-21 01:34:13.599  8433 29821 I PickerSyncController: Paged sync successful. QueryArgs: Bundle[{android.provider.extra.SYNC_GENERATION=4604, android.provider.extra.PAGE_SIZE=1000}] Total Rows: 0
05-21 01:34:13.599  8433 29821 I PickerSyncController: Executing SyncRemove. isLocal: true. authority: com.android.providers.media.photopicker
05-21 01:34:13.600  8433 29821 E PickerDbFacade: Could not get first date taken millis for media id: 1000000527
05-21 01:34:13.600  8433 29821 W PickerDbFacade: Unable to promote cloud media with localId: 1000000527
05-21 01:34:13.601  8433 29821 W PickerDbFacade: Unable to promote cloud media with localId: 1000000528
05-21 01:34:13.603  8433 29821 I PickerSyncController: Paged sync successful. QueryArgs: Bundle[{android.provider.extra.SYNC_GENERATION=4604, android.provider.extra.PAGE_SIZE=1000}] Total Rows: 0
05-21 01:34:13.603  8433 29821 I PickerSyncTracker: Marked sync future complete for work id: 59f06c37-4e46-4ba3-8bf2-023d3c5fc61b. Future map: {}
05-21 01:34:13.603  8433 29821 I PSyncWorker: Completed picker proactive sync complete from local provider.
05-21 01:34:13.604  8433  9167 I WM-WorkerWrapper: Worker result SUCCESS for Work [ id=59f06c37-4e46-4ba3-8bf2-023d3c5fc61b, tags={ com.android.providers.media.photopicker.sync.ProactiveSyncWorker } ]
05-21 01:34:13.758 19484 19484 W dumpsys : Thread Pool max thread count is 0. Cannot cache binder as linkToDeath cannot be implemented. serviceName: input
05-21 01:34:13.854 19489 19489 W dumpsys : Thread Pool max thread count is 0. Cannot cache binder as linkToDeath cannot be implemented. serviceName: activity
05-21 01:34:13.910 19492 19492 W dumpsys : Thread Pool max thread count is 0. Cannot cache binder as linkToDeath cannot be implemented. serviceName: activity
05-21 01:34:13.973 19495 19495 W dumpsys : Thread Pool max thread count is 0. Cannot cache binder as linkToDeath cannot be implemented. serviceName: activity
05-21 01:34:14.022 19498 19498 W dumpsys : Thread Pool max thread count is 0. Cannot cache binder as linkToDeath cannot be implemented. serviceName: activity
05-21 01:34:14.178 19501 19501 W screencap: Thread Pool max thread count is 0. Cannot cache binder as linkToDeath cannot be implemented. serviceName: SurfaceFlingerAIDL
05-21 01:34:14.178 19501 19501 W BpBinder: Linking to death on android.gui.ISurfaceComposer but there are no threads (yet?) listening to incoming transactions. See ProcessState::startThreadPool and ProcessState::setThreadPoolMaxThreadCount. Generally you should setup the binder threadpool before other initialization steps.
05-21 01:34:14.178 19501 19501 W ProcessState: Extra binder thread started, but 0 threads requested. Do not use *startThreadPool when zero threads are requested.
05-21 01:34:14.180  1841  3565 E HWComposer: getLuts: getLuts failed for display 4630946747577212034: UNSUPPORTED (8)
05-21 01:34:14.224  8433 20642 W MediaProvider: isAppCloneUserPair for user 0: false
05-21 01:34:14.759  2090  4882 I ActivityManager: Broadcasting: Intent { act=android.intent.action.MEDIA_SCANNER_SCAN_FILE dat=file:///... flg=0x400000 }
05-21 01:34:14.761  2090  4882 I ActivityManager: Enqueued broadcast Intent { act=android.intent.action.MEDIA_SCANNER_SCAN_FILE dat=file:///... flg=0x400000 }: 0
05-21 01:34:14.765  2090 10045 W JobInfo : Job 'com.google.android.providers.media.module/com.android.providers.media.MediaService#-300' has a deadline with no functional constraints. The deadline won't improve job execution latency. Consider removing the deadline.
05-21 01:34:14.777  2090  2695 I ActivityManager: Broadcast completed: result=0
05-21 01:34:14.780  8433  9826 I MediaProvider: Begin Intent { act=android.intent.action.MEDIA_SCANNER_SCAN_FILE dat=file:///... flg=0x1400010 cmp=com.google.android.providers.media.module/com.android.providers.media.MediaService }
05-21 01:34:14.791  8433  9826 I MediaProvider: End Intent { act=android.intent.action.MEDIA_SCANNER_SCAN_FILE dat=file:///... flg=0x1400010 cmp=com.google.android.providers.media.module/com.android.providers.media.MediaService }
05-21 01:34:14.897  8433 20643 I MediaProvider: Deleted 0 1 0 0 0 0 0 items on external_primary due to com.android.shell
05-21 01:34:14.942 19513 19513 W dumpsys : Thread Pool max thread count is 0. Cannot cache binder as linkToDeath cannot be implemented. serviceName: display
05-21 01:34:15.135 19521 19521 W dumpsys : Thread Pool max thread count is 0. Cannot cache binder as linkToDeath cannot be implemented. serviceName: input
05-21 01:34:15.236 19528 19528 W dumpsys : Thread Pool max thread count is 0. Cannot cache binder as linkToDeath cannot be implemented. serviceName: display
05-21 01:34:15.414 19537 19537 W dumpsys : Thread Pool max thread count is 0. Cannot cache binder as linkToDeath cannot be implemented. serviceName: input
05-21 01:34:15.502 19543 19543 W dumpsys : Thread Pool max thread count is 0. Cannot cache binder as linkToDeath cannot be implemented. serviceName: display
05-21 01:34:15.703 19551 19551 W dumpsys : Thread Pool max thread count is 0. Cannot cache binder as linkToDeath cannot be implemented. serviceName: input
05-21 01:34:15.790 19556 19556 W dumpsys : Thread Pool max thread count is 0. Cannot cache binder as linkToDeath cannot be implemented. serviceName: display
05-21 01:34:15.980 19564 19564 W dumpsys : Thread Pool max thread count is 0. Cannot cache binder as linkToDeath cannot be implemented. serviceName: input
05-21 01:34:16.157  1841  1841 I RefreshRateSelector: Display 4630946747577212034 policy changed
05-21 01:34:16.157  1841  1841 I RefreshRateSelector: Previous: {defaultModeId=0, allowGroupSwitching=false, primaryRanges={physical=[60.00 Hz, 120.00 Hz], render=[60.00 Hz, 60.00 Hz]}, appRequestRanges={physical=[0.00 Hz, 120.00 Hz], render=[0.00 Hz, 120.00 Hz]} idleScreenConfig=nullptr}
05-21 01:34:16.157  1841  1841 I RefreshRateSelector: Current:  DisplayManagerPolicy{defaultModeId=0, allowGroupSwitching=false, primaryRanges={physical=[60.00 Hz, 120.00 Hz], render=[60.00 Hz, 120.00 Hz]}, appRequestRanges={physical=[0.00 Hz, 120.00 Hz], render=[0.00 Hz, 120.00 Hz]} idleScreenConfig=nullptr}
05-21 01:34:16.157  1841  1841 I RefreshRateSelector: 0 mode changes were performed under the previous policy
05-21 01:34:16.157  1841  1841 I Scheduler: onDisplayModeChanged: [2 60 0x0]
05-21 01:34:16.157  1841  1841 I Scheduler: getPreferredDisplayMode: UpdateRefreshRate 60 to 90 of group 0: [touch=1 scroll=0 idle=1 prr=0 brightnessDiming=0] for display 4630946747577212034
05-21 01:34:16.157  1841  1841 I SurfaceFlinger: Switching to Scheduler preferred mode 1 (90.00 Hz) for display 4630946747577212034
05-21 01:34:16.176  1841  1841 I SurfaceFlinger: initiateDisplayModeChanges changing active mode from 2(60.00 Hz:0) to 1(90.00 Hz:0) for display 4630946747577212034
05-21 01:34:16.176  1841  1841 I SurfaceFlinger: initiateDisplayModeChanges active mode changed to 1(90.00 Hz) for display 4630946747577212034. mBrightnessDimingCnt=0
05-21 01:34:16.177  1755  2013 W SDM     : HWDeviceDRM::GetSupportedBitClkRate: Requested rate not supported: 0
05-21 01:34:16.178  1755  2013 I SDM     : HWDeviceDRM::UpdateMixerAttributes: Mixer WxH 1080x2400-0 for Peripheral
05-21 01:34:16.178  1755  2013 I SDM     : HWCDisplay::SubmitDisplayConfig: Active configuration changed from config 2 to 1
05-21 01:34:16.179  1755  2957 E Dpps    : DppsServer::RunPollIteration():475 Poll iteration failed with ret -95
05-21 01:34:16.179  1755  2957 E Dpps    : DppsServer::Run():290 Poll iteration failed, ret -95
05-21 01:34:16.208  1841  1841 I Scheduler: onDisplayModeChanged: [1 90 0x0]
05-21 01:34:16.209  1841  1841 I SurfaceFlinger: initiateDisplayModeChanges changing active mode from 1(90.00 Hz:0) to 1(90.00 Hz:0) for display 4630946747577212034
05-21 01:34:16.209  2090  2699 I DisplayDeviceRepository: Display device changed render timings: "Pantalla integrada", renderFrameRate=90.0, presentationDeadlineNanos=11500000, appVsyncOffsetNanos=9166667, frameRateOverrides=[]
05-21 01:34:16.215  8730  8730 I MotoDesktopLog: [ R4DisplayService ] - getFoldType, mFoldType0
05-21 01:34:16.217  8730  8730 I MotoDesktopLog: [ FS_ScreenSizeManager ] - [Display] Changed display: 0
05-21 01:34:16.217  8730  8730 I MotoDesktopLog: [ FS_ScreenSizeManager ] - [Display] Current activity display id: null
05-21 01:34:16.217  8730  8730 I MotoDesktopLog: [ FS_ScreenSizeManager ] - [Logic] Retrieved display info: LogicDisplayInfo(width=1080, height=2400, orientation=1, rotation=0, displayId=0)
05-21 01:34:16.217  8730  8730 I MotoDesktopLog: [ FS_ScreenSizeManager ] - [Display] New logical size: 1080x2400
05-21 01:34:16.217  8730  8730 I MotoDesktopLog: [ FS_ScreenSizeManager ] - [Display] Screen width unchanged: 1080
05-21 01:34:16.311  8433 24175 I PSyncWorker: Starting proactive picker sync from sync source: 1
05-21 01:34:16.311  8433 24175 I PickerSyncTracker: Created new sync future java.util.concurrent.CompletableFuture@bbd63da[Not completed, 1 dependents]. Future map: {153ffc01-51bc-4b39-8694-d09f5614edd7=java.util.concurrent.CompletableFuture@bbd63da[Not completed, 1 dependents]}
05-21 01:34:16.312  8433 24175 I PickerSyncController: Executing SyncAdd. isLocal: true. authority: com.android.providers.media.photopicker
05-21 01:34:16.315  8433 24175 I PickerSyncController: Paged sync successful. QueryArgs: Bundle[{android.provider.extra.SYNC_GENERATION=4625, android.provider.extra.PAGE_SIZE=1000}] Total Rows: 0
05-21 01:34:16.315  8433 24175 I PickerSyncController: Executing SyncRemove. isLocal: true. authority: com.android.providers.media.photopicker
05-21 01:34:16.316  8433 24175 E PickerDbFacade: Could not get first date taken millis for media id: 1000000529
05-21 01:34:16.316  8433 24175 W PickerDbFacade: Unable to promote cloud media with localId: 1000000529
05-21 01:34:16.317  8433 24175 I PickerSyncController: Paged sync successful. QueryArgs: Bundle[{android.provider.extra.SYNC_GENERATION=4625, android.provider.extra.PAGE_SIZE=1000}] Total Rows: 0
05-21 01:34:16.318  8433 24175 I PickerSyncTracker: Marked sync future complete for work id: 153ffc01-51bc-4b39-8694-d09f5614edd7. Future map: {}
05-21 01:34:16.318  8433 24175 I PSyncWorker: Completed picker proactive sync complete from local provider.
05-21 01:34:16.319  8433  9122 I WM-WorkerWrapper: Worker result SUCCESS for Work [ id=153ffc01-51bc-4b39-8694-d09f5614edd7, tags={ com.android.providers.media.photopicker.sync.ProactiveSyncWorker } ]
05-21 01:34:16.488  2090  6219 I MotoStaCheckin: onWifiUsabilityStats, seqNum: 1864, isSameBssidAndFreq: true, RSSI: -40, isThroughputSufficient: true, LinkSpeed: 866 Mbps, RxLinkSpeed: 866 Mbps
05-21 01:34:16.489  2090  6219 I MotoStaCheckin: onWifiUsabilityStats, Duration: 2074111417, Rx Good: 0 ( PPS: 0 ), Tx Good: 2, Tx Bad: 0 ( 0 % ), Tx Retry: 0 ( 0 % ), NSS: 2, Bandwidth: 2
05-21 01:34:17.263 13141 16797 I NearbyMediums: No BLE Fast/GATT advertisements found in the latest cycle.
05-21 01:34:17.264 13141 16797 I NearbyMediums: Current Tracked Scanning Clients are : {NearbyConnections.EnvironmentMonitor, NearbySharing, NearbyConnections.TxAdvertisement}
05-21 01:34:17.341  1841  2024 I Scheduler: applyPolicy: UpdateRefreshRate 90 to 120 of group 0: [touch=0:0 touchBoost=0 scroll=0:0 idle=0:0 prr=0:0 brightnessDiming=0:0 qvrr=0:0] for display 4630946747577212034
05-21 01:34:17.351  1841  1841 I SurfaceFlinger: initiateDisplayModeChanges changing active mode from 1(90.00 Hz:0) to 0(120.00 Hz:0) for display 4630946747577212034
05-21 01:34:17.351  1841  1841 I SurfaceFlinger: initiateDisplayModeChanges active mode changed to 0(120.00 Hz) for display 4630946747577212034. mBrightnessDimingCnt=0
05-21 01:34:17.352  1755  2013 W SDM     : HWDeviceDRM::GetSupportedBitClkRate: Requested rate not supported: 0
05-21 01:34:17.352  1755  2013 I SDM     : HWDeviceDRM::UpdateMixerAttributes: Mixer WxH 1080x2400-0 for Peripheral
05-21 01:34:17.353  1755  2013 I SDM     : HWCDisplay::SubmitDisplayConfig: Active configuration changed from config 1 to 0
05-21 01:34:17.354  1755  2957 E Dpps    : DppsServer::RunPollIteration():475 Poll iteration failed with ret -95
05-21 01:34:17.354  1755  2957 E Dpps    : DppsServer::Run():290 Poll iteration failed, ret -95
05-21 01:34:17.361  1841  1841 I Scheduler: onDisplayModeChanged: [0 120 0x0]
05-21 01:34:17.362  2090  2699 I DisplayDeviceRepository: Display device changed render timings: "Pantalla integrada", renderFrameRate=120.00001, presentationDeadlineNanos=11500000, appVsyncOffsetNanos=833333, frameRateOverrides=[]
05-21 01:34:17.362  1841  1841 I SurfaceFlinger: initiateDisplayModeChanges changing active mode from 0(120.00 Hz:0) to 0(120.00 Hz:0) for display 4630946747577212034
05-21 01:34:17.366  8730  8730 I MotoDesktopLog: [ R4DisplayService ] - getFoldType, mFoldType0
05-21 01:34:17.367  8730  8730 I MotoDesktopLog: [ FS_ScreenSizeManager ] - [Display] Changed display: 0
05-21 01:34:17.367  8730  8730 I MotoDesktopLog: [ FS_ScreenSizeManager ] - [Display] Current activity display id: null
05-21 01:34:17.367  8730  8730 I MotoDesktopLog: [ FS_ScreenSizeManager ] - [Logic] Retrieved display info: LogicDisplayInfo(width=1080, height=2400, orientation=1, rotation=0, displayId=0)
05-21 01:34:17.367  8730  8730 I MotoDesktopLog: [ FS_ScreenSizeManager ] - [Display] New logical size: 1080x2400
05-21 01:34:17.367  8730  8730 I MotoDesktopLog: [ FS_ScreenSizeManager ] - [Display] Screen width unchanged: 1080
05-21 01:34:17.385 19610 19610 W dumpsys : Thread Pool max thread count is 0. Cannot cache binder as linkToDeath cannot be implemented. serviceName: activity
05-21 01:34:17.438 19613 19613 W dumpsys : Thread Pool max thread count is 0. Cannot cache binder as linkToDeath cannot be implemented. serviceName: activity
05-21 01:34:17.495 19618 19618 W dumpsys : Thread Pool max thread count is 0. Cannot cache binder as linkToDeath cannot be implemented. serviceName: activity
05-21 01:34:17.550 19621 19621 W dumpsys : Thread Pool max thread count is 0. Cannot cache binder as linkToDeath cannot be implemented. serviceName: activity
05-21 01:34:17.697 19624 19624 W screencap: Thread Pool max thread count is 0. Cannot cache binder as linkToDeath cannot be implemented. serviceName: SurfaceFlingerAIDL
05-21 01:34:17.697 19624 19624 W BpBinder: Linking to death on android.gui.ISurfaceComposer but there are no threads (yet?) listening to incoming transactions. See ProcessState::startThreadPool and ProcessState::setThreadPoolMaxThreadCount. Generally you should setup the binder threadpool before other initialization steps.
05-21 01:34:17.697 19624 19624 W ProcessState: Extra binder thread started, but 0 threads requested. Do not use *startThreadPool when zero threads are requested.
05-21 01:34:17.699  1841  3565 E HWComposer: getLuts: getLuts failed for display 4630946747577212034: UNSUPPORTED (8)
05-21 01:34:17.736  8433  9225 W MediaProvider: isAppCloneUserPair for user 0: false
05-21 01:34:17.858  1841  1841 I RefreshRateSelector: Display 4630946747577212034 policy changed
05-21 01:34:17.858  1841  1841 I RefreshRateSelector: Previous: {defaultModeId=0, allowGroupSwitching=false, primaryRanges={physical=[60.00 Hz, 120.00 Hz], render=[60.00 Hz, 120.00 Hz]}, appRequestRanges={physical=[0.00 Hz, 120.00 Hz], render=[0.00 Hz, 120.00 Hz]} idleScreenConfig=nullptr}
05-21 01:34:17.858  1841  1841 I RefreshRateSelector: Current:  DisplayManagerPolicy{defaultModeId=0, allowGroupSwitching=false, primaryRanges={physical=[60.00 Hz, 120.00 Hz], render=[60.00 Hz, 60.00 Hz]}, appRequestRanges={physical=[0.00 Hz, 120.00 Hz], render=[0.00 Hz, 120.00 Hz]} idleScreenConfig=nullptr}
05-21 01:34:17.858  1841  1841 I RefreshRateSelector: 2 mode changes were performed under the previous policy
05-21 01:34:17.858  1841  1841 I Scheduler: onDisplayModeChanged: [0 120 0x0]
05-21 01:34:17.858  1841  1841 I Scheduler: getPreferredDisplayMode: UpdateRefreshRate 120 to 60 of group 0: [touch=0 scroll=0 idle=0 prr=0 brightnessDiming=0] for display 4630946747577212034
05-21 01:34:17.858  1841  1841 I SurfaceFlinger: Switching to Scheduler preferred mode 2 (60.00 Hz) for display 4630946747577212034
05-21 01:34:17.858  1841  1841 I DisplayModeController: Desired transition mode changed. 120 -> 60
05-21 01:34:17.861  1841  1841 I SurfaceFlinger: initiateDisplayModeChanges changing active mode from 0(120.00 Hz:0) to 1(90.00 Hz:0) for display 4630946747577212034
05-21 01:34:17.861  1841  1841 I SurfaceFlinger: initiateDisplayModeChanges active mode changed to 1(90.00 Hz) for display 4630946747577212034. mBrightnessDimingCnt=0
05-21 01:34:17.862  1755  2013 W SDM     : HWDeviceDRM::GetSupportedBitClkRate: Requested rate not supported: 0
05-21 01:34:17.862  1755  2013 I SDM     : HWDeviceDRM::UpdateMixerAttributes: Mixer WxH 1080x2400-0 for Peripheral
05-21 01:34:17.862  1755  2013 I SDM     : HWCDisplay::SubmitDisplayConfig: Active configuration changed from config 0 to 1
05-21 01:34:17.864  1755  2957 E Dpps    : DppsServer::RunPollIteration():475 Poll iteration failed with ret -95
05-21 01:34:17.864  1755  2957 E Dpps    : DppsServer::Run():290 Poll iteration failed, ret -95
05-21 01:34:17.868  1841  1841 I SurfaceFlinger: initiateDisplayModeChanges changing active mode from 1(90.00 Hz:0) to 1(90.00 Hz:0) for display 4630946747577212034
05-21 01:34:17.883  1841  1841 I SurfaceFlinger: initiateDisplayModeChanges changing active mode from 1(90.00 Hz:0) to 2(60.00 Hz:0) for display 4630946747577212034
05-21 01:34:17.884  1841  1841 I SurfaceFlinger: initiateDisplayModeChanges active mode changed to 2(60.00 Hz) for display 4630946747577212034. mBrightnessDimingCnt=0
05-21 01:34:17.884  1755  2013 W SDM     : HWDeviceDRM::GetSupportedBitClkRate: Requested rate not supported: 0
05-21 01:34:17.884  1755  2013 I SDM     : HWDeviceDRM::UpdateMixerAttributes: Mixer WxH 1080x2400-0 for Peripheral
05-21 01:34:17.885  1755  2013 I SDM     : HWCDisplay::SubmitDisplayConfig: Active configuration changed from config 1 to 2
05-21 01:34:17.885  1755  2957 E Dpps    : DppsServer::RunPollIteration():475 Poll iteration failed with ret -95
05-21 01:34:17.885  1755  2957 E Dpps    : DppsServer::Run():290 Poll iteration failed, ret -95
05-21 01:34:17.905  1841  1841 I Scheduler: onDisplayModeChanged: [2 60 0x0]
05-21 01:34:17.906  1841  1841 I SurfaceFlinger: initiateDisplayModeChanges changing active mode from 2(60.00 Hz:0) to 2(60.00 Hz:0) for display 4630946747577212034
05-21 01:34:17.907  2090  2699 I DisplayDeviceRepository: Display device changed render timings: "Pantalla integrada", renderFrameRate=60.000004, presentationDeadlineNanos=11500000, appVsyncOffsetNanos=9166666, frameRateOverrides=[]
05-21 01:34:17.913  8730  8730 I MotoDesktopLog: [ R4DisplayService ] - getFoldType, mFoldType0
05-21 01:34:17.914  8730  8730 I MotoDesktopLog: [ FS_ScreenSizeManager ] - [Display] Changed display: 0
05-21 01:34:17.914  8730  8730 I MotoDesktopLog: [ FS_ScreenSizeManager ] - [Display] Current activity display id: null
05-21 01:34:17.914  8730  8730 I MotoDesktopLog: [ FS_ScreenSizeManager ] - [Logic] Retrieved display info: LogicDisplayInfo(width=1080, height=2400, orientation=1, rotation=0, displayId=0)
05-21 01:34:17.914  8730  8730 I MotoDesktopLog: [ FS_ScreenSizeManager ] - [Display] New logical size: 1080x2400
05-21 01:34:17.914  8730  8730 I MotoDesktopLog: [ FS_ScreenSizeManager ] - [Display] Screen width unchanged: 1080
05-21 01:34:18.029  2090  4882 I ActivityManager: Broadcasting: Intent { act=android.intent.action.MEDIA_SCANNER_SCAN_FILE dat=file:///... flg=0x400000 }
05-21 01:34:18.030  2090  4882 I ActivityManager: Enqueued broadcast Intent { act=android.intent.action.MEDIA_SCANNER_SCAN_FILE dat=file:///... flg=0x400000 }: 0
05-21 01:34:18.033  2090 10045 W JobInfo : Job 'com.google.android.providers.media.module/com.android.providers.media.MediaService#-300' has a deadline with no functional constraints. The deadline won't improve job execution latency. Consider removing the deadline.
05-21 01:34:18.040  2090  2695 I ActivityManager: Broadcast completed: result=0
05-21 01:34:18.042  8433  9826 I MediaProvider: Begin Intent { act=android.intent.action.MEDIA_SCANNER_SCAN_FILE dat=file:///... flg=0x1400010 cmp=com.google.android.providers.media.module/com.android.providers.media.MediaService }
05-21 01:34:18.054  8433  9826 I MediaProvider: End Intent { act=android.intent.action.MEDIA_SCANNER_SCAN_FILE dat=file:///... flg=0x1400010 cmp=com.google.android.providers.media.module/com.android.providers.media.MediaService }
05-21 01:34:18.126  8433  9224 I MediaProvider: Deleted 0 1 0 0 0 0 0 items on external_primary due to com.android.shell
05-21 01:34:18.129 13141 13177 I UriTaskContentObserver: (REDACTED) Throttling content uri change event for %s
05-21 01:34:18.169 19638 19638 W dumpsys : Thread Pool max thread count is 0. Cannot cache binder as linkToDeath cannot be implemented. serviceName: display
05-21 01:34:18.342 19646 19646 W dumpsys : Thread Pool max thread count is 0. Cannot cache binder as linkToDeath cannot be implemented. serviceName: input
05-21 01:34:18.487 19653 19653 W dumpsys : Thread Pool max thread count is 0. Cannot cache binder as linkToDeath cannot be implemented. serviceName: activity
05-21 01:34:18.545 19656 19656 W dumpsys : Thread Pool max thread count is 0. Cannot cache binder as linkToDeath cannot be implemented. serviceName: activity
05-21 01:34:18.606 19659 19659 W dumpsys : Thread Pool max thread count is 0. Cannot cache binder as linkToDeath cannot be implemented. serviceName: activity
05-21 01:34:18.670 19662 19662 W dumpsys : Thread Pool max thread count is 0. Cannot cache binder as linkToDeath cannot be implemented. serviceName: activity
05-21 01:34:18.818 19665 19665 W screencap: Thread Pool max thread count is 0. Cannot cache binder as linkToDeath cannot be implemented. serviceName: SurfaceFlingerAIDL
05-21 01:34:18.819 19665 19665 W BpBinder: Linking to death on android.gui.ISurfaceComposer but there are no threads (yet?) listening to incoming transactions. See ProcessState::startThreadPool and ProcessState::setThreadPoolMaxThreadCount. Generally you should setup the binder threadpool before other initialization steps.
