05-21 01:33:49.299 17165 17184 W dnth    : 	at libcore.io.IoBridge.open(IoBridge.java:574)
05-21 01:33:49.299 17165 17184 W dnth    : 	at java.io.FileInputStream.<init>(FileInputStream.java:179)
05-21 01:33:49.299 17165 17184 W dnth    : 	at fenx.a(PG:10)
05-21 01:33:49.299 17165 17184 W dnth    : 	at dodt.f(PG:43)
05-21 01:33:49.299 17165 17184 W dnth    : 	at dodt.b(PG:214)
05-21 01:33:49.299 17165 17184 W dnth    : 	at dodk.apply(PG:19)
05-21 01:33:49.299 17165 17184 W dnth    : 	at fftb.c(PG:3)
05-21 01:33:49.299 17165 17184 W dnth    : 	at fftd.run(PG:47)
05-21 01:33:49.299 17165 17184 W dnth    : 	at java.util.concurrent.Executors$RunnableAdapter.call(Executors.java:524)
05-21 01:33:49.299 17165 17184 W dnth    : 	at java.util.concurrent.FutureTask.run(FutureTask.java:317)
05-21 01:33:49.299 17165 17184 W dnth    : 	at java.util.concurrent.ScheduledThreadPoolExecutor$ScheduledFutureTask.run(ScheduledThreadPoolExecutor.java:348)
05-21 01:33:49.299 17165 17184 W dnth    : 	at java.util.concurrent.ThreadPoolExecutor.runWorker(ThreadPoolExecutor.java:1156)
05-21 01:33:49.299 17165 17184 W dnth    : 	at java.util.concurrent.ThreadPoolExecutor$Worker.run(ThreadPoolExecutor.java:651)
05-21 01:33:49.299 17165 17184 W dnth    : 	at dnte.run(PG:12)
05-21 01:33:49.299 17165 17184 W dnth    : 	at java.lang.Thread.run(Thread.java:1119)
05-21 01:33:49.299 17165 17184 W dnth    : Caused by: android.system.ErrnoException: open failed: ENOENT (No such file or directory)
05-21 01:33:49.299 17165 17184 W dnth    : 	at libcore.io.Linux.open(Native Method)
05-21 01:33:49.299 17165 17184 W dnth    : 	at libcore.io.ForwardingOs.open(ForwardingOs.java:568)
05-21 01:33:49.299 17165 17184 W dnth    : 	at libcore.io.BlockGuardOs.open(BlockGuardOs.java:274)
05-21 01:33:49.299 17165 17184 W dnth    : 	at libcore.io.ForwardingOs.open(ForwardingOs.java:568)
05-21 01:33:49.299 17165 17184 W dnth    : 	at android.app.ActivityThread$AndroidOs.open(ActivityThread.java:9215)
05-21 01:33:49.299 17165 17184 W dnth    : 	at libcore.io.IoBridge.open(IoBridge.java:560)
05-21 01:33:49.299 17165 17184 W dnth    : 	... 14 more
05-21 01:33:49.299 17165 17184 W dnth    : (REDACTED) Error reading proc %s
05-21 01:33:49.299 17165 17184 W dnth    : java.io.FileNotFoundException: /proc/17165/dmabuf_pss: open failed: ENOENT (No such file or directory)
05-21 01:33:49.299 17165 17184 W dnth    : 	at libcore.io.IoBridge.open(IoBridge.java:574)
05-21 01:33:49.299 17165 17184 W dnth    : 	at java.io.FileInputStream.<init>(FileInputStream.java:179)
05-21 01:33:49.299 17165 17184 W dnth    : 	at fenx.a(PG:10)
05-21 01:33:49.299 17165 17184 W dnth    : 	at dodt.f(PG:43)
05-21 01:33:49.299 17165 17184 W dnth    : 	at dodt.b(PG:228)
05-21 01:33:49.299 17165 17184 W dnth    : 	at dodk.apply(PG:19)
05-21 01:33:49.299 17165 17184 W dnth    : 	at fftb.c(PG:3)
05-21 01:33:49.299 17165 17184 W dnth    : 	at fftd.run(PG:47)
05-21 01:33:49.299 17165 17184 W dnth    : 	at java.util.concurrent.Executors$RunnableAdapter.call(Executors.java:524)
05-21 01:33:49.299 17165 17184 W dnth    : 	at java.util.concurrent.FutureTask.run(FutureTask.java:317)
05-21 01:33:49.299 17165 17184 W dnth    : 	at java.util.concurrent.ScheduledThreadPoolExecutor$ScheduledFutureTask.run(ScheduledThreadPoolExecutor.java:348)
05-21 01:33:49.299 17165 17184 W dnth    : 	at java.util.concurrent.ThreadPoolExecutor.runWorker(ThreadPoolExecutor.java:1156)
05-21 01:33:49.299 17165 17184 W dnth    : 	at java.util.concurrent.ThreadPoolExecutor$Worker.run(ThreadPoolExecutor.java:651)
05-21 01:33:49.299 17165 17184 W dnth    : 	at dnte.run(PG:12)
05-21 01:33:49.299 17165 17184 W dnth    : 	at java.lang.Thread.run(Thread.java:1119)
05-21 01:33:49.299 17165 17184 W dnth    : Caused by: android.system.ErrnoException: open failed: ENOENT (No such file or directory)
05-21 01:33:49.299 17165 17184 W dnth    : 	at libcore.io.Linux.open(Native Method)
05-21 01:33:49.299 17165 17184 W dnth    : 	at libcore.io.ForwardingOs.open(ForwardingOs.java:568)
05-21 01:33:49.299 17165 17184 W dnth    : 	at libcore.io.BlockGuardOs.open(BlockGuardOs.java:274)
05-21 01:33:49.299 17165 17184 W dnth    : 	at libcore.io.ForwardingOs.open(ForwardingOs.java:568)
05-21 01:33:49.299 17165 17184 W dnth    : 	at android.app.ActivityThread$AndroidOs.open(ActivityThread.java:9215)
05-21 01:33:49.299 17165 17184 W dnth    : 	at libcore.io.IoBridge.open(IoBridge.java:560)
05-21 01:33:49.299 17165 17184 W dnth    : 	... 14 more
05-21 01:33:49.309  2090  6219 I MotoStaCheckin: onWifiUsabilityStats, seqNum: 1855, isSameBssidAndFreq: true, RSSI: -38, isThroughputSufficient: true, LinkSpeed: 866 Mbps, RxLinkSpeed: 866 Mbps
05-21 01:33:49.309  2090  6219 I MotoStaCheckin: onWifiUsabilityStats, Duration: 2074084237, Rx Good: 6 ( PPS: 0 ), Tx Good: 10, Tx Bad: 0 ( 0 % ), Tx Retry: 0 ( 0 % ), NSS: 2, Bandwidth: 2
05-21 01:33:49.343 17165 17193 I ecfd    : Received an intent for GNP, won't process
05-21 01:33:49.353 17165 17189 W JobInfo : Requested important-while-foreground flag for job5480 is ignored and takes no effect
05-21 01:33:49.365  2090  3175 I ActivityManager: Broadcasting: Intent { act=android.intent.action.MEDIA_SCANNER_SCAN_FILE dat=file:///... flg=0x400000 }
05-21 01:33:49.365  2090  3175 I ActivityManager: Enqueued broadcast Intent { act=android.intent.action.MEDIA_SCANNER_SCAN_FILE dat=file:///... flg=0x400000 }: 0
05-21 01:33:49.370  2090  9812 W JobInfo : Job 'com.google.android.providers.media.module/com.android.providers.media.MediaService#-300' has a deadline with no functional constraints. The deadline won't improve job execution latency. Consider removing the deadline.
05-21 01:33:49.372  2090  2695 I ActivityManager: Broadcast completed: result=0
05-21 01:33:49.379  8433  9826 I MediaProvider: Begin Intent { act=android.intent.action.MEDIA_SCANNER_SCAN_FILE dat=file:///... flg=0x1400010 cmp=com.google.android.providers.media.module/com.android.providers.media.MediaService }
05-21 01:33:49.382 17165 17180 I dwap    : Broadcasting OPA enabled
05-21 01:33:49.390 17165 17180 I dwap    : Broadcasting OPA user enabled
05-21 01:33:49.393  8433  9826 I MediaProvider: End Intent { act=android.intent.action.MEDIA_SCANNER_SCAN_FILE dat=file:///... flg=0x1400010 cmp=com.google.android.providers.media.module/com.android.providers.media.MediaService }
05-21 01:33:49.417 17165 17190 I WM-WorkerWrapper: Worker result SUCCESS for Work [ id=302f4fa0-1ad4-4eeb-b4f0-70d7f37d2df6, tags={ com.google.apps.tiktok.contrib.work.TikTokListenableWorker,TikTokWorker#com.google.android.libraries.search.assistant.launcher.OpaEnabledBroadcastWorker } ]
05-21 01:33:49.434  8730  8730 I MotoDesktopLog: [ NotificationMonitorService ] - onNotificationPosted hide: Notification(channel=71 shortcut=null contentView=null vibrate=null sound=null defaults=0 flags=GROUP_SUMMARY color=0x00000000 groupKey=-1704581689::SUMMARY::wx vis=PRIVATE publicVersion=Notification(channel=null shortcut=null contentView=null vibrate=null sound=null defaults=0 flags=0 color=0x00000000 vis=PRIVATE))
05-21 01:33:49.437  8730  8730 I MotoDesktopLog: [ NotificationMonitorService ] - onNotificationPosted hide: Notification(channel=71 shortcut=null contentView=null vibrate=null sound=null tick defaults=0 flags=ONLY_ALERT_ONCE color=0x00000000 groupKey=-1704581689::SUMMARY::wx vis=PRIVATE)
05-21 01:33:49.474  8433  9225 I MediaProvider: Deleted 0 1 0 0 0 0 0 items on external_primary due to com.android.shell
05-21 01:33:49.480 13141 13177 I UriTaskContentObserver: (REDACTED) Throttling content uri change event for %s
05-21 01:33:49.518 18612 18612 W dumpsys : Thread Pool max thread count is 0. Cannot cache binder as linkToDeath cannot be implemented. serviceName: display
05-21 01:33:49.658  4485  4965 W HWUI    : Image decoding logging dropped!
05-21 01:33:49.674  4485  4965 W HWUI    : Image decoding logging dropped!
05-21 01:33:49.679  4485  4965 W HWUI    : Image decoding logging dropped!
05-21 01:33:49.687 18621 18621 W dumpsys : Thread Pool max thread count is 0. Cannot cache binder as linkToDeath cannot be implemented. serviceName: input
05-21 01:33:49.696  8433 26485 I PSyncWorker: Starting proactive picker sync from sync source: 1
05-21 01:33:49.696  8433 26485 I PickerSyncTracker: Created new sync future java.util.concurrent.CompletableFuture@34f227b[Not completed, 1 dependents]. Future map: {29c5d57d-09f8-4d8d-896b-2452805d3f19=java.util.concurrent.CompletableFuture@34f227b[Not completed, 1 dependents]}
05-21 01:33:49.698  8433 26485 I PickerSyncController: Executing SyncAdd. isLocal: true. authority: com.android.providers.media.photopicker
05-21 01:33:49.702  8433 26485 I PickerSyncController: Paged sync successful. QueryArgs: Bundle[{android.provider.extra.SYNC_GENERATION=4481, android.provider.extra.PAGE_SIZE=1000}] Total Rows: 0
05-21 01:33:49.702  8433 26485 I PickerSyncController: Executing SyncRemove. isLocal: true. authority: com.android.providers.media.photopicker
05-21 01:33:49.703  8433 26485 W PickerDbFacade: Unable to promote cloud media with localId: 1000000516
05-21 01:33:49.703  8433 26485 W PickerDbFacade: Unable to promote cloud media with localId: 1000000517
05-21 01:33:49.705  8433 26485 I PickerSyncController: Paged sync successful. QueryArgs: Bundle[{android.provider.extra.SYNC_GENERATION=4481, android.provider.extra.PAGE_SIZE=1000}] Total Rows: 1
05-21 01:33:49.705  8433 26485 I PickerSyncTracker: Marked sync future complete for work id: 29c5d57d-09f8-4d8d-896b-2452805d3f19. Future map: {}
05-21 01:33:49.705  8433 26485 I PSyncWorker: Completed picker proactive sync complete from local provider.
05-21 01:33:49.707  8433  9153 I WM-WorkerWrapper: Worker result SUCCESS for Work [ id=29c5d57d-09f8-4d8d-896b-2452805d3f19, tags={ com.android.providers.media.photopicker.sync.ProactiveSyncWorker } ]
05-21 01:33:49.783 18626 18626 W dumpsys : Thread Pool max thread count is 0. Cannot cache binder as linkToDeath cannot be implemented. serviceName: display
05-21 01:33:49.957 18634 18634 W dumpsys : Thread Pool max thread count is 0. Cannot cache binder as linkToDeath cannot be implemented. serviceName: input
05-21 01:33:49.976  2090  3175 I system_server: AssetManager2(0xb40000764c323d78) locale list changing from [] to [es-US]
05-21 01:33:50.052  2090  2161 I system_server: Background concurrent mark compact GC freed 92MB AllocSpace bytes, 217(4308KB) LOS objects, 60% free, 62MB/158MB, paused 1.085ms,4.960ms total 248.245ms
05-21 01:33:50.053  2090  2162 I BpBinder: onLastStrongRef automatically unlinking death recipients: 
05-21 01:33:50.054 18639 18639 W dumpsys : Thread Pool max thread count is 0. Cannot cache binder as linkToDeath cannot be implemented. serviceName: display
05-21 01:33:50.061  2090  2163 W System  : A resource failed to call release. 
05-21 01:33:50.239 18648 18648 W dumpsys : Thread Pool max thread count is 0. Cannot cache binder as linkToDeath cannot be implemented. serviceName: input
05-21 01:33:50.269 13884 14100 I ekjt    : (REDACTED) HDM. appOpsListener %s %s
05-21 01:33:50.270 13884 14100 I ekjt    : (REDACTED) HDM. Ignoring irrelevant audio permission changes for package %s
05-21 01:33:50.270 13884 14100 I ekjt    : (REDACTED) HDM. appOpsListener %s %s
05-21 01:33:50.270 13884 14100 I ekjt    : (REDACTED) HDM. Ignoring irrelevant audio permission changes for package %s
05-21 01:33:50.328 18653 18653 W dumpsys : Thread Pool max thread count is 0. Cannot cache binder as linkToDeath cannot be implemented. serviceName: display
05-21 01:33:50.517 18663 18663 W dumpsys : Thread Pool max thread count is 0. Cannot cache binder as linkToDeath cannot be implemented. serviceName: input
05-21 01:33:50.694  1841  1841 I RefreshRateSelector: Display 4630946747577212034 policy changed
05-21 01:33:50.694  1841  1841 I RefreshRateSelector: Previous: {defaultModeId=0, allowGroupSwitching=false, primaryRanges={physical=[60.00 Hz, 120.00 Hz], render=[60.00 Hz, 60.00 Hz]}, appRequestRanges={physical=[0.00 Hz, 120.00 Hz], render=[0.00 Hz, 120.00 Hz]} idleScreenConfig=nullptr}
05-21 01:33:50.694  1841  1841 I RefreshRateSelector: Current:  DisplayManagerPolicy{defaultModeId=0, allowGroupSwitching=false, primaryRanges={physical=[60.00 Hz, 120.00 Hz], render=[60.00 Hz, 120.00 Hz]}, appRequestRanges={physical=[0.00 Hz, 120.00 Hz], render=[0.00 Hz, 120.00 Hz]} idleScreenConfig=nullptr}
05-21 01:33:50.694  1841  1841 I RefreshRateSelector: 0 mode changes were performed under the previous policy
05-21 01:33:50.694  1841  1841 I Scheduler: onDisplayModeChanged: [2 60 0x0]
05-21 01:33:50.694  1841  1841 I Scheduler: getPreferredDisplayMode: UpdateRefreshRate 60 to 90 of group 0: [touch=1 scroll=0 idle=1 prr=0 brightnessDiming=0] for display 4630946747577212034
05-21 01:33:50.694  1841  1841 I SurfaceFlinger: Switching to Scheduler preferred mode 1 (90.00 Hz) for display 4630946747577212034
05-21 01:33:50.718  1841  1841 I SurfaceFlinger: initiateDisplayModeChanges changing active mode from 2(60.00 Hz:0) to 1(90.00 Hz:0) for display 4630946747577212034
05-21 01:33:50.719  1841  1841 I SurfaceFlinger: initiateDisplayModeChanges active mode changed to 1(90.00 Hz) for display 4630946747577212034. mBrightnessDimingCnt=0
05-21 01:33:50.719  1755  2013 W SDM     : HWDeviceDRM::GetSupportedBitClkRate: Requested rate not supported: 0
05-21 01:33:50.719  1755  2013 I SDM     : HWDeviceDRM::UpdateMixerAttributes: Mixer WxH 1080x2400-0 for Peripheral
05-21 01:33:50.720  1755  2013 I SDM     : HWCDisplay::SubmitDisplayConfig: Active configuration changed from config 2 to 1
05-21 01:33:50.721  1755  2957 E Dpps    : DppsServer::RunPollIteration():475 Poll iteration failed with ret -95
05-21 01:33:50.721  1755  2957 E Dpps    : DppsServer::Run():290 Poll iteration failed, ret -95
05-21 01:33:50.752  1841  1841 I Scheduler: onDisplayModeChanged: [1 90 0x0]
05-21 01:33:50.753  2090  2699 I DisplayDeviceRepository: Display device changed render timings: "Pantalla integrada", renderFrameRate=90.0, presentationDeadlineNanos=11500000, appVsyncOffsetNanos=9166667, frameRateOverrides=[]
05-21 01:33:50.753  1841  1841 I SurfaceFlinger: initiateDisplayModeChanges changing active mode from 1(90.00 Hz:0) to 1(90.00 Hz:0) for display 4630946747577212034
05-21 01:33:50.760  8730  8730 I MotoDesktopLog: [ R4DisplayService ] - getFoldType, mFoldType0
05-21 01:33:50.761  8730  8730 I MotoDesktopLog: [ FS_ScreenSizeManager ] - [Display] Changed display: 0
05-21 01:33:50.761  8730  8730 I MotoDesktopLog: [ FS_ScreenSizeManager ] - [Display] Current activity display id: null
05-21 01:33:50.761  8730  8730 I MotoDesktopLog: [ FS_ScreenSizeManager ] - [Logic] Retrieved display info: LogicDisplayInfo(width=1080, height=2400, orientation=1, rotation=0, displayId=0)
05-21 01:33:50.761  8730  8730 I MotoDesktopLog: [ FS_ScreenSizeManager ] - [Display] New logical size: 1080x2400
05-21 01:33:50.761  8730  8730 I MotoDesktopLog: [ FS_ScreenSizeManager ] - [Display] Screen width unchanged: 1080
05-21 01:33:51.212 13141 17931 I NetworkScheduler.Stats: (REDACTED) Task %s/%s started execution. cause:%s exec_start_elapsed_seconds: %s
05-21 01:33:51.218 13141 18593 I NetworkScheduler.Stats: (REDACTED) Task %s/%s finished executing. cause:%s result: %s elapsed_millis: %s uptime_millis: %s exec_start_elapsed_seconds: %s
05-21 01:33:51.787  1841  2024 I Scheduler: applyPolicy: UpdateRefreshRate 90 to 120 of group 0: [touch=0:0 touchBoost=0 scroll=0:0 idle=0:0 prr=0:0 brightnessDiming=0:0 qvrr=0:0] for display 4630946747577212034
05-21 01:33:51.798  1841  1841 I SurfaceFlinger: initiateDisplayModeChanges changing active mode from 1(90.00 Hz:0) to 0(120.00 Hz:0) for display 4630946747577212034
05-21 01:33:51.799  1841  1841 I SurfaceFlinger: initiateDisplayModeChanges active mode changed to 0(120.00 Hz) for display 4630946747577212034. mBrightnessDimingCnt=0
05-21 01:33:51.800  1755  2013 W SDM     : HWDeviceDRM::GetSupportedBitClkRate: Requested rate not supported: 0
05-21 01:33:51.800  1755  2013 I SDM     : HWDeviceDRM::UpdateMixerAttributes: Mixer WxH 1080x2400-0 for Peripheral
05-21 01:33:51.801  1755  2013 I SDM     : HWCDisplay::SubmitDisplayConfig: Active configuration changed from config 1 to 0
05-21 01:33:51.801  1755  2957 E Dpps    : DppsServer::RunPollIteration():475 Poll iteration failed with ret -95
05-21 01:33:51.801  1755  2957 E Dpps    : DppsServer::Run():290 Poll iteration failed, ret -95
05-21 01:33:51.820  1841  1841 I Scheduler: onDisplayModeChanged: [0 120 0x0]
05-21 01:33:51.822  1841  1841 I SurfaceFlinger: initiateDisplayModeChanges changing active mode from 0(120.00 Hz:0) to 0(120.00 Hz:0) for display 4630946747577212034
05-21 01:33:51.824  2090  2699 I DisplayDeviceRepository: Display device changed render timings: "Pantalla integrada", renderFrameRate=120.00001, presentationDeadlineNanos=11500000, appVsyncOffsetNanos=833333, frameRateOverrides=[]
05-21 01:33:51.832  8730  8730 I MotoDesktopLog: [ R4DisplayService ] - getFoldType, mFoldType0
05-21 01:33:51.833  8730  8730 I MotoDesktopLog: [ FS_ScreenSizeManager ] - [Display] Changed display: 0
05-21 01:33:51.833  8730  8730 I MotoDesktopLog: [ FS_ScreenSizeManager ] - [Display] Current activity display id: null
05-21 01:33:51.834  8730  8730 I MotoDesktopLog: [ FS_ScreenSizeManager ] - [Logic] Retrieved display info: LogicDisplayInfo(width=1080, height=2400, orientation=1, rotation=0, displayId=0)
05-21 01:33:51.834  8730  8730 I MotoDesktopLog: [ FS_ScreenSizeManager ] - [Display] New logical size: 1080x2400
05-21 01:33:51.834  8730  8730 I MotoDesktopLog: [ FS_ScreenSizeManager ] - [Display] Screen width unchanged: 1080
05-21 01:33:51.943 18690 18690 W dumpsys : Thread Pool max thread count is 0. Cannot cache binder as linkToDeath cannot be implemented. serviceName: activity
05-21 01:33:52.006 18693 18693 W dumpsys : Thread Pool max thread count is 0. Cannot cache binder as linkToDeath cannot be implemented. serviceName: activity
05-21 01:33:52.069 18696 18696 W dumpsys : Thread Pool max thread count is 0. Cannot cache binder as linkToDeath cannot be implemented. serviceName: activity
05-21 01:33:52.127 18699 18699 W dumpsys : Thread Pool max thread count is 0. Cannot cache binder as linkToDeath cannot be implemented. serviceName: activity
05-21 01:33:52.290 18702 18702 W screencap: Thread Pool max thread count is 0. Cannot cache binder as linkToDeath cannot be implemented. serviceName: SurfaceFlingerAIDL
05-21 01:33:52.291 18702 18702 W BpBinder: Linking to death on android.gui.ISurfaceComposer but there are no threads (yet?) listening to incoming transactions. See ProcessState::startThreadPool and ProcessState::setThreadPoolMaxThreadCount. Generally you should setup the binder threadpool before other initialization steps.
05-21 01:33:52.291 18702 18702 W ProcessState: Extra binder thread started, but 0 threads requested. Do not use *startThreadPool when zero threads are requested.
05-21 01:33:52.293  1841  1939 E HWComposer: getLuts: getLuts failed for display 4630946747577212034: UNSUPPORTED (8)
05-21 01:33:52.324  8433  9224 W MediaProvider: isAppCloneUserPair for user 0: false
05-21 01:33:52.331  2090  6219 I MotoStaCheckin: onWifiUsabilityStats, seqNum: 1856, isSameBssidAndFreq: true, RSSI: -39, isThroughputSufficient: true, LinkSpeed: 866 Mbps, RxLinkSpeed: 866 Mbps
05-21 01:33:52.332  2090  6219 I MotoStaCheckin: onWifiUsabilityStats, Duration: 2074087260, Rx Good: 8 ( PPS: 0 ), Tx Good: 8, Tx Bad: 0 ( 0 % ), Tx Retry: 1 ( 11 % ), NSS: 2, Bandwidth: 2
05-21 01:33:52.336  1841  2025 I Scheduler: applyPolicy: UpdateRefreshRate 120 to 60 of group 0: [touch=0:0 touchBoost=0 scroll=0:0 idle=1:1 prr=0:0 brightnessDiming=0:0 qvrr=0:0] for display 4630946747577212034
05-21 01:33:52.336  1841  2025 I DisplayModeController: Desired transition mode changed. 120 -> 60
05-21 01:33:52.343  1841  1841 I SurfaceFlinger: initiateDisplayModeChanges changing active mode from 0(120.00 Hz:0) to 1(90.00 Hz:0) for display 4630946747577212034
05-21 01:33:52.343  1841  1841 I SurfaceFlinger: initiateDisplayModeChanges active mode changed to 1(90.00 Hz) for display 4630946747577212034. mBrightnessDimingCnt=0
05-21 01:33:52.344  1755  2013 W SDM     : HWDeviceDRM::GetSupportedBitClkRate: Requested rate not supported: 0
05-21 01:33:52.344  1755  2013 I SDM     : HWDeviceDRM::UpdateMixerAttributes: Mixer WxH 1080x2400-0 for Peripheral
05-21 01:33:52.345  1755  2013 I SDM     : HWCDisplay::SubmitDisplayConfig: Active configuration changed from config 0 to 1
05-21 01:33:52.345  1755  2957 E Dpps    : DppsServer::RunPollIteration():475 Poll iteration failed with ret -95
05-21 01:33:52.345  1755  2957 E Dpps    : DppsServer::Run():290 Poll iteration failed, ret -95
05-21 01:33:52.351  1841  1841 I SurfaceFlinger: initiateDisplayModeChanges changing active mode from 1(90.00 Hz:0) to 1(90.00 Hz:0) for display 4630946747577212034
05-21 01:33:52.375  1841  1841 I SurfaceFlinger: initiateDisplayModeChanges changing active mode from 1(90.00 Hz:0) to 2(60.00 Hz:0) for display 4630946747577212034
05-21 01:33:52.376  1841  1841 I SurfaceFlinger: initiateDisplayModeChanges active mode changed to 2(60.00 Hz) for display 4630946747577212034. mBrightnessDimingCnt=0
05-21 01:33:52.376  1755  2013 W SDM     : HWDeviceDRM::GetSupportedBitClkRate: Requested rate not supported: 0
05-21 01:33:52.376  1755  2013 I SDM     : HWDeviceDRM::UpdateMixerAttributes: Mixer WxH 1080x2400-0 for Peripheral
05-21 01:33:52.377  1755  2013 I SDM     : HWCDisplay::SubmitDisplayConfig: Active configuration changed from config 1 to 2
05-21 01:33:52.379  1755  2957 E Dpps    : DppsServer::RunPollIteration():475 Poll iteration failed with ret -95
05-21 01:33:52.379  1755  2957 E Dpps    : DppsServer::Run():290 Poll iteration failed, ret -95
05-21 01:33:52.397  1841  1841 I SurfaceFlinger: initiateDisplayModeChanges changing active mode from 2(60.00 Hz:0) to 2(60.00 Hz:0) for display 4630946747577212034
05-21 01:33:52.402  1841  1841 I RefreshRateSelector: Display 4630946747577212034 policy changed
05-21 01:33:52.402  1841  1841 I RefreshRateSelector: Previous: {defaultModeId=0, allowGroupSwitching=false, primaryRanges={physical=[60.00 Hz, 120.00 Hz], render=[60.00 Hz, 120.00 Hz]}, appRequestRanges={physical=[0.00 Hz, 120.00 Hz], render=[0.00 Hz, 120.00 Hz]} idleScreenConfig=nullptr}
05-21 01:33:52.402  1841  1841 I RefreshRateSelector: Current:  DisplayManagerPolicy{defaultModeId=0, allowGroupSwitching=false, primaryRanges={physical=[60.00 Hz, 120.00 Hz], render=[60.00 Hz, 60.00 Hz]}, appRequestRanges={physical=[0.00 Hz, 120.00 Hz], render=[0.00 Hz, 120.00 Hz]} idleScreenConfig=nullptr}
05-21 01:33:52.402  1841  1841 I RefreshRateSelector: 4 mode changes were performed under the previous policy
05-21 01:33:52.402  1841  1841 I Scheduler: onDisplayModeChanged: [2 60 0x0]
05-21 01:33:52.402  1841  1841 I Scheduler: getPreferredDisplayMode: UpdateRefreshRate 60 to 60 of group 0: [touch=0 scroll=0 idle=1 prr=0 brightnessDiming=0] for display 4630946747577212034
05-21 01:33:52.402  1841  1841 I SurfaceFlinger: Switching to Scheduler preferred mode 2 (60.00 Hz) for display 4630946747577212034
05-21 01:33:52.403  2090  2699 I DisplayDeviceRepository: Display device changed render timings: "Pantalla integrada", renderFrameRate=60.000004, presentationDeadlineNanos=11500000, appVsyncOffsetNanos=9166666, frameRateOverrides=[]
05-21 01:33:52.407  8730  8730 I MotoDesktopLog: [ R4DisplayService ] - getFoldType, mFoldType0
05-21 01:33:52.408  8730  8730 I MotoDesktopLog: [ FS_ScreenSizeManager ] - [Display] Changed display: 0
05-21 01:33:52.408  8730  8730 I MotoDesktopLog: [ FS_ScreenSizeManager ] - [Display] Current activity display id: null
05-21 01:33:52.408  8730  8730 I MotoDesktopLog: [ FS_ScreenSizeManager ] - [Logic] Retrieved display info: LogicDisplayInfo(width=1080, height=2400, orientation=1, rotation=0, displayId=0)
05-21 01:33:52.408  8730  8730 I MotoDesktopLog: [ FS_ScreenSizeManager ] - [Display] New logical size: 1080x2400
05-21 01:33:52.408  8730  8730 I MotoDesktopLog: [ FS_ScreenSizeManager ] - [Display] Screen width unchanged: 1080
05-21 01:33:52.746  1664  1664 I vendor.qti.bluetooth@1.0-ibs_handler: DeviceWakeUp: Writing IBS_WAKE_IND
05-21 01:33:52.746  1664  5269 I vendor.qti.bluetooth@1.0-ibs_handler: ProcessIbsCmd: Received IBS_WAKE_ACK: 0xFC
05-21 01:33:52.746  1664  5269 I vendor.qti.bluetooth@1.0-ibs_handler: ProcessIbsCmd: Signal wack_cond_
05-21 01:33:52.747  1664  5269 I vendor.qti.bluetooth@1.0-ibs_handler: ProcessIbsCmd: Received IBS_WAKE_IND: 0xFD
05-21 01:33:52.747  1664  5269 I vendor.qti.bluetooth@1.0-ibs_handler: ProcessIbsCmd: Writing IBS_WAKE_ACK
05-21 01:33:52.827  1664  5269 I vendor.qti.bluetooth@1.0-ibs_handler: ProcessIbsCmd: Received IBS_SLEEP_IND: 0xFE
05-21 01:33:52.858  2090 10045 I ActivityManager: Broadcasting: Intent { act=android.intent.action.MEDIA_SCANNER_SCAN_FILE dat=file:///... flg=0x400000 }
05-21 01:33:52.858  2090 10045 I ActivityManager: Enqueued broadcast Intent { act=android.intent.action.MEDIA_SCANNER_SCAN_FILE dat=file:///... flg=0x400000 }: 0
05-21 01:33:52.863  2090  9812 W JobInfo : Job 'com.google.android.providers.media.module/com.android.providers.media.MediaService#-300' has a deadline with no functional constraints. The deadline won't improve job execution latency. Consider removing the deadline.
05-21 01:33:52.872  2090  2695 I ActivityManager: Broadcast completed: result=0
05-21 01:33:52.875  8433  9826 I MediaProvider: Begin Intent { act=android.intent.action.MEDIA_SCANNER_SCAN_FILE dat=file:///... flg=0x1400010 cmp=com.google.android.providers.media.module/com.android.providers.media.MediaService }
05-21 01:33:52.883  8433  9826 I MediaProvider: End Intent { act=android.intent.action.MEDIA_SCANNER_SCAN_FILE dat=file:///... flg=0x1400010 cmp=com.google.android.providers.media.module/com.android.providers.media.MediaService }
05-21 01:33:52.986  8433 20643 I MediaProvider: Deleted 0 1 0 0 0 0 0 items on external_primary due to com.android.shell
05-21 01:33:53.031 18718 18718 W dumpsys : Thread Pool max thread count is 0. Cannot cache binder as linkToDeath cannot be implemented. serviceName: display
05-21 01:33:53.109  2090 10492 I AppSearchIcing: icing-search-engine.cc:2175: Persisting data to disk
05-21 01:33:53.114  2090 10492 I AppSearchIcing: icing-search-engine.cc:2191: PersistToDisk completed.
05-21 01:33:53.231 18727 18727 W dumpsys : Thread Pool max thread count is 0. Cannot cache binder as linkToDeath cannot be implemented. serviceName: input
05-21 01:33:53.326 18734 18734 W dumpsys : Thread Pool max thread count is 0. Cannot cache binder as linkToDeath cannot be implemented. serviceName: activity
05-21 01:33:53.366 17912 17912 I AidlLazyServiceRegistrar: Process has 0 (of 1 available) client(s) in use after notification artd has clients: 0
05-21 01:33:53.366 17912 17912 I AidlLazyServiceRegistrar: Trying to shut down the service. No clients in use for any service in process.
05-21 01:33:53.367 17912 17912 I AidlLazyServiceRegistrar: Unregistered all clients and exiting
05-21 01:33:53.390 18737 18737 W dumpsys : Thread Pool max thread count is 0. Cannot cache binder as linkToDeath cannot be implemented. serviceName: activity
05-21 01:33:53.445 18740 18740 W dumpsys : Thread Pool max thread count is 0. Cannot cache binder as linkToDeath cannot be implemented. serviceName: activity
05-21 01:33:53.495 18743 18743 W dumpsys : Thread Pool max thread count is 0. Cannot cache binder as linkToDeath cannot be implemented. serviceName: activity
05-21 01:33:53.642 18747 18747 W screencap: Thread Pool max thread count is 0. Cannot cache binder as linkToDeath cannot be implemented. serviceName: SurfaceFlingerAIDL
05-21 01:33:53.642 18747 18747 W BpBinder: Linking to death on android.gui.ISurfaceComposer but there are no threads (yet?) listening to incoming transactions. See ProcessState::startThreadPool and ProcessState::setThreadPoolMaxThreadCount. Generally you should setup the binder threadpool before other initialization steps.
05-21 01:33:53.642 18747 18747 W ProcessState: Extra binder thread started, but 0 threads requested. Do not use *startThreadPool when zero threads are requested.
05-21 01:33:53.644  1841  1939 E HWComposer: getLuts: getLuts failed for display 4630946747577212034: UNSUPPORTED (8)
05-21 01:33:53.677  8433 10148 W MediaProvider: isAppCloneUserPair for user 0: false
05-21 01:33:53.746  1664  5271 I vendor.qti.bluetooth@1.0-ibs_handler: DeviceSleep: TX Awake, Sending SLEEP_IND
05-21 01:33:53.821  2090  2717 I ActivityManager: Start proc 18752:com.motorola.om/u0a201 for service {com.motorola.om/com.motorola.om.presentation.tile.OmTileService}
05-21 01:33:53.821  2090  2717 I ActivityManager: ProcessObserver broadcast disabled
05-21 01:33:53.839 18752 18752 I com.motorola.om: Using CollectorTypeCMC GC.
05-21 01:33:53.843 18752 18752 E com.motorola.om: Not starting debugger since process cannot load the jdwp agent.
05-21 01:33:53.876 18752 18752 W com.motorola.om: Failed to find entry 'classes.dex': Entry not found
05-21 01:33:53.876 18752 18752 W com.motorola.om: Failed to find entry 'classes.dex': Entry not found
05-21 01:33:53.877 18752 18752 W com.motorola.om: Failed to find entry 'classes.dex': Entry not found
05-21 01:33:53.882 18752 18752 I com.motorola.om: AssetManager2(0xb40000764c26a7d8) locale list changing from [] to [es-US]
05-21 01:33:53.887 18752 18752 I OM.MotoOm: attachBaseContext 1.0.68.5
05-21 01:33:53.888 18752 18752 I [Koin]  : [init] declare Android Context
05-21 01:33:53.894 18752 18752 W [Koin]  : (+) override index 'W0.a::_root_' -> '[Factory:'W0.a']'
05-21 01:33:53.894 18752 18752 W [Koin]  : (+) override index 'com.motorola.om.core.injection.LocalFeatureInitializer::_root_' -> '[Singleton:'com.motorola.om.manager.core.checkin.CheckinEventHandler',binds:com.motorola.om.core.injection.LocalFeatureInitializer]'
05-21 01:33:53.894 18752 18752 W [Koin]  : (+) override index 'com.motorola.om.core.injection.LocalFeatureInitializer::_root_' -> '[Singleton:'C1.s',binds:com.motorola.om.core.injection.LocalFeatureInitializer]'
05-21 01:33:53.899 18752 18752 I OM.MotoOm: Starting MotoOm version 1.0.68.5
05-21 01:33:53.902 18752 18752 I Typeface: updateThemeFont new=Rookery-Regular;old=sans-serif;new=Rookery-Stacked;old=
05-21 01:33:53.903  2090 10000 I ActivityManager: Flag disabled. Ignoring finishAttachApplication from uid: 10201. pid: 18752
05-21 01:33:53.909 18752 18765 I OM.MotoOm: GetCurrentSupport - Support Only Occupy
05-21 01:33:53.925 18752 18769 W SystemServiceRegistry: No service published for: climanager
05-21 01:33:53.925 18752 18752 I OM.MotoOm: updateComponentState - ComponentInfo{com.motorola.om/com.motorola.om.presentation.LauncherActivity} - ENABLE
05-21 01:33:53.927 18752 18752 I OM.MotoOm: updateComponentState - ComponentInfo{com.motorola.om/com.motorola.om.presentation.router.OnBoardRouterActivity} - ENABLE
05-21 01:33:53.927 18752 18768 I OM.MotoOm: Initializing SpaceManager, needRecoverSpace=false
05-21 01:33:53.928 18752 18752 I OM.MotoOm: updateComponentState - ComponentInfo{com.motorola.om/com.motorola.om.presentation.tile.OmTileActivity} - ENABLE
05-21 01:33:53.929 18752 18765 E ashmem  : Pinning is deprecated since Android Q. Please use trim or other methods.
05-21 01:33:53.930 18752 18765 I OM.MotoOm: unwantedBehavior: false
05-21 01:33:54.164 18752 18769 I com.motorola.om: AssetManager2(0xb40000764c266638) locale list changing from [] to [es-US]
05-21 01:33:54.169 18752 18769 I com.motorola.om: AssetManager2(0xb40000764c268bb8) locale list changing from [] to [es-US]
05-21 01:33:54.173 18752 18769 I com.motorola.om: AssetManager2(0xb40000764c26b458) locale list changing from [] to [es-US]
05-21 01:33:54.175 18752 18769 I com.motorola.om: AssetManager2(0xb40000764c2675d8) locale list changing from [] to [es-US]
05-21 01:33:54.180 18752 18769 I com.motorola.om: AssetManager2(0xb40000764c269518) locale list changing from [] to [es-US]
05-21 01:33:54.185 18752 18769 I com.motorola.om: AssetManager2(0xb40000764c264d38) locale list changing from [] to [es-US]
05-21 01:33:54.190 18752 18769 I com.motorola.om: AssetManager2(0xb40000764c26c3f8) locale list changing from [] to [es-US]
05-21 01:33:54.194 18752 18769 I com.motorola.om: AssetManager2(0xb40000764c2727f8) locale list changing from [] to [es-US]
05-21 01:33:54.198 18752 18769 I com.motorola.om: AssetManager2(0xb40000764c26d078) locale list changing from [] to [es-US]
05-21 01:33:54.203 18752 18769 I com.motorola.om: AssetManager2(0xb40000764c26f5f8) locale list changing from [] to [es-US]
05-21 01:33:54.206  2090 10045 I ActivityManager: Broadcasting: Intent { act=android.intent.action.MEDIA_SCANNER_SCAN_FILE dat=file:///... flg=0x400000 }
05-21 01:33:54.207 18752 18769 I com.motorola.om: AssetManager2(0xb40000764c270598) locale list changing from [] to [es-US]
05-21 01:33:54.207  2090 10045 I ActivityManager: Enqueued broadcast Intent { act=android.intent.action.MEDIA_SCANNER_SCAN_FILE dat=file:///... flg=0x400000 }: 0
05-21 01:33:54.210  2090 10000 W JobInfo : Job 'com.google.android.providers.media.module/com.android.providers.media.MediaService#-300' has a deadline with no functional constraints. The deadline won't improve job execution latency. Consider removing the deadline.
05-21 01:33:54.211 18752 18769 I com.motorola.om: AssetManager2(0xb40000764c26f2d8) locale list changing from [] to [es-US]
05-21 01:33:54.216 18752 18769 I com.motorola.om: AssetManager2(0xb40000764c2724d8) locale list changing from [] to [es-US]
05-21 01:33:54.219  2090  2695 I ActivityManager: Broadcast completed: result=0
05-21 01:33:54.220 18752 18769 I com.motorola.om: AssetManager2(0xb40000764c2740f8) locale list changing from [] to [es-US]
05-21 01:33:54.222  8433  9826 I MediaProvider: Begin Intent { act=android.intent.action.MEDIA_SCANNER_SCAN_FILE dat=file:///... flg=0x1400010 cmp=com.google.android.providers.media.module/com.android.providers.media.MediaService }
05-21 01:33:54.224 18752 18769 I com.motorola.om: AssetManager2(0xb40000764c26e658) locale list changing from [] to [es-US]
05-21 01:33:54.228 18752 18769 I com.motorola.om: AssetManager2(0xb40000764c26d9d8) locale list changing from [] to [es-US]
05-21 01:33:54.233 18752 18769 I com.motorola.om: AssetManager2(0xb40000764c26d398) locale list changing from [] to [es-US]
05-21 01:33:54.237 18752 18769 I com.motorola.om: AssetManager2(0xb40000764c26fc38) locale list changing from [] to [es-US]
05-21 01:33:54.241 18752 18769 I com.motorola.om: AssetManager2(0xb40000764c26ca38) locale list changing from [] to [es-US]
05-21 01:33:54.244  8433  9826 I MediaProvider: End Intent { act=android.intent.action.MEDIA_SCANNER_SCAN_FILE dat=file:///... flg=0x1400010 cmp=com.google.android.providers.media.module/com.android.providers.media.MediaService }
05-21 01:33:54.245 18752 18769 I com.motorola.om: AssetManager2(0xb40000764c26cd58) locale list changing from [] to [es-US]
05-21 01:33:54.249 18752 18769 I com.motorola.om: AssetManager2(0xb40000764c2772f8) locale list changing from [] to [es-US]
05-21 01:33:54.252 18752 18769 I com.motorola.om: AssetManager2(0xb40000764c27a818) locale list changing from [] to [es-US]
05-21 01:33:54.256 18752 18769 I com.motorola.om: AssetManager2(0xb40000764c274a58) locale list changing from [] to [es-US]
05-21 01:33:54.259 18752 18769 I com.motorola.om: AssetManager2(0xb40000764c274738) locale list changing from [] to [es-US]
05-21 01:33:54.261 18752 18769 I com.motorola.om: AssetManager2(0xb40000764c2753b8) locale list changing from [] to [es-US]
05-21 01:33:54.265 18752 18769 I com.motorola.om: AssetManager2(0xb40000764c2759f8) locale list changing from [] to [es-US]
05-21 01:33:54.268 18752 18769 I com.motorola.om: AssetManager2(0xb40000764c276cb8) locale list changing from [] to [es-US]
05-21 01:33:54.271 18752 18769 I com.motorola.om: AssetManager2(0xb40000764c279b98) locale list changing from [] to [es-US]
05-21 01:33:54.279 18752 18769 I com.motorola.om: AssetManager2(0xb40000764c27ae58) locale list changing from [] to [es-US]
05-21 01:33:54.282 18752 18769 I com.motorola.om: AssetManager2(0xb40000764c278bf8) locale list changing from [] to [es-US]
05-21 01:33:54.286 18752 18769 I com.motorola.om: AssetManager2(0xb40000764c275d18) locale list changing from [] to [es-US]
05-21 01:33:54.289 18752 18769 I com.motorola.om: AssetManager2(0xb40000764c276fd8) locale list changing from [] to [es-US]
05-21 01:33:54.293 18752 18769 I com.motorola.om: AssetManager2(0xb40000764c27b498) locale list changing from [] to [es-US]
05-21 01:33:54.297 18752 18769 I com.motorola.om: AssetManager2(0xb40000764c2805d8) locale list changing from [] to [es-US]
05-21 01:33:54.306 18752 18769 I com.motorola.om: AssetManager2(0xb40000764c27a1d8) locale list changing from [] to [es-US]
05-21 01:33:54.309 18752 18769 I com.motorola.om: AssetManager2(0xb40000764c2808f8) locale list changing from [] to [es-US]
05-21 01:33:54.313 18752 18769 I com.motorola.om: AssetManager2(0xb40000764c282b58) locale list changing from [] to [es-US]
05-21 01:33:54.316  8433  9225 I MediaProvider: Deleted 0 1 0 0 0 0 0 items on external_primary due to com.android.shell
05-21 01:33:54.318 13141 13177 I UriTaskContentObserver: (REDACTED) Throttling content uri change event for %s
05-21 01:33:54.322 18752 18769 W JobInfo : Job 'com.motorola.om/.manager.core.checkin.CheckinSchedulerService#116161361' has a deadline with no functional constraints. The deadline won't improve job execution latency. Consider removing the deadline.
05-21 01:33:54.322  2090  9812 W JobInfo : Job 'com.motorola.om/.manager.core.checkin.CheckinSchedulerService#116161361' has a deadline with no functional constraints. The deadline won't improve job execution latency. Consider removing the deadline.
05-21 01:33:54.360 18783 18783 W dumpsys : Thread Pool max thread count is 0. Cannot cache binder as linkToDeath cannot be implemented. serviceName: display
05-21 01:33:54.402  8433 26481 I PSyncWorker: Starting proactive picker sync from sync source: 1
05-21 01:33:54.403  8433 26481 I PickerSyncTracker: Created new sync future java.util.concurrent.CompletableFuture@69a06b[Not completed, 1 dependents]. Future map: {8e8681d5-f7a6-4473-8284-dd9f42e2c2af=java.util.concurrent.CompletableFuture@69a06b[Not completed, 1 dependents]}
05-21 01:33:54.404  8433 26481 I PickerSyncController: Executing SyncAdd. isLocal: true. authority: com.android.providers.media.photopicker
05-21 01:33:54.410  8433 26481 I PickerSyncController: Paged sync successful. QueryArgs: Bundle[{android.provider.extra.SYNC_GENERATION=4501, android.provider.extra.PAGE_SIZE=1000}] Total Rows: 0
05-21 01:33:54.410  8433 26481 I PickerSyncController: Executing SyncRemove. isLocal: true. authority: com.android.providers.media.photopicker
05-21 01:33:54.412  8433 26481 E PickerDbFacade: Could not get first date taken millis for media id: 1000000518
05-21 01:33:54.412  8433 26481 W PickerDbFacade: Unable to promote cloud media with localId: 1000000518
05-21 01:33:54.412  8433 26481 W PickerDbFacade: Unable to promote cloud media with localId: 1000000519
05-21 01:33:54.415  8433 26481 I PickerSyncController: Paged sync successful. QueryArgs: Bundle[{android.provider.extra.SYNC_GENERATION=4501, android.provider.extra.PAGE_SIZE=1000}] Total Rows: 0
05-21 01:33:54.415  8433 26481 I PickerSyncTracker: Marked sync future complete for work id: 8e8681d5-f7a6-4473-8284-dd9f42e2c2af. Future map: {}
05-21 01:33:54.415  8433 26481 I PSyncWorker: Completed picker proactive sync complete from local provider.
05-21 01:33:54.417  8433  9122 I WM-WorkerWrapper: Worker result SUCCESS for Work [ id=8e8681d5-f7a6-4473-8284-dd9f42e2c2af, tags={ com.android.providers.media.photopicker.sync.ProactiveSyncWorker } ]
05-21 01:33:54.558 18791 18791 W dumpsys : Thread Pool max thread count is 0. Cannot cache binder as linkToDeath cannot be implemented. serviceName: input
05-21 01:33:54.654 18796 18796 W dumpsys : Thread Pool max thread count is 0. Cannot cache binder as linkToDeath cannot be implemented. serviceName: activity
05-21 01:33:54.710 18800 18800 W dumpsys : Thread Pool max thread count is 0. Cannot cache binder as linkToDeath cannot be implemented. serviceName: activity
05-21 01:33:54.758 18803 18803 W dumpsys : Thread Pool max thread count is 0. Cannot cache binder as linkToDeath cannot be implemented. serviceName: activity
05-21 01:33:54.805 18808 18808 W dumpsys : Thread Pool max thread count is 0. Cannot cache binder as linkToDeath cannot be implemented. serviceName: activity
05-21 01:33:54.961 18811 18811 W screencap: Thread Pool max thread count is 0. Cannot cache binder as linkToDeath cannot be implemented. serviceName: SurfaceFlingerAIDL
05-21 01:33:54.962 18811 18811 W BpBinder: Linking to death on android.gui.ISurfaceComposer but there are no threads (yet?) listening to incoming transactions. See ProcessState::startThreadPool and ProcessState::setThreadPoolMaxThreadCount. Generally you should setup the binder threadpool before other initialization steps.
05-21 01:33:54.962 18811 18811 W ProcessState: Extra binder thread started, but 0 threads requested. Do not use *startThreadPool when zero threads are requested.
05-21 01:33:54.964  1841  1939 E HWComposer: getLuts: getLuts failed for display 4630946747577212034: UNSUPPORTED (8)
05-21 01:33:55.001  8433 20643 W MediaProvider: isAppCloneUserPair for user 0: false
05-21 01:33:55.349  2090  6219 I MotoStaCheckin: onWifiUsabilityStats, seqNum: 1857, isSameBssidAndFreq: true, RSSI: -38, isThroughputSufficient: true, LinkSpeed: 866 Mbps, RxLinkSpeed: 866 Mbps
05-21 01:33:55.349  2090  6219 I MotoStaCheckin: onWifiUsabilityStats, Duration: 2074090277, Rx Good: 1 ( PPS: 0 ), Tx Good: 1, Tx Bad: 0 ( 0 % ), Tx Retry: 0 ( 0 % ), NSS: 2, Bandwidth: 2
05-21 01:33:55.531  2090  9812 I ActivityManager: Broadcasting: Intent { act=android.intent.action.MEDIA_SCANNER_SCAN_FILE dat=file:///... flg=0x400000 }
05-21 01:33:55.532  2090  9812 I ActivityManager: Enqueued broadcast Intent { act=android.intent.action.MEDIA_SCANNER_SCAN_FILE dat=file:///... flg=0x400000 }: 0
05-21 01:33:55.536  2090  9443 W JobInfo : Job 'com.google.android.providers.media.module/com.android.providers.media.MediaService#-300' has a deadline with no functional constraints. The deadline won't improve job execution latency. Consider removing the deadline.
05-21 01:33:55.547  2090  2695 I ActivityManager: Broadcast completed: result=0
05-21 01:33:55.549  8433  9826 I MediaProvider: Begin Intent { act=android.intent.action.MEDIA_SCANNER_SCAN_FILE dat=file:///... flg=0x1400010 cmp=com.google.android.providers.media.module/com.android.providers.media.MediaService }
05-21 01:33:55.562  8433  9826 I MediaProvider: End Intent { act=android.intent.action.MEDIA_SCANNER_SCAN_FILE dat=file:///... flg=0x1400010 cmp=com.google.android.providers.media.module/com.android.providers.media.MediaService }
05-21 01:33:55.639  8433  9224 I MediaProvider: Deleted 0 1 0 0 0 0 0 items on external_primary due to com.android.shell
05-21 01:33:55.642 13141 13177 I UriTaskContentObserver: (REDACTED) Throttling content uri change event for %s
05-21 01:33:55.678 18821 18821 W dumpsys : Thread Pool max thread count is 0. Cannot cache binder as linkToDeath cannot be implemented. serviceName: display
05-21 01:33:55.869 18831 18831 W dumpsys : Thread Pool max thread count is 0. Cannot cache binder as linkToDeath cannot be implemented. serviceName: input
05-21 01:33:55.966 18836 18836 W dumpsys : Thread Pool max thread count is 0. Cannot cache binder as linkToDeath cannot be implemented. serviceName: display
05-21 01:33:56.167 18844 18844 W dumpsys : Thread Pool max thread count is 0. Cannot cache binder as linkToDeath cannot be implemented. serviceName: input
05-21 01:33:56.283 18849 18849 W dumpsys : Thread Pool max thread count is 0. Cannot cache binder as linkToDeath cannot be implemented. serviceName: display
05-21 01:33:56.462 18857 18857 W dumpsys : Thread Pool max thread count is 0. Cannot cache binder as linkToDeath cannot be implemented. serviceName: input
05-21 01:33:56.558 18862 18862 W dumpsys : Thread Pool max thread count is 0. Cannot cache binder as linkToDeath cannot be implemented. serviceName: display
05-21 01:33:56.744 18870 18870 W dumpsys : Thread Pool max thread count is 0. Cannot cache binder as linkToDeath cannot be implemented. serviceName: input
05-21 01:33:56.926  1841  1841 I RefreshRateSelector: Display 4630946747577212034 policy changed
05-21 01:33:56.926  1841  1841 I RefreshRateSelector: Previous: {defaultModeId=0, allowGroupSwitching=false, primaryRanges={physical=[60.00 Hz, 120.00 Hz], render=[60.00 Hz, 60.00 Hz]}, appRequestRanges={physical=[0.00 Hz, 120.00 Hz], render=[0.00 Hz, 120.00 Hz]} idleScreenConfig=nullptr}
05-21 01:33:56.926  1841  1841 I RefreshRateSelector: Current:  DisplayManagerPolicy{defaultModeId=0, allowGroupSwitching=false, primaryRanges={physical=[60.00 Hz, 120.00 Hz], render=[60.00 Hz, 120.00 Hz]}, appRequestRanges={physical=[0.00 Hz, 120.00 Hz], render=[0.00 Hz, 120.00 Hz]} idleScreenConfig=nullptr}
05-21 01:33:56.926  1841  1841 I RefreshRateSelector: 0 mode changes were performed under the previous policy
05-21 01:33:56.926  1841  1841 I Scheduler: onDisplayModeChanged: [2 60 0x0]
05-21 01:33:56.926  1841  1841 I Scheduler: getPreferredDisplayMode: UpdateRefreshRate 60 to 90 of group 0: [touch=1 scroll=0 idle=1 prr=0 brightnessDiming=0] for display 4630946747577212034
05-21 01:33:56.926  1841  1841 I SurfaceFlinger: Switching to Scheduler preferred mode 1 (90.00 Hz) for display 4630946747577212034
05-21 01:33:56.928  1841  1841 I SurfaceFlinger: initiateDisplayModeChanges changing active mode from 2(60.00 Hz:0) to 1(90.00 Hz:0) for display 4630946747577212034
05-21 01:33:56.928  1841  1841 I SurfaceFlinger: initiateDisplayModeChanges active mode changed to 1(90.00 Hz) for display 4630946747577212034. mBrightnessDimingCnt=0
05-21 01:33:56.929  1755  2013 W SDM     : HWDeviceDRM::GetSupportedBitClkRate: Requested rate not supported: 0
05-21 01:33:56.929  1755  2013 I SDM     : HWDeviceDRM::UpdateMixerAttributes: Mixer WxH 1080x2400-0 for Peripheral
05-21 01:33:56.929  1755  2013 I SDM     : HWCDisplay::SubmitDisplayConfig: Active configuration changed from config 2 to 1
05-21 01:33:56.930  1755  2957 E Dpps    : DppsServer::RunPollIteration():475 Poll iteration failed with ret -95
05-21 01:33:56.930  1755  2957 E Dpps    : DppsServer::Run():290 Poll iteration failed, ret -95
05-21 01:33:56.963  1841  1841 I Scheduler: onDisplayModeChanged: [1 90 0x0]
05-21 01:33:56.964  2090  2699 I DisplayDeviceRepository: Display device changed render timings: "Pantalla integrada", renderFrameRate=90.0, presentationDeadlineNanos=11500000, appVsyncOffsetNanos=9166667, frameRateOverrides=[]
05-21 01:33:56.965  1841  1841 I SurfaceFlinger: initiateDisplayModeChanges changing active mode from 1(90.00 Hz:0) to 1(90.00 Hz:0) for display 4630946747577212034
05-21 01:33:56.971  8730  8730 I MotoDesktopLog: [ R4DisplayService ] - getFoldType, mFoldType0
05-21 01:33:56.972  8730  8730 I MotoDesktopLog: [ FS_ScreenSizeManager ] - [Display] Changed display: 0
05-21 01:33:56.972  8730  8730 I MotoDesktopLog: [ FS_ScreenSizeManager ] - [Display] Current activity display id: null
05-21 01:33:56.972  8730  8730 I MotoDesktopLog: [ FS_ScreenSizeManager ] - [Logic] Retrieved display info: LogicDisplayInfo(width=1080, height=2400, orientation=1, rotation=0, displayId=0)
05-21 01:33:56.972  8730  8730 I MotoDesktopLog: [ FS_ScreenSizeManager ] - [Display] New logical size: 1080x2400
05-21 01:33:56.972  8730  8730 I MotoDesktopLog: [ FS_ScreenSizeManager ] - [Display] Screen width unchanged: 1080
05-21 01:33:57.088  8433 26492 I PSyncWorker: Starting proactive picker sync from sync source: 1
05-21 01:33:57.089  8433 26492 I PickerSyncTracker: Created new sync future java.util.concurrent.CompletableFuture@2fc9a99[Not completed, 1 dependents]. Future map: {c22c38ca-c91d-4c86-b219-c1a784ab396e=java.util.concurrent.CompletableFuture@2fc9a99[Not completed, 1 dependents]}
05-21 01:33:57.091  8433 26492 I PickerSyncController: Executing SyncAdd. isLocal: true. authority: com.android.providers.media.photopicker
05-21 01:33:57.095  8433 26492 I PickerSyncController: Paged sync successful. QueryArgs: Bundle[{android.provider.extra.SYNC_GENERATION=4522, android.provider.extra.PAGE_SIZE=1000}] Total Rows: 0
05-21 01:33:57.096  8433 26492 I PickerSyncController: Executing SyncRemove. isLocal: true. authority: com.android.providers.media.photopicker
05-21 01:33:57.097  8433 26492 E PickerDbFacade: Could not get first date taken millis for media id: 1000000520
05-21 01:33:57.097  8433 26492 W PickerDbFacade: Unable to promote cloud media with localId: 1000000520
05-21 01:33:57.100  8433 26492 I PickerSyncController: Paged sync successful. QueryArgs: Bundle[{android.provider.extra.SYNC_GENERATION=4522, android.provider.extra.PAGE_SIZE=1000}] Total Rows: 0
05-21 01:33:57.101  8433 26492 I PickerSyncTracker: Marked sync future complete for work id: c22c38ca-c91d-4c86-b219-c1a784ab396e. Future map: {}
05-21 01:33:57.101  8433 26492 I PSyncWorker: Completed picker proactive sync complete from local provider.
05-21 01:33:57.102  8433  9122 I WM-WorkerWrapper: Worker result SUCCESS for Work [ id=c22c38ca-c91d-4c86-b219-c1a784ab396e, tags={ com.android.providers.media.photopicker.sync.ProactiveSyncWorker } ]
05-21 01:33:57.131 18186 18186 W WindowOnBackDispatcher: OnBackInvokedCallback is not enabled for the application.
05-21 01:33:57.131 18186 18186 W WindowOnBackDispatcher: Set 'android:enableOnBackInvokedCallback="true"' in the application manifest.
05-21 01:33:57.260 13141 17922 I NearbyMediums: No BLE Fast/GATT advertisements found in the latest cycle.
05-21 01:33:57.261 13141 17922 I NearbyMediums: Current Tracked Scanning Clients are : {NearbyConnections.EnvironmentMonitor, NearbySharing, NearbyConnections.TxAdvertisement}
