05-21 01:33:31.208  2090  6219 I MotoStaCheckin: onWifiUsabilityStats, Duration: 2074066136, Rx Good: 0 ( PPS: 0 ), Tx Good: 0, Tx Bad: 0 ( 0 % ), Tx Retry: 0 ( 0 % ), NSS: 2, Bandwidth: 2
05-21 01:33:31.213 13141 17931 I NetworkScheduler.Stats: (REDACTED) Task %s/%s finished executing. cause:%s result: %s elapsed_millis: %s uptime_millis: %s exec_start_elapsed_seconds: %s
05-21 01:33:31.371  2090  9443 I ActivityManager: Broadcasting: Intent { act=android.intent.action.MEDIA_SCANNER_SCAN_FILE dat=file:///... flg=0x400000 }
05-21 01:33:31.371  2090  9443 I ActivityManager: Enqueued broadcast Intent { act=android.intent.action.MEDIA_SCANNER_SCAN_FILE dat=file:///... flg=0x400000 }: 0
05-21 01:33:31.374  2090 10045 W JobInfo : Job 'com.google.android.providers.media.module/com.android.providers.media.MediaService#-300' has a deadline with no functional constraints. The deadline won't improve job execution latency. Consider removing the deadline.
05-21 01:33:31.382  2090  2695 I ActivityManager: Broadcast completed: result=0
05-21 01:33:31.385  8433  9826 I MediaProvider: Begin Intent { act=android.intent.action.MEDIA_SCANNER_SCAN_FILE dat=file:///... flg=0x1400010 cmp=com.google.android.providers.media.module/com.android.providers.media.MediaService }
05-21 01:33:31.391  8433  9826 I MediaProvider: End Intent { act=android.intent.action.MEDIA_SCANNER_SCAN_FILE dat=file:///... flg=0x1400010 cmp=com.google.android.providers.media.module/com.android.providers.media.MediaService }
05-21 01:33:31.442  4740 25002 I QImsService: VtDataUsageProvider : onSetAlert:2097152
05-21 01:33:31.444  4740  4740 I QImsService: ImsServiceClassTracker : updateAlertQuota:newQuota=2097152,Remaining=2097152
05-21 01:33:31.461  8433 10148 I MediaProvider: Deleted 0 1 0 0 0 0 0 items on external_primary due to com.android.shell
05-21 01:33:31.465 13141 13177 I UriTaskContentObserver: (REDACTED) Throttling content uri change event for %s
05-21 01:33:31.503 17976 17976 W dumpsys : Thread Pool max thread count is 0. Cannot cache binder as linkToDeath cannot be implemented. serviceName: display
05-21 01:33:31.664 17984 17984 W dumpsys : Thread Pool max thread count is 0. Cannot cache binder as linkToDeath cannot be implemented. serviceName: input
05-21 01:33:31.779  2090  3176 I ActivityManager: Force stopping com.example.musicapp appid=10399 user=0: from pid 17991 and uid 2000
05-21 01:33:31.782  2090  3176 I AppsFilter: interaction: PackageSetting{969c7fe com.habitrpg.android.habitica.debug/10036} -> PackageSetting{3486032 com.example.musicapp/10399} BLOCKED
05-21 01:33:31.782  2090  3176 I AppsFilter: interaction: PackageSetting{75eef51 io.github.ylimit.droidbotapp/10403} -> PackageSetting{3486032 com.example.musicapp/10399} BLOCKED
05-21 01:33:31.782  2090  3176 I AppsFilter: interaction: PackageSetting{496660a com.oem.euiccpartnerapp/10228} -> PackageSetting{3486032 com.example.musicapp/10399} BLOCKED
05-21 01:33:31.849  2090  2696 I WindowManager: awakenDreams callers=com.android.server.policy.PhoneWindowManager.startDockOrHome:9732 com.android.server.policy.PhoneWindowManager.startDockOrHome:9766 com.android.server.policy.PhoneWindowManager.launchHomeFromHotKey:6611 com.android.server.policy.PhoneWindowManager.launchHomeFromHotKey:6560 com.android.server.policy.PhoneWindowManager.handleShortPressOnHome:2743 
05-21 01:33:31.849  2090  2696 I DreamManagerService: awaken by com.android.inputdevices callingUid=1000 callingPid=2090
05-21 01:33:31.853  2090  2696 W ActivityTaskManager: callingPackage for (uid=-1, pid=0) has no WPC
05-21 01:33:31.853  2090  2696 W ActivityStartInterceptor: Starting home with component specified, uid=0
05-21 01:33:31.854  2090  2696 I SettingsAccessControlPolicy: isDeviceSettingsChangeDisabled: value -> false
05-21 01:33:31.854  2090  2696 W OptProp : Cannot read opt property android.window.PROPERTY_COMPAT_ALLOW_RESIZEABLE_ACTIVITY_OVERRIDES
05-21 01:33:31.855  2090  2696 W OptProp : Cannot read opt property android.window.PROPERTY_COMPAT_ALLOW_MIN_ASPECT_RATIO_OVERRIDE
05-21 01:33:31.854  4485  4485 I vol.VolumeDialogImpl: mDialog.dismiss() reason: volume_controller from: com.android.systemui.volume.VolumeDialogImpl$10.onDismissRequested:3 displayId: 0 mShowing: false mIsAnimatingDismiss: false
05-21 01:33:31.864  2090  2696 E PayJoyAccessService: activity resuming com.motorola.launcher3
05-21 01:33:31.866  2090  2696 I ActivityTaskManager: START u0 {act=android.intent.action.MAIN cat=[android.intent.category.HOME] flg=0x10000100 cmp=com.motorola.launcher3/com.android.launcher3.CustomizationPanelLauncher (has extras)} with LAUNCH_SINGLE_TASK from uid 0 (startHomeActivity: startDockOrHome:0:0:0) (BAL_ALLOW_ALLOWLISTED_UID) result code=2
05-21 01:33:31.868 15940 15940 I Launcher: isActionMain: true, internalStateHandled: false, hasWindowFocus: false, current flags: 4194304, getStateManager().getState(): Normal, AbstractFloatingView.getTopOpenView(this): null, mWorkspace.isHandlingTouch(): false
05-21 01:33:31.871  2090  2715 W MotoBatteryCareService: uid: 10283 pkgName:com.motorola.launcher3 come to foreground
05-21 01:33:31.875  1841  1841 I BpBinder: onLastStrongRef automatically unlinking death recipients: 
05-21 01:33:31.876 21758 21758 W ElapsedTimeUtils: getElapsedTime: sSuwFinishedTimeStamp is null
05-21 01:33:31.877  2090  9443 W ParceledListSlice: Element #19 is 17380 bytes.
05-21 01:33:31.877  2090  9443 W ParceledListSlice: Element #20 is 17020 bytes.
05-21 01:33:31.877  2090  9443 W ParceledListSlice: Element #21 is 16840 bytes.
05-21 01:33:31.880  2090  4680 I ModeMonitor: TOP: Uid:1000, Name:com.android.settings, Top:false , App is top:false
05-21 01:33:31.881  2090  4680 E ModeMonitor: It has no background voice app to use wifi data
05-21 01:33:31.881  2090  4680 I ModeMonitor: TOP: Uid:10283, Name:com.motorola.launcher3, Top:true , App is top:true
05-21 01:33:31.889  2090 10045 I PayJoyAccessService: flag in block -1
05-21 01:33:31.898 15940 15940 E orola.launcher3: No package ID ff found for resource ID 0xff191c20.
05-21 01:33:31.898  4485  4485 I vol.VolumeDialogImpl: mDialog.dismiss() reason: volume_controller from: com.android.systemui.volume.VolumeDialogImpl$10.onDismissRequested:3 displayId: 0 mShowing: false mIsAnimatingDismiss: true
05-21 01:33:31.899 15940 15940 E orola.launcher3: No package ID ff found for resource ID 0xff191c20.
05-21 01:33:31.900 15940 15940 E orola.launcher3: No package ID ff found for resource ID 0xff191c20.
05-21 01:33:31.901  1841  1841 I RefreshRateSelector: Display 4630946747577212034 policy changed
05-21 01:33:31.901  1841  1841 I RefreshRateSelector: Previous: {defaultModeId=0, allowGroupSwitching=false, primaryRanges={physical=[60.00 Hz, 120.00 Hz], render=[60.00 Hz, 60.00 Hz]}, appRequestRanges={physical=[0.00 Hz, 120.00 Hz], render=[0.00 Hz, 120.00 Hz]} idleScreenConfig=nullptr}
05-21 01:33:31.901  1841  1841 I RefreshRateSelector: Current:  DisplayManagerPolicy{defaultModeId=0, allowGroupSwitching=false, primaryRanges={physical=[60.00 Hz, 120.00 Hz], render=[60.00 Hz, 120.00 Hz]}, appRequestRanges={physical=[0.00 Hz, 120.00 Hz], render=[0.00 Hz, 120.00 Hz]} idleScreenConfig=nullptr}
05-21 01:33:31.901  1841  1841 I RefreshRateSelector: 1 mode changes were performed under the previous policy
05-21 01:33:31.901  1841  1841 I Scheduler: onDisplayModeChanged: [2 60 0x0]
05-21 01:33:31.901  1841  1841 I Scheduler: getPreferredDisplayMode: UpdateRefreshRate 60 to 90 of group 0: [touch=1 scroll=0 idle=0 prr=0 brightnessDiming=0] for display 4630946747577212034
05-21 01:33:31.901  1841  1841 I SurfaceFlinger: Switching to Scheduler preferred mode 1 (90.00 Hz) for display 4630946747577212034
05-21 01:33:31.907 15940 15940 W RecyclerView: No adapter attached; skipping layout
05-21 01:33:31.910  1841  1841 I SurfaceFlinger: initiateDisplayModeChanges changing active mode from 2(60.00 Hz:0) to 1(90.00 Hz:0) for display 4630946747577212034
05-21 01:33:31.911  1841  1841 I SurfaceFlinger: initiateDisplayModeChanges active mode changed to 1(90.00 Hz) for display 4630946747577212034. mBrightnessDimingCnt=0
05-21 01:33:31.911  1755  2013 W SDM     : HWDeviceDRM::GetSupportedBitClkRate: Requested rate not supported: 0
05-21 01:33:31.912  1755  2013 I SDM     : HWDeviceDRM::UpdateMixerAttributes: Mixer WxH 1080x2400-0 for Peripheral
05-21 01:33:31.912  1755  2013 I SDM     : HWCDisplay::SubmitDisplayConfig: Active configuration changed from config 2 to 1
05-21 01:33:31.914 15940 15940 I TopTaskTracker: onTaskMovedToFront: (moved taskInfo to front) taskId=24, baseIntent=Intent { act=android.intent.action.MAIN cat=[android.intent.category.HOME] flg=0x10000100 cmp=com.motorola.launcher3/com.android.launcher3.CustomizationPanelLauncher }
05-21 01:33:31.915  1755  2957 E Dpps    : DppsServer::RunPollIteration():475 Poll iteration failed with ret -95
05-21 01:33:31.915  1755  2957 E Dpps    : DppsServer::Run():290 Poll iteration failed, ret -95
05-21 01:33:31.917 16002 16002 I byee    : onStart
05-21 01:33:31.919 16002 16002 I bvya    : (REDACTED) [%s] onStart()
05-21 01:33:31.920 16002 16002 I bwan    : Reloading theme data
05-21 01:33:31.922 16002 16002 E NetworkErrorMessage: (REDACTED) Invalid connectivity state: %s
05-21 01:33:31.923 16002 16002 I byee    : onResume
05-21 01:33:31.923 16002 16002 W dnth    : missing event name
05-21 01:33:31.941  1841  1841 I Scheduler: onDisplayModeChanged: [1 90 0x0]
05-21 01:33:31.942  2090  2699 I DisplayDeviceRepository: Display device changed render timings: "Pantalla integrada", renderFrameRate=90.0, presentationDeadlineNanos=11500000, appVsyncOffsetNanos=9166667, frameRateOverrides=[]
05-21 01:33:31.942  1841  1841 I SurfaceFlinger: initiateDisplayModeChanges changing active mode from 1(90.00 Hz:0) to 1(90.00 Hz:0) for display 4630946747577212034
05-21 01:33:31.946 15940 15957 I orola.launcher3: AssetManager2(0xb40000764c2c6ad8) locale list changing from [] to [es-US]
05-21 01:33:31.948 15940 15957 I IconProvider: getIcon color: ffffffff, componentName: ComponentInfo{com.android.settings/com.android.settings.Settings}
05-21 01:33:31.955  2090  2715 W MotoBatteryCareService: uid: 10283 pkgName:com.motorola.launcher3 come to foreground
05-21 01:33:31.955  1679  1679 I QTI PowerHAL: Power setMode: 6 to: 1
05-21 01:33:31.958  8730  8730 I MotoDesktopLog: [ R4DisplayService ] - getFoldType, mFoldType0
05-21 01:33:31.958  1679  1679 E QTI PowerHAL: Failed to acquire lock for hint_id: 10A5.
05-21 01:33:31.959  8730  8730 I MotoDesktopLog: [ FS_ScreenSizeManager ] - [Display] Changed display: 0
05-21 01:33:31.959  8730  8730 I MotoDesktopLog: [ FS_ScreenSizeManager ] - [Display] Current activity display id: null
05-21 01:33:31.959  8730  8730 I MotoDesktopLog: [ FS_ScreenSizeManager ] - [Logic] Retrieved display info: LogicDisplayInfo(width=1080, height=2400, orientation=1, rotation=0, displayId=0)
05-21 01:33:31.959  8730  8730 I MotoDesktopLog: [ FS_ScreenSizeManager ] - [Display] New logical size: 1080x2400
05-21 01:33:31.959  8730  8730 I MotoDesktopLog: [ FS_ScreenSizeManager ] - [Display] Screen width unchanged: 1080
05-21 01:33:31.968  2090  3283 I ImeTracker: com.motorola.launcher3:d0c4b5ae: onRequestHide at ORIGIN_SERVER reason HIDE_UNSPECIFIED_WINDOW fromUser false
05-21 01:33:31.970 15940 15940 I ImeTracker: com.motorola.launcher3:d0c4b5ae: onCancelled at PHASE_CLIENT_ALREADY_HIDDEN
05-21 01:33:32.070  1658  3193 I slpi    : STK3ACX ALS_OC: lux:1.950000, last_ps:0[701], CH0:3, CH2:24, CH4:0, AWAIT:64, ACRL:52, AGAIN:48, INT1:9, INT2:0, PS:84, LED:92, flag:97, state:7, scale:325.974,als_sel:1(0)
05-21 01:33:32.162  4485  4485 I vol.VolumeDialogImpl: dismissH reason = volume_controller mDialog.isShowing(): false
05-21 01:33:32.221  1841  3262 W VsyncModulator: setTransactionSchedule: Unexpected EarlyEnd
05-21 01:33:32.239  1679  1679 I QTI PowerHAL: Power setMode: 6 to: 0
05-21 01:33:32.290  2090  2161 I system_server: Background concurrent mark compact GC freed 93MB AllocSpace bytes, 104(2164KB) LOS objects, 60% free, 63MB/159MB, paused 1.544ms,5.368ms total 320.791ms
05-21 01:33:32.402  2090  2090 W AccessibilityManagerService:  wait for adding window timeout: 37
05-21 01:33:32.437  2090  2699 W AccessibilityWindowsPopulator: Windows change within in 2 frames continuously over 500 ms and notify windows changed immediately
05-21 01:33:32.614 15770 16922 I HWUI    : setGrContext validptr-->nullptr
05-21 01:33:32.688  1658  3193 I slpi    : STK3ACX ALS_OC: lux:48.750000, last_ps:0[697], CH0:75, CH2:50, CH4:0, AWAIT:64, ACRL:52, AGAIN:48, INT1:9, INT2:0, PS:84, LED:92, flag:97, state:7, scale:325.974,als_sel:1(0)
05-21 01:33:32.842  1658  3193 I slpi    : STK3ACX ALS_OC: lux:285.350006, last_ps:0[701], CH0:439, CH2:179, CH4:3, AWAIT:64, ACRL:52, AGAIN:48, INT1:9, INT2:0, PS:84, LED:92, flag:97, state:7, scale:325.974,als_sel:1(0)
05-21 01:33:32.851  1841  2024 I Scheduler: applyPolicy: UpdateRefreshRate 90 to 120 of group 0: [touch=0:0 touchBoost=0 scroll=0:0 idle=0:0 prr=0:0 brightnessDiming=0:0 qvrr=0:0] for display 4630946747577212034
05-21 01:33:32.861  1841  1841 I SurfaceFlinger: initiateDisplayModeChanges changing active mode from 1(90.00 Hz:0) to 0(120.00 Hz:0) for display 4630946747577212034
05-21 01:33:32.861  1841  1841 I SurfaceFlinger: initiateDisplayModeChanges active mode changed to 0(120.00 Hz) for display 4630946747577212034. mBrightnessDimingCnt=0
05-21 01:33:32.862  1755  1947 W SDM     : HWDeviceDRM::GetSupportedBitClkRate: Requested rate not supported: 0
05-21 01:33:32.862  1755  1947 I SDM     : HWDeviceDRM::UpdateMixerAttributes: Mixer WxH 1080x2400-0 for Peripheral
05-21 01:33:32.863  1755  1947 I SDM     : HWCDisplay::SubmitDisplayConfig: Active configuration changed from config 1 to 0
05-21 01:33:32.863  1755  2957 E Dpps    : DppsServer::RunPollIteration():475 Poll iteration failed with ret -95
05-21 01:33:32.863  1755  2957 E Dpps    : DppsServer::Run():290 Poll iteration failed, ret -95
05-21 01:33:32.883  1841  1841 I Scheduler: onDisplayModeChanged: [0 120 0x0]
05-21 01:33:32.883  2090  2699 I DisplayDeviceRepository: Display device changed render timings: "Pantalla integrada", renderFrameRate=120.00001, presentationDeadlineNanos=11500000, appVsyncOffsetNanos=833333, frameRateOverrides=[]
05-21 01:33:32.883  1841  1841 I SurfaceFlinger: initiateDisplayModeChanges changing active mode from 0(120.00 Hz:0) to 0(120.00 Hz:0) for display 4630946747577212034
05-21 01:33:32.887  8730  8730 I MotoDesktopLog: [ R4DisplayService ] - getFoldType, mFoldType0
05-21 01:33:32.888  8730  8730 I MotoDesktopLog: [ FS_ScreenSizeManager ] - [Display] Changed display: 0
05-21 01:33:32.888  8730  8730 I MotoDesktopLog: [ FS_ScreenSizeManager ] - [Display] Current activity display id: null
05-21 01:33:32.888  8730  8730 I MotoDesktopLog: [ FS_ScreenSizeManager ] - [Logic] Retrieved display info: LogicDisplayInfo(width=1080, height=2400, orientation=1, rotation=0, displayId=0)
05-21 01:33:32.888  8730  8730 I MotoDesktopLog: [ FS_ScreenSizeManager ] - [Display] New logical size: 1080x2400
05-21 01:33:32.888  8730  8730 I MotoDesktopLog: [ FS_ScreenSizeManager ] - [Display] Screen width unchanged: 1080
05-21 01:33:32.899 18029 18029 W dumpsys : Thread Pool max thread count is 0. Cannot cache binder as linkToDeath cannot be implemented. serviceName: activity
05-21 01:33:32.908  8433 28006 I PSyncWorker: Starting proactive picker sync from sync source: 1
05-21 01:33:32.908  8433 28006 I PickerSyncTracker: Created new sync future java.util.concurrent.CompletableFuture@b8b888e[Not completed, 1 dependents]. Future map: {22a8d865-ddd5-42e2-a556-b1053ceee018=java.util.concurrent.CompletableFuture@b8b888e[Not completed, 1 dependents]}
05-21 01:33:32.911  8433 28006 I PickerSyncController: Executing SyncAdd. isLocal: true. authority: com.android.providers.media.photopicker
05-21 01:33:32.922  8433 28006 I PickerSyncController: Paged sync successful. QueryArgs: Bundle[{android.provider.extra.SYNC_GENERATION=4384, android.provider.extra.PAGE_SIZE=1000}] Total Rows: 0
05-21 01:33:32.922  8433 28006 I PickerSyncController: Executing SyncRemove. isLocal: true. authority: com.android.providers.media.photopicker
05-21 01:33:32.925  8433 28006 E PickerDbFacade: Could not get first date taken millis for media id: 1000000508
05-21 01:33:32.926  8433 28006 W PickerDbFacade: Unable to promote cloud media with localId: 1000000508
05-21 01:33:32.933  8433 28006 I PickerSyncController: Paged sync successful. QueryArgs: Bundle[{android.provider.extra.SYNC_GENERATION=4384, android.provider.extra.PAGE_SIZE=1000}] Total Rows: 0
05-21 01:33:32.934  8433 28006 I PickerSyncTracker: Marked sync future complete for work id: 22a8d865-ddd5-42e2-a556-b1053ceee018. Future map: {}
05-21 01:33:32.934  8433 28006 I PSyncWorker: Completed picker proactive sync complete from local provider.
05-21 01:33:32.935  8433  9167 I WM-WorkerWrapper: Worker result SUCCESS for Work [ id=22a8d865-ddd5-42e2-a556-b1053ceee018, tags={ com.android.providers.media.photopicker.sync.ProactiveSyncWorker } ]
05-21 01:33:32.943 18034 18034 W dumpsys : Thread Pool max thread count is 0. Cannot cache binder as linkToDeath cannot be implemented. serviceName: activity
05-21 01:33:32.969 13997 14086 E msys    : E[N WA]_WAJMNSStreamImplMNSTCPStreamCreate(352)=>[LogLevel:I] WAJMNSStream/impl/tcpStreamCreate/MNSStreamRaw/p=0xb40000755c3692f0
05-21 01:33:32.969 13997 14086 E msys    : E[N WA]WAJMNSStreamImplCreate(412)=>[LogLevel:I] WAJMNSStream/impl/create/p=0xb40000755c3692f0 (mnsConn=0xb40000765c2b6350)
05-21 01:33:32.970 13997 14086 E msys    : E[N WA]_WAJMNSStreamCreateMnsIpsFromIpAddressStrings(87)=>[LogLevel:I] no ip addresses provided, using DNS resolution
05-21 01:33:32.970 13997 14086 E msys    : E[N WA]WAJMNSStreamImplConnect(441)=>[LogLevel:I] WAJMNSStream/impl/connect/p=0xb40000755c3692f0 (endpoint=g.whatsapp.net:5222)(ipAddressCount=0)
05-21 01:33:32.970 13997 14086 E msys    : E[N WA]_WAJMNSStreamImplUpdateStreamState(230)=>[LogLevel:I] WAJMNSStream/impl/state-changed/p=0xb40000755c3692f0 (initial=>connecting)
05-21 01:33:32.970  2090 10000 W JobInfo : Job 'com.whatsapp/.alarmservice.AlarmService#3' has a deadline with no functional constraints. The deadline won't improve job execution latency. Consider removing the deadline.
05-21 01:33:32.975  1841  3565 I SurfaceFlinger: mBrightnessDiming=0, isCli=0, mBrightnessDimingCnt=0
05-21 01:33:32.975  1841  1841 I SurfaceFlinger: Notify brightness diming event to boost refresh rate
05-21 01:33:32.976  2090  2699 I BrightnessSynchronizer: New Update: {[4075] 0.33147737(f), mUpdatedTypes=0, mConfirmedTypes=0, mTimeUpdated=0, mState=2}
05-21 01:33:32.978 18038 18038 W dumpsys : Thread Pool max thread count is 0. Cannot cache binder as linkToDeath cannot be implemented. serviceName: activity
05-21 01:33:32.989 13997 14106 E msys    : E[N mns]_OnResolverSuccess(308)=>Cache refresh succeeded with system DNS resolver. IP count: 1
05-21 01:33:32.995 13997 14106 E msys    : E[N WA]_WAJMNSStreamImplOnMNSReady(259)=>[LogLevel:I] WAJMNSStream/impl/callback/onMNSReady/p=0xb40000755c3692f0
05-21 01:33:32.995 13997 14106 E msys    : E[N WA]_WAJMNSStreamImplCreateConnectionReport(194)=>[LogLevel:I] WAJMNSStream/impl/report port=5222, connectedIPVersion=4, resolvedIPAddressCount=1, dnsResolutionStartTimeMS=143814761, dnsResolutionEndTimeMS=143814762, dnsCacheHit=Yes, connectStartTimeMS=143814762, connectEndTimeMS=143814786, proxyConnectStartTimeMS=0, proxyConnectEndTimeMS=0
05-21 01:33:32.995 13997 14106 E msys    : E[N WA]_WAJMNSStreamImplUpdateStreamState(230)=>[LogLevel:I] WAJMNSStream/impl/state-changed/p=0xb40000755c3692f0 (connecting=>connected)
05-21 01:33:32.998  1658  3193 I slpi    : STK3ACX ALS_OC: lux:239.850006, last_ps:0[701], CH0:369, CH2:154, CH4:2, AWAIT:64, ACRL:52, AGAIN:48, INT1:9, INT2:0, PS:84, LED:92, flag:97, state:7, scale:325.974,als_sel:1(0)
05-21 01:33:33.016 18043 18043 W dumpsys : Thread Pool max thread count is 0. Cannot cache binder as linkToDeath cannot be implemented. serviceName: activity
05-21 01:33:33.021  1658  3193 I slpi-mot_tap : cor_sums, 91.4, 76.7, 79.3,  0.0, sigzm, 12.9, pk,  9.5, pcor, 91.4, slps, 36.4, 54.9, -32.1, *ang,   7.0, tn,  4.0, Tap 26 000000000000000000000000000000000000000000000
05-21 01:33:33.151  1658  3193 I slpi    : STK3ACX ALS_OC: lux:192.399994, last_ps:0[705], CH0:296, CH2:128, CH4:1, AWAIT:64, ACRL:52, AGAIN:48, INT1:9, INT2:0, PS:84, LED:92, flag:97, state:7, scale:325.974,als_sel:1(0)
05-21 01:33:33.156 18047 18047 W screencap: Thread Pool max thread count is 0. Cannot cache binder as linkToDeath cannot be implemented. serviceName: SurfaceFlingerAIDL
05-21 01:33:33.156 18047 18047 W BpBinder: Linking to death on android.gui.ISurfaceComposer but there are no threads (yet?) listening to incoming transactions. See ProcessState::startThreadPool and ProcessState::setThreadPoolMaxThreadCount. Generally you should setup the binder threadpool before other initialization steps.
05-21 01:33:33.156 18047 18047 W ProcessState: Extra binder thread started, but 0 threads requested. Do not use *startThreadPool when zero threads are requested.
05-21 01:33:33.158  1841  3262 E HWComposer: getLuts: getLuts failed for display 4630946747577212034: UNSUPPORTED (8)
05-21 01:33:33.185  2090  2801 I DisplayPowerController[0]: 05-21 01:33:33.184 - BrightnessEvent: brt=0.44147277 (52.0%), nits= 130.6545, lux=64.98064, reason=automatic, strat=AutomaticBrightnessStrategy, state=ON, stateReason=DEFAULT_POLICY, policy=BRIGHT, flags=, initBrt=0.33147737, rcmdBrt=0.44147277, preBrt=0.33147737, preLux=3.915, hdrNits=NaN, initNits=74.66286, preNits=74.66286, rcmdNits=130.6545, sdrToHdrRatio=NaN, hdrBrightness=NaN, brt(%)=52%, brtInt=113, hbmPolicy=normal, wasShortTermModelActive=true, autoBrightness=true (default), unclampedBrt=0.44147277, hbmMax=0.8532507, hbmMode=off, thrmMax=1.0, rbcStrength=50, powerFactor=1.0, physDisp=Pantalla integrada(local:4630946747577212034), logicalId=0, slowChange=true, rampSpeed=0.23228346
05-21 01:33:33.186  1841  3262 I SurfaceFlinger: mBrightnessDiming=1, isCli=0, mBrightnessDimingCnt=0
05-21 01:33:33.186  2090  2699 I BrightnessSynchronizer: New Update: {[4076] 0.44147277(f), mUpdatedTypes=1, mConfirmedTypes=0, mTimeUpdated=0, mState=2}
05-21 01:33:33.187  2090  2699 I BrightnessSynchronizer: [4076] New Update 0.44147277(f) set brightness values:  113(i)
05-21 01:33:33.190  2090  2699 I BrightnessSynchronizer: Swallowing update of 113(i) by update: {[4076] 0.44147277(f), mUpdatedTypes=1, mConfirmedTypes=1, mTimeUpdated=143814978, mState=2}
05-21 01:33:33.190  2090  2699 I BrightnessSynchronizer: Completed Update: {[4076] 0.44147277(f), mUpdatedTypes=1, mConfirmedTypes=1, mTimeUpdated=143814978, mState=3}
05-21 01:33:33.192  8433  9224 W MediaProvider: isAppCloneUserPair for user 0: false
05-21 01:33:33.226  2090  9812 I ImeTracker: system_server:a4ea7ea7: onRequestHide at ORIGIN_SERVER reason IME_REQUESTED_CHANGED_LISTENER fromUser false
05-21 01:33:33.227  2090  2699 I ImeTracker: system_server:a4ea7ea7: onCancelled at PHASE_SERVER_SHOULD_HIDE
05-21 01:33:33.422  2090  9812 W JobInfo : Job 'com.whatsapp/.infra.push.RegistrationIntentService#4' has a deadline with no functional constraints. The deadline won't improve job execution latency. Consider removing the deadline.
05-21 01:33:33.446 14125 14125 W fbservices:InitStatus: Not blocking Service (254499727)
05-21 01:33:33.446 14125 14125 W fbservices:InitStatus: Not blocking Service (254499727)
05-21 01:33:33.446 14125 14125 W fbservices:InitStatus: Not blocking Service (254499727)
05-21 01:33:33.472 14125 14125 W fbservices:InitStatus: Not blocking Service (254499727)
05-21 01:33:33.478 14125 14125 W fbservices:PreloadedFbnsService: service/onStart/tos_not_accepted
05-21 01:33:33.492 14125 14125 W fbservices:InitStatus: Not blocking Service (254499727)
05-21 01:33:33.492 14125 14125 W fbservices:InitStatus: Not blocking Service (254499727)
05-21 01:33:33.492 14125 14125 W fbservices:InitStatus: Not blocking Service (254499727)
05-21 01:33:33.493 13997 13997 E WakeLockMetricsCollector: Unknown wakelock modified
05-21 01:33:33.498 13997 14166 E WakeLockMetricsCollector: Unknown wakelock modified
05-21 01:33:33.744  1841  2025 I Scheduler: applyPolicy: UpdateRefreshRate 120 to 60 of group 0: [touch=0:0 touchBoost=0 scroll=0:0 idle=1:1 prr=0:0 brightnessDiming=0:0 qvrr=0:0] for display 4630946747577212034
05-21 01:33:33.745  1841  2025 I DisplayModeController: Desired transition mode changed. 120 -> 60
05-21 01:33:33.748  1841  1841 I SurfaceFlinger: initiateDisplayModeChanges changing active mode from 0(120.00 Hz:0) to 1(90.00 Hz:0) for display 4630946747577212034
05-21 01:33:33.748  1841  1841 I SurfaceFlinger: initiateDisplayModeChanges active mode changed to 1(90.00 Hz) for display 4630946747577212034. mBrightnessDimingCnt=0
05-21 01:33:33.749  1755  2013 W SDM     : HWDeviceDRM::GetSupportedBitClkRate: Requested rate not supported: 0
05-21 01:33:33.749  1755  2013 I SDM     : HWDeviceDRM::UpdateMixerAttributes: Mixer WxH 1080x2400-0 for Peripheral
05-21 01:33:33.749  1755  2013 I SDM     : HWCDisplay::SubmitDisplayConfig: Active configuration changed from config 0 to 1
05-21 01:33:33.749  1755  2957 E Dpps    : DppsServer::RunPollIteration():475 Poll iteration failed with ret -95
05-21 01:33:33.749  1755  2957 E Dpps    : DppsServer::Run():290 Poll iteration failed, ret -95
05-21 01:33:33.756  1841  1841 I SurfaceFlinger: initiateDisplayModeChanges changing active mode from 1(90.00 Hz:0) to 1(90.00 Hz:0) for display 4630946747577212034
05-21 01:33:33.772  1841  1841 I SurfaceFlinger: initiateDisplayModeChanges changing active mode from 1(90.00 Hz:0) to 2(60.00 Hz:0) for display 4630946747577212034
05-21 01:33:33.772  1841  1841 I SurfaceFlinger: initiateDisplayModeChanges active mode changed to 2(60.00 Hz) for display 4630946747577212034. mBrightnessDimingCnt=0
05-21 01:33:33.772  1755  1947 W SDM     : HWDeviceDRM::GetSupportedBitClkRate: Requested rate not supported: 0
05-21 01:33:33.772  1755  1947 I SDM     : HWDeviceDRM::UpdateMixerAttributes: Mixer WxH 1080x2400-0 for Peripheral
05-21 01:33:33.773  1755  1947 I SDM     : HWCDisplay::SubmitDisplayConfig: Active configuration changed from config 1 to 2
05-21 01:33:33.773  1755  2957 E Dpps    : DppsServer::RunPollIteration():475 Poll iteration failed with ret -95
05-21 01:33:33.773  1755  2957 E Dpps    : DppsServer::Run():290 Poll iteration failed, ret -95
05-21 01:33:33.794  1841  1841 I SurfaceFlinger: initiateDisplayModeChanges changing active mode from 2(60.00 Hz:0) to 2(60.00 Hz:0) for display 4630946747577212034
05-21 01:33:33.801  1841  2044 I SurfaceFlinger: mBrightnessDiming=0, isCli=0, mBrightnessDimingCnt=0
05-21 01:33:33.801  1841  1841 I SurfaceFlinger: Notify brightness diming event to boost refresh rate
05-21 01:33:33.802  2090  2699 I BrightnessSynchronizer: New Update: {[4077] 0.44147277(f), mUpdatedTypes=0, mConfirmedTypes=0, mTimeUpdated=0, mState=2}
05-21 01:33:34.231  2090  6219 I MotoStaCheckin: onWifiUsabilityStats, seqNum: 1850, isSameBssidAndFreq: true, RSSI: -35, isThroughputSufficient: true, LinkSpeed: 866 Mbps, RxLinkSpeed: 866 Mbps
05-21 01:33:34.231  2090  6219 I MotoStaCheckin: onWifiUsabilityStats, Duration: 2074069160, Rx Good: 5 ( PPS: 0 ), Tx Good: 13, Tx Bad: 0 ( 0 % ), Tx Retry: 3 ( 18 % ), NSS: 2, Bandwidth: 2
05-21 01:33:34.314  2090 10045 I ActivityManager: Broadcasting: Intent { act=android.intent.action.MEDIA_SCANNER_SCAN_FILE dat=file:///... flg=0x400000 }
05-21 01:33:34.315  2090 10045 I ActivityManager: Enqueued broadcast Intent { act=android.intent.action.MEDIA_SCANNER_SCAN_FILE dat=file:///... flg=0x400000 }: 0
05-21 01:33:34.318  2090  9812 W JobInfo : Job 'com.google.android.providers.media.module/com.android.providers.media.MediaService#-300' has a deadline with no functional constraints. The deadline won't improve job execution latency. Consider removing the deadline.
05-21 01:33:34.322  2090  2695 I ActivityManager: Broadcast completed: result=0
05-21 01:33:34.324  8433  9826 I MediaProvider: Begin Intent { act=android.intent.action.MEDIA_SCANNER_SCAN_FILE dat=file:///... flg=0x1400010 cmp=com.google.android.providers.media.module/com.android.providers.media.MediaService }
05-21 01:33:34.351  8433  9826 I MediaProvider: End Intent { act=android.intent.action.MEDIA_SCANNER_SCAN_FILE dat=file:///... flg=0x1400010 cmp=com.google.android.providers.media.module/com.android.providers.media.MediaService }
05-21 01:33:34.478  8433 20642 I MediaProvider: Deleted 0 1 0 0 0 0 0 items on external_primary due to com.android.shell
05-21 01:33:34.528 18084 18084 W dumpsys : Thread Pool max thread count is 0. Cannot cache binder as linkToDeath cannot be implemented. serviceName: display
05-21 01:33:34.712 18092 18092 W dumpsys : Thread Pool max thread count is 0. Cannot cache binder as linkToDeath cannot be implemented. serviceName: input
05-21 01:33:34.721  2090 10045 I system_server: AssetManager2(0xb40000764c3f6c78) locale list changing from [] to [es-US]
05-21 01:33:34.813 18097 18097 W dumpsys : Thread Pool max thread count is 0. Cannot cache binder as linkToDeath cannot be implemented. serviceName: activity
05-21 01:33:34.844  2090  2801 I DisplayPowerController[0]: 05-21 01:33:34.843 - BrightnessEvent: brt=0.475379 (56.0%), nits= 150.86893, lux=201.56349, reason=automatic, strat=AutomaticBrightnessStrategy, state=ON, stateReason=DEFAULT_POLICY, policy=BRIGHT, flags=, initBrt=0.44147277, rcmdBrt=0.475379, preBrt=0.44147277, preLux=64.98064, hdrNits=NaN, initNits=130.6545, preNits=130.6545, rcmdNits=150.86893, sdrToHdrRatio=NaN, hdrBrightness=NaN, brt(%)=56%, brtInt=122, hbmPolicy=normal, wasShortTermModelActive=true, autoBrightness=true (default), unclampedBrt=0.475379, hbmMax=0.8532507, hbmMode=off, thrmMax=1.0, rbcStrength=50, powerFactor=1.0, physDisp=Pantalla integrada(local:4630946747577212034), logicalId=0, slowChange=true, rampSpeed=0.23228346
05-21 01:33:34.844  1841  3565 I SurfaceFlinger: mBrightnessDiming=1, isCli=0, mBrightnessDimingCnt=0
05-21 01:33:34.847  2090  2699 I BrightnessSynchronizer: New Update: {[4078] 0.475379(f), mUpdatedTypes=1, mConfirmedTypes=0, mTimeUpdated=0, mState=2}
05-21 01:33:34.847  2090  2699 I BrightnessSynchronizer: [4078] New Update 0.475379(f) set brightness values:  122(i)
05-21 01:33:34.848  2090  2699 I BrightnessSynchronizer: Swallowing update of 122(i) by update: {[4078] 0.475379(f), mUpdatedTypes=1, mConfirmedTypes=1, mTimeUpdated=143816638, mState=2}
05-21 01:33:34.848  2090  2699 I BrightnessSynchronizer: Completed Update: {[4078] 0.475379(f), mUpdatedTypes=1, mConfirmedTypes=1, mTimeUpdated=143816638, mState=3}
05-21 01:33:34.865 18100 18100 W dumpsys : Thread Pool max thread count is 0. Cannot cache binder as linkToDeath cannot be implemented. serviceName: activity
05-21 01:33:34.915 18104 18104 W dumpsys : Thread Pool max thread count is 0. Cannot cache binder as linkToDeath cannot be implemented. serviceName: activity
05-21 01:33:34.965 18107 18107 W dumpsys : Thread Pool max thread count is 0. Cannot cache binder as linkToDeath cannot be implemented. serviceName: activity
05-21 01:33:35.071  1841  2044 I SurfaceFlinger: mBrightnessDiming=0, isCli=0, mBrightnessDimingCnt=0
05-21 01:33:35.072  1841  1841 I SurfaceFlinger: Notify brightness diming event to boost refresh rate
05-21 01:33:35.073  2090  2699 I BrightnessSynchronizer: New Update: {[4079] 0.475379(f), mUpdatedTypes=0, mConfirmedTypes=0, mTimeUpdated=0, mState=2}
05-21 01:33:35.113 18110 18110 W screencap: Thread Pool max thread count is 0. Cannot cache binder as linkToDeath cannot be implemented. serviceName: SurfaceFlingerAIDL
05-21 01:33:35.113 18110 18110 W BpBinder: Linking to death on android.gui.ISurfaceComposer but there are no threads (yet?) listening to incoming transactions. See ProcessState::startThreadPool and ProcessState::setThreadPoolMaxThreadCount. Generally you should setup the binder threadpool before other initialization steps.
05-21 01:33:35.114 18110 18110 W ProcessState: Extra binder thread started, but 0 threads requested. Do not use *startThreadPool when zero threads are requested.
05-21 01:33:35.115  1841  2044 E HWComposer: getLuts: getLuts failed for display 4630946747577212034: UNSUPPORTED (8)
05-21 01:33:35.151  8433 20643 W MediaProvider: isAppCloneUserPair for user 0: false
05-21 01:33:35.870  8433 29821 I PSyncWorker: Starting proactive picker sync from sync source: 1
05-21 01:33:35.871  8433 29821 I PickerSyncTracker: Created new sync future java.util.concurrent.CompletableFuture@b9fce43[Not completed, 1 dependents]. Future map: {ffe982d0-e609-4dd2-af4f-fbab41f3e745=java.util.concurrent.CompletableFuture@b9fce43[Not completed, 1 dependents]}
05-21 01:33:35.873  8433 29821 I PickerSyncController: Executing SyncAdd. isLocal: true. authority: com.android.providers.media.photopicker
05-21 01:33:35.879  8433 29821 I PickerSyncController: Paged sync successful. QueryArgs: Bundle[{android.provider.extra.SYNC_GENERATION=4398, android.provider.extra.PAGE_SIZE=1000}] Total Rows: 0
05-21 01:33:35.879  8433 29821 I PickerSyncController: Executing SyncRemove. isLocal: true. authority: com.android.providers.media.photopicker
05-21 01:33:35.880  8433 29821 E PickerDbFacade: Could not get first date taken millis for media id: 1000000509
05-21 01:33:35.881  8433 29821 W PickerDbFacade: Unable to promote cloud media with localId: 1000000509
05-21 01:33:35.884  8433 29821 I PickerSyncController: Paged sync successful. QueryArgs: Bundle[{android.provider.extra.SYNC_GENERATION=4398, android.provider.extra.PAGE_SIZE=1000}] Total Rows: 0
05-21 01:33:35.884  8433 29821 I PickerSyncTracker: Marked sync future complete for work id: ffe982d0-e609-4dd2-af4f-fbab41f3e745. Future map: {}
05-21 01:33:35.884  8433 29821 I PSyncWorker: Completed picker proactive sync complete from local provider.
05-21 01:33:35.886  8433  9153 I WM-WorkerWrapper: Worker result SUCCESS for Work [ id=ffe982d0-e609-4dd2-af4f-fbab41f3e745, tags={ com.android.providers.media.photopicker.sync.ProactiveSyncWorker } ]
05-21 01:33:36.259  2090 10045 I ActivityManager: Broadcasting: Intent { act=android.intent.action.MEDIA_SCANNER_SCAN_FILE dat=file:///... flg=0x400000 }
05-21 01:33:36.262  2090 10045 I ActivityManager: Enqueued broadcast Intent { act=android.intent.action.MEDIA_SCANNER_SCAN_FILE dat=file:///... flg=0x400000 }: 0
05-21 01:33:36.264  2090  3175 W JobInfo : Job 'com.google.android.providers.media.module/com.android.providers.media.MediaService#-300' has a deadline with no functional constraints. The deadline won't improve job execution latency. Consider removing the deadline.
05-21 01:33:36.271  2090  2695 I ActivityManager: Broadcast completed: result=0
05-21 01:33:36.273  8433  9826 I MediaProvider: Begin Intent { act=android.intent.action.MEDIA_SCANNER_SCAN_FILE dat=file:///... flg=0x1400010 cmp=com.google.android.providers.media.module/com.android.providers.media.MediaService }
05-21 01:33:36.290  8433  9826 I MediaProvider: End Intent { act=android.intent.action.MEDIA_SCANNER_SCAN_FILE dat=file:///... flg=0x1400010 cmp=com.google.android.providers.media.module/com.android.providers.media.MediaService }
05-21 01:33:36.425  8433  9884 I MediaProvider: Deleted 0 1 0 0 0 0 0 items on external_primary due to com.android.shell
05-21 01:33:36.471 18122 18122 W dumpsys : Thread Pool max thread count is 0. Cannot cache binder as linkToDeath cannot be implemented. serviceName: display
05-21 01:33:36.663 18132 18132 W dumpsys : Thread Pool max thread count is 0. Cannot cache binder as linkToDeath cannot be implemented. serviceName: input
05-21 01:33:36.770 18137 18137 W dumpsys : Thread Pool max thread count is 0. Cannot cache binder as linkToDeath cannot be implemented. serviceName: activity
05-21 01:33:36.830 18140 18140 W dumpsys : Thread Pool max thread count is 0. Cannot cache binder as linkToDeath cannot be implemented. serviceName: activity
05-21 01:33:36.894 18143 18143 W dumpsys : Thread Pool max thread count is 0. Cannot cache binder as linkToDeath cannot be implemented. serviceName: activity
05-21 01:33:36.935 18146 18146 W dumpsys : Thread Pool max thread count is 0. Cannot cache binder as linkToDeath cannot be implemented. serviceName: activity
05-21 01:33:37.082 18149 18149 W screencap: Thread Pool max thread count is 0. Cannot cache binder as linkToDeath cannot be implemented. serviceName: SurfaceFlingerAIDL
05-21 01:33:37.083 18149 18149 W BpBinder: Linking to death on android.gui.ISurfaceComposer but there are no threads (yet?) listening to incoming transactions. See ProcessState::startThreadPool and ProcessState::setThreadPoolMaxThreadCount. Generally you should setup the binder threadpool before other initialization steps.
05-21 01:33:37.083 18149 18149 W ProcessState: Extra binder thread started, but 0 threads requested. Do not use *startThreadPool when zero threads are requested.
05-21 01:33:37.085  1841  2044 E HWComposer: getLuts: getLuts failed for display 4630946747577212034: UNSUPPORTED (8)
05-21 01:33:37.117  8433  9224 W MediaProvider: isAppCloneUserPair for user 0: false
05-21 01:33:37.248  2090  6219 I MotoStaCheckin: onWifiUsabilityStats, seqNum: 1851, isSameBssidAndFreq: true, RSSI: -36, isThroughputSufficient: true, LinkSpeed: 866 Mbps, RxLinkSpeed: 866 Mbps
05-21 01:33:37.248  2090  6219 I MotoStaCheckin: onWifiUsabilityStats, Duration: 2074072177, Rx Good: 0 ( PPS: 0 ), Tx Good: 0, Tx Bad: 0 ( 0 % ), Tx Retry: 0 ( 0 % ), NSS: 2, Bandwidth: 2
05-21 01:33:37.257 13141 17922 I NearbyMediums: No BLE Fast/GATT advertisements found in the latest cycle.
05-21 01:33:37.257 13141 17922 I NearbyMediums: Current Tracked Scanning Clients are : {NearbyConnections.EnvironmentMonitor, NearbySharing, NearbyConnections.TxAdvertisement}
05-21 01:33:37.810  8433 24175 I PSyncWorker: Starting proactive picker sync from sync source: 1
05-21 01:33:37.810  8433 24175 I PickerSyncTracker: Created new sync future java.util.concurrent.CompletableFuture@3707331[Not completed, 1 dependents]. Future map: {986642a6-50f1-472c-a016-26b2fcc41b20=java.util.concurrent.CompletableFuture@3707331[Not completed, 1 dependents]}
05-21 01:33:37.811  8433 24175 I PickerSyncController: Executing SyncAdd. isLocal: true. authority: com.android.providers.media.photopicker
05-21 01:33:37.814  8433 24175 I PickerSyncController: Paged sync successful. QueryArgs: Bundle[{android.provider.extra.SYNC_GENERATION=4410, android.provider.extra.PAGE_SIZE=1000}] Total Rows: 0
05-21 01:33:37.814  8433 24175 I PickerSyncController: Executing SyncRemove. isLocal: true. authority: com.android.providers.media.photopicker
05-21 01:33:37.815  8433 24175 E PickerDbFacade: Could not get first date taken millis for media id: 1000000510
05-21 01:33:37.815  8433 24175 W PickerDbFacade: Unable to promote cloud media with localId: 1000000510
05-21 01:33:37.816  8433 24175 I PickerSyncController: Paged sync successful. QueryArgs: Bundle[{android.provider.extra.SYNC_GENERATION=4410, android.provider.extra.PAGE_SIZE=1000}] Total Rows: 0
05-21 01:33:37.817  8433 24175 I PickerSyncTracker: Marked sync future complete for work id: 986642a6-50f1-472c-a016-26b2fcc41b20. Future map: {}
05-21 01:33:37.817  8433 24175 I PSyncWorker: Completed picker proactive sync complete from local provider.
05-21 01:33:37.818  8433  9153 I WM-WorkerWrapper: Worker result SUCCESS for Work [ id=986642a6-50f1-472c-a016-26b2fcc41b20, tags={ com.android.providers.media.photopicker.sync.ProactiveSyncWorker } ]
05-21 01:33:38.242  2090 10045 I ActivityManager: Broadcasting: Intent { act=android.intent.action.MEDIA_SCANNER_SCAN_FILE dat=file:///... flg=0x400000 }
05-21 01:33:38.243  2090 10045 I ActivityManager: Enqueued broadcast Intent { act=android.intent.action.MEDIA_SCANNER_SCAN_FILE dat=file:///... flg=0x400000 }: 0
05-21 01:33:38.246  2090 10000 W JobInfo : Job 'com.google.android.providers.media.module/com.android.providers.media.MediaService#-300' has a deadline with no functional constraints. The deadline won't improve job execution latency. Consider removing the deadline.
05-21 01:33:38.256  2090  2695 I ActivityManager: Broadcast completed: result=0
05-21 01:33:38.258  8433  9826 I MediaProvider: Begin Intent { act=android.intent.action.MEDIA_SCANNER_SCAN_FILE dat=file:///... flg=0x1400010 cmp=com.google.android.providers.media.module/com.android.providers.media.MediaService }
05-21 01:33:38.277  8433  9826 I MediaProvider: End Intent { act=android.intent.action.MEDIA_SCANNER_SCAN_FILE dat=file:///... flg=0x1400010 cmp=com.google.android.providers.media.module/com.android.providers.media.MediaService }
05-21 01:33:38.395  8433 20642 I MediaProvider: Deleted 0 1 0 0 0 0 0 items on external_primary due to com.android.shell
05-21 01:33:38.407  4740 25002 I QImsService: VtDataUsageProvider : onSetAlert:2097152
05-21 01:33:38.408  4740  4740 I QImsService: ImsServiceClassTracker : updateAlertQuota:newQuota=2097152,Remaining=2097152
05-21 01:33:38.433 18163 18163 W dumpsys : Thread Pool max thread count is 0. Cannot cache binder as linkToDeath cannot be implemented. serviceName: display
05-21 01:33:38.629 18171 18171 W dumpsys : Thread Pool max thread count is 0. Cannot cache binder as linkToDeath cannot be implemented. serviceName: input
05-21 01:33:38.746  2090 10000 W ActivityTaskManager: callingPackage for (uid=2000, pid=18180) has no WPC
05-21 01:33:38.747  2090 10000 I SettingsAccessControlPolicy: isDeviceSettingsChangeDisabled: value -> false
05-21 01:33:38.749  2090 10000 W OptProp : Cannot read opt property android.window.PROPERTY_COMPAT_ALLOW_RESIZEABLE_ACTIVITY_OVERRIDES
05-21 01:33:38.749  2090 10000 W OptProp : Cannot read opt property android.window.PROPERTY_COMPAT_ALLOW_MIN_ASPECT_RATIO_OVERRIDE
05-21 01:33:38.751  1763  1848 E ANDR-PERF-LM: LightningLaunches: checkRelearningTrigger() 817: launchCount  Retrigger 15
05-21 01:33:38.757  2090 10000 W OptProp : Cannot read opt property android.window.PROPERTY_COMPAT_ALLOW_ORIENTATION_OVERRIDE
05-21 01:33:38.757  1841  2025 I Scheduler: applyPolicy: UpdateRefreshRate 60 to 120 of group 0: [touch=0:0 touchBoost=0 scroll=0:0 idle=0:0 prr=0:0 brightnessDiming=0:0 qvrr=0:0] for display 4630946747577212034
05-21 01:33:38.759  1841  2025 I DisplayModeController: Desired transition mode changed. 60 -> 120
05-21 01:33:38.765  2090 10000 I ActivityTaskManager: START u0 {act=android.intent.action.MAIN cat=[android.intent.category.LAUNCHER] flg=0x10000000 xflg=0x4 cmp=com.example.musicapp/.MainActivity} with LAUNCH_MULTIPLE from uid 2000 (startActivityAsUser) (BAL_ALLOW_PERMISSION) result code=0
05-21 01:33:38.765  4485  4574 I ndroid.systemui: AssetManager2(0xb40000764c2ae758) locale list changing from [] to [es-US]
05-21 01:33:38.766  1763  1847 E ANDR-PERF-RESOURCEQS: Resource value ffffffff is not supported
05-21 01:33:38.766 15940 15940 W SplitSelectStateCtor: Missing session instanceIds
05-21 01:33:38.769  2090  4882 I AppsFilter: interaction: PackageSetting{969c7fe com.habitrpg.android.habitica.debug/10036} -> PackageSetting{dadaf5e com.example.musicapp/10399} BLOCKED
05-21 01:33:38.769  2090  4882 I AppsFilter: interaction: PackageSetting{75eef51 io.github.ylimit.droidbotapp/10403} -> PackageSetting{dadaf5e com.example.musicapp/10399} BLOCKED
05-21 01:33:38.769  2090  4882 I AppsFilter: interaction: PackageSetting{496660a com.oem.euiccpartnerapp/10228} -> PackageSetting{dadaf5e com.example.musicapp/10399} BLOCKED
05-21 01:33:38.775 15940 15940 I TopTaskTracker: onTaskMovedToFront: (moved taskInfo to front) taskId=242, baseIntent=Intent { act=android.intent.action.MAIN cat=[android.intent.category.LAUNCHER] flg=0x10000000 cmp=com.example.musicapp/.MainActivity }
05-21 01:33:38.782  2090  2699 W ProcessStats: Tracking association SourceState{f7d3f com.android.phone/1001 BFgs #276090} whose proc state 4 is better than process ProcessState{40f9bde com.google.android.euicc/10177 pkg=com.google.android.euicc} proc state 14 (11 skipped)
05-21 01:33:38.783  2090  3284 I system_server: AssetManager2(0xb40000764c2d8418) locale list changing from [] to [es-US]
05-21 01:33:38.783  1841  1841 I BpBinder: onLastStrongRef automatically unlinking death recipients: 
05-21 01:33:38.783  1841  1841 I SurfaceFlinger: initiateDisplayModeChanges changing active mode from 2(60.00 Hz:0) to 1(90.00 Hz:0) for display 4630946747577212034
05-21 01:33:38.783  1841  1841 I SurfaceFlinger: initiateDisplayModeChanges active mode changed to 1(90.00 Hz) for display 4630946747577212034. mBrightnessDimingCnt=0
05-21 01:33:38.784  1755  2013 W SDM     : HWDeviceDRM::GetSupportedBitClkRate: Requested rate not supported: 0
05-21 01:33:38.784  1755  2013 I SDM     : HWDeviceDRM::UpdateMixerAttributes: Mixer WxH 1080x2400-0 for Peripheral
05-21 01:33:38.785  1755  2013 I SDM     : HWCDisplay::SubmitDisplayConfig: Active configuration changed from config 2 to 1
05-21 01:33:38.785  1755  2957 E Dpps    : DppsServer::RunPollIteration():475 Poll iteration failed with ret -95
05-21 01:33:38.785  1755  2957 E Dpps    : DppsServer::Run():290 Poll iteration failed, ret -95
05-21 01:33:38.787  2090  3284 I system_server: AssetManager2(0xb40000764c309798) locale list changing from [] to [es-US]
05-21 01:33:38.789  2090  2717 I ActivityManager: Start proc 18186:com.example.musicapp/u0a399 for next-top-activity {com.example.musicapp/com.example.musicapp.MainActivity}
05-21 01:33:38.789  2090  2717 I ActivityManager: ProcessObserver broadcast disabled
05-21 01:33:38.792  2090  3284 I system_server: AssetManager2(0xb40000764c2bbef8) locale list changing from [] to [es-US]
05-21 01:33:38.793  2090  3284 I system_server: AssetManager2(0xb40000764c26ae18) locale list changing from [] to [es-US]
05-21 01:33:38.801 18186 18186 I xample.musicapp: Late-enabling -Xcheck:jni
05-21 01:33:38.817  1841  1841 I SurfaceFlinger: initiateDisplayModeChanges changing active mode from 1(90.00 Hz:0) to 1(90.00 Hz:0) for display 4630946747577212034
05-21 01:33:38.823 18186 18186 I xample.musicapp: Using CollectorTypeCMC GC.
05-21 01:33:38.826 30053 30058 I adbd    : jdwp connection from 18186
05-21 01:33:38.833  1841  1841 I SurfaceFlinger: initiateDisplayModeChanges changing active mode from 1(90.00 Hz:0) to 0(120.00 Hz:0) for display 4630946747577212034
05-21 01:33:38.833  1841  1841 I SurfaceFlinger: initiateDisplayModeChanges active mode changed to 0(120.00 Hz) for display 4630946747577212034. mBrightnessDimingCnt=0
05-21 01:33:38.834  1755  2013 W SDM     : HWDeviceDRM::GetSupportedBitClkRate: Requested rate not supported: 0
05-21 01:33:38.834  1755  2013 I SDM     : HWDeviceDRM::UpdateMixerAttributes: Mixer WxH 1080x2400-0 for Peripheral
05-21 01:33:38.835  1755  2013 I SDM     : HWCDisplay::SubmitDisplayConfig: Active configuration changed from config 1 to 0
05-21 01:33:38.835  1755  2957 E Dpps    : DppsServer::RunPollIteration():475 Poll iteration failed with ret -95
05-21 01:33:38.835  1755  2957 E Dpps    : DppsServer::Run():290 Poll iteration failed, ret -95
05-21 01:33:38.845  2090  4882 E PayJoyAccessService: activity resuming com.example.musicapp
05-21 01:33:38.850  1841  1841 I Scheduler: onDisplayModeChanged: [0 120 0x0]
05-21 01:33:38.851  1841  1841 I SurfaceFlinger: initiateDisplayModeChanges changing active mode from 0(120.00 Hz:0) to 0(120.00 Hz:0) for display 4630946747577212034
05-21 01:33:38.853  2090  4680 I ModeMonitor: TOP: Uid:10283, Name:com.motorola.launcher3, Top:false , App is top:false
05-21 01:33:38.854  2090  4680 E ModeMonitor: It has no background voice app to use wifi data
05-21 01:33:38.854  2090  4680 I ModeMonitor: TOP: Uid:10399, Name:com.example.musicapp, Top:true , App is top:true
05-21 01:33:38.861  1841  1841 I RefreshRateSelector: Display 4630946747577212034 policy changed
05-21 01:33:38.861  1841  1841 I RefreshRateSelector: Previous: {defaultModeId=0, allowGroupSwitching=false, primaryRanges={physical=[60.00 Hz, 120.00 Hz], render=[60.00 Hz, 120.00 Hz]}, appRequestRanges={physical=[0.00 Hz, 120.00 Hz], render=[0.00 Hz, 120.00 Hz]} idleScreenConfig=nullptr}
05-21 01:33:38.861  1841  1841 I RefreshRateSelector: Current:  DisplayManagerPolicy{defaultModeId=0, allowGroupSwitching=false, primaryRanges={physical=[60.00 Hz, 120.00 Hz], render=[60.00 Hz, 60.00 Hz]}, appRequestRanges={physical=[0.00 Hz, 120.00 Hz], render=[0.00 Hz, 120.00 Hz]} idleScreenConfig=nullptr}
05-21 01:33:38.861  1841  1841 I RefreshRateSelector: 6 mode changes were performed under the previous policy
05-21 01:33:38.862  1841  1841 I Scheduler: onDisplayModeChanged: [0 120 0x0]
05-21 01:33:38.862  1841  1841 I Scheduler: getPreferredDisplayMode: UpdateRefreshRate 120 to 60 of group 0: [touch=0 scroll=0 idle=0 prr=0 brightnessDiming=0] for display 4630946747577212034
05-21 01:33:38.862  1841  1841 I SurfaceFlinger: Switching to Scheduler preferred mode 2 (60.00 Hz) for display 4630946747577212034
05-21 01:33:38.862  1841  1841 I DisplayModeController: Desired transition mode changed. 120 -> 60
05-21 01:33:38.865  1841  1841 I SurfaceFlinger: initiateDisplayModeChanges changing active mode from 0(120.00 Hz:0) to 1(90.00 Hz:0) for display 4630946747577212034
05-21 01:33:38.865  1841  1841 I SurfaceFlinger: initiateDisplayModeChanges active mode changed to 1(90.00 Hz) for display 4630946747577212034. mBrightnessDimingCnt=0
05-21 01:33:38.866  1755  2013 W SDM     : HWDeviceDRM::GetSupportedBitClkRate: Requested rate not supported: 0
05-21 01:33:38.866  1755  2013 I SDM     : HWDeviceDRM::UpdateMixerAttributes: Mixer WxH 1080x2400-0 for Peripheral
05-21 01:33:38.867  1755  2013 I SDM     : HWCDisplay::SubmitDisplayConfig: Active configuration changed from config 0 to 1
05-21 01:33:38.867  1755  2957 E Dpps    : DppsServer::RunPollIteration():475 Poll iteration failed with ret -95
05-21 01:33:38.867  1755  2957 E Dpps    : DppsServer::Run():290 Poll iteration failed, ret -95
